Apache Maven 3.9.16 (2bdd9fddda4b155ebf8000e807eb73fd829a51d5)
Maven home: C:\Users\jorge\.m2\wrapper\dists\apache-maven-3.9.16\0daed3be3ebd1c706f0e69e8b07c6b73f5cc4ea3dfce72a8d0ec2e849ca2ddb0
Java version: 17.0.12, vendor: Oracle Corporation, runtime: C:\Program Files\Java\jdk-17
Default locale: en_US, platform encoding: Cp1252
OS name: "windows 11", version: "10.0", arch: "amd64", family: "windows"
[DEBUG] Created new class realm maven.api
[DEBUG] Importing foreign packages into class realm maven.api
[DEBUG]   Imported: javax.annotation.* < plexus.core
[DEBUG]   Imported: javax.annotation.security.* < plexus.core
[DEBUG]   Imported: javax.inject.* < plexus.core
[DEBUG]   Imported: org.apache.maven.* < plexus.core
[DEBUG]   Imported: org.apache.maven.artifact < plexus.core
[DEBUG]   Imported: org.apache.maven.classrealm < plexus.core
[DEBUG]   Imported: org.apache.maven.cli < plexus.core
[DEBUG]   Imported: org.apache.maven.configuration < plexus.core
[DEBUG]   Imported: org.apache.maven.exception < plexus.core
[DEBUG]   Imported: org.apache.maven.execution < plexus.core
[DEBUG]   Imported: org.apache.maven.execution.scope < plexus.core
[DEBUG]   Imported: org.apache.maven.graph < plexus.core
[DEBUG]   Imported: org.apache.maven.lifecycle < plexus.core
[DEBUG]   Imported: org.apache.maven.model < plexus.core
[DEBUG]   Imported: org.apache.maven.monitor < plexus.core
[DEBUG]   Imported: org.apache.maven.plugin < plexus.core
[DEBUG]   Imported: org.apache.maven.profiles < plexus.core
[DEBUG]   Imported: org.apache.maven.project < plexus.core
[DEBUG]   Imported: org.apache.maven.reporting < plexus.core
[DEBUG]   Imported: org.apache.maven.repository < plexus.core
[DEBUG]   Imported: org.apache.maven.rtinfo < plexus.core
[DEBUG]   Imported: org.apache.maven.settings < plexus.core
[DEBUG]   Imported: org.apache.maven.toolchain < plexus.core
[DEBUG]   Imported: org.apache.maven.usability < plexus.core
[DEBUG]   Imported: org.apache.maven.wagon.* < plexus.core
[DEBUG]   Imported: org.apache.maven.wagon.authentication < plexus.core
[DEBUG]   Imported: org.apache.maven.wagon.authorization < plexus.core
[DEBUG]   Imported: org.apache.maven.wagon.events < plexus.core
[DEBUG]   Imported: org.apache.maven.wagon.observers < plexus.core
[DEBUG]   Imported: org.apache.maven.wagon.proxy < plexus.core
[DEBUG]   Imported: org.apache.maven.wagon.repository < plexus.core
[DEBUG]   Imported: org.apache.maven.wagon.resource < plexus.core
[DEBUG]   Imported: org.codehaus.classworlds < plexus.core
[DEBUG]   Imported: org.codehaus.plexus.* < plexus.core
[DEBUG]   Imported: org.codehaus.plexus.classworlds < plexus.core
[DEBUG]   Imported: org.codehaus.plexus.component < plexus.core
[DEBUG]   Imported: org.codehaus.plexus.configuration < plexus.core
[DEBUG]   Imported: org.codehaus.plexus.container < plexus.core
[DEBUG]   Imported: org.codehaus.plexus.context < plexus.core
[DEBUG]   Imported: org.codehaus.plexus.lifecycle < plexus.core
[DEBUG]   Imported: org.codehaus.plexus.logging < plexus.core
[DEBUG]   Imported: org.codehaus.plexus.personality < plexus.core
[DEBUG]   Imported: org.codehaus.plexus.util.xml.Xpp3Dom < plexus.core
[DEBUG]   Imported: org.codehaus.plexus.util.xml.pull.XmlPullParser < plexus.core
[DEBUG]   Imported: org.codehaus.plexus.util.xml.pull.XmlPullParserException < plexus.core
[DEBUG]   Imported: org.codehaus.plexus.util.xml.pull.XmlSerializer < plexus.core
[DEBUG]   Imported: org.eclipse.aether.* < plexus.core
[DEBUG]   Imported: org.eclipse.aether.artifact < plexus.core
[DEBUG]   Imported: org.eclipse.aether.collection < plexus.core
[DEBUG]   Imported: org.eclipse.aether.deployment < plexus.core
[DEBUG]   Imported: org.eclipse.aether.graph < plexus.core
[DEBUG]   Imported: org.eclipse.aether.impl < plexus.core
[DEBUG]   Imported: org.eclipse.aether.installation < plexus.core
[DEBUG]   Imported: org.eclipse.aether.internal.impl < plexus.core
[DEBUG]   Imported: org.eclipse.aether.metadata < plexus.core
[DEBUG]   Imported: org.eclipse.aether.repository < plexus.core
[DEBUG]   Imported: org.eclipse.aether.resolution < plexus.core
[DEBUG]   Imported: org.eclipse.aether.spi < plexus.core
[DEBUG]   Imported: org.eclipse.aether.transfer < plexus.core
[DEBUG]   Imported: org.eclipse.aether.util < plexus.core
[DEBUG]   Imported: org.eclipse.aether.version < plexus.core
[DEBUG]   Imported: org.fusesource.jansi.* < plexus.core
[DEBUG]   Imported: org.slf4j.* < plexus.core
[DEBUG]   Imported: org.slf4j.event.* < plexus.core
[DEBUG]   Imported: org.slf4j.helpers.* < plexus.core
[DEBUG]   Imported: org.slf4j.spi.* < plexus.core
[DEBUG] Populating class realm maven.api
[DEBUG] Created adapter factory; available factories [file-lock, rwlock-local, semaphore-local, noop]; available name mappers [discriminating, file-gaecv, file-gav, file-hgaecv, file-hgav, file-static, gaecv, gav, static]
[INFO] Error stacktraces are turned on.
[DEBUG] Message scheme: color
[DEBUG] Message styles: debug info warning error success failure strong mojo project
[DEBUG] Reading global settings from C:\Users\jorge\.m2\wrapper\dists\apache-maven-3.9.16\0daed3be3ebd1c706f0e69e8b07c6b73f5cc4ea3dfce72a8d0ec2e849ca2ddb0\conf\settings.xml
[DEBUG] Reading user settings from C:\Users\jorge\.m2\settings.xml
[DEBUG] Reading global toolchains from C:\Users\jorge\.m2\wrapper\dists\apache-maven-3.9.16\0daed3be3ebd1c706f0e69e8b07c6b73f5cc4ea3dfce72a8d0ec2e849ca2ddb0\conf\toolchains.xml
[DEBUG] Reading user toolchains from C:\Users\jorge\.m2\toolchains.xml
[DEBUG] Using local repository at C:\Users\jorge\.m2\repository
[DEBUG] Using manager EnhancedLocalRepositoryManager with priority 10.0 for C:\Users\jorge\.m2\repository
[INFO] Scanning for projects...
[DEBUG] Creating adapter using nameMapper 'gaecv' and factory 'rwlock-local'
[DEBUG] Extension realms for project com.example:bank:jar:0.0.1-SNAPSHOT: (none)
[DEBUG] Looking up lifecycle mappings for packaging jar from ClassRealm[plexus.core, parent: null]
[DEBUG] Extension realms for project org.springframework.boot:spring-boot-starter-parent:pom:4.1.1: (none)
[DEBUG] Looking up lifecycle mappings for packaging pom from ClassRealm[plexus.core, parent: null]
[DEBUG] Extension realms for project org.springframework.boot:spring-boot-dependencies:pom:4.1.1: (none)
[DEBUG] Looking up lifecycle mappings for packaging pom from ClassRealm[plexus.core, parent: null]
[DEBUG] === REACTOR BUILD PLAN ================================================
[DEBUG] Project: com.example:bank:jar:0.0.1-SNAPSHOT
[DEBUG] Tasks:   [test]
[DEBUG] Style:   Regular
[DEBUG] =======================================================================
[INFO] 
[INFO] --------------------------< com.example:bank >--------------------------
[INFO] Building  0.0.1-SNAPSHOT
[INFO]   from pom.xml
[INFO] --------------------------------[ jar ]---------------------------------
[DEBUG] Lifecycle clean -> [pre-clean, clean, post-clean]
[DEBUG] Lifecycle default -> [validate, initialize, generate-sources, process-sources, generate-resources, process-resources, compile, process-classes, generate-test-sources, process-test-sources, generate-test-resources, process-test-resources, test-compile, process-test-classes, test, prepare-package, package, pre-integration-test, integration-test, post-integration-test, verify, install, deploy]
[DEBUG] Lifecycle site -> [pre-site, site, post-site, site-deploy]
[DEBUG] Lifecycle clean -> [pre-clean, clean, post-clean]
[DEBUG] Lifecycle default -> [validate, initialize, generate-sources, process-sources, generate-resources, process-resources, compile, process-classes, generate-test-sources, process-test-sources, generate-test-resources, process-test-resources, test-compile, process-test-classes, test, prepare-package, package, pre-integration-test, integration-test, post-integration-test, verify, install, deploy]
[DEBUG] Lifecycle site -> [pre-site, site, post-site, site-deploy]
[DEBUG] Lifecycle clean -> [pre-clean, clean, post-clean]
[DEBUG] Lifecycle default -> [validate, initialize, generate-sources, process-sources, generate-resources, process-resources, compile, process-classes, generate-test-sources, process-test-sources, generate-test-resources, process-test-resources, test-compile, process-test-classes, test, prepare-package, package, pre-integration-test, integration-test, post-integration-test, verify, install, deploy]
[DEBUG] Lifecycle site -> [pre-site, site, post-site, site-deploy]
[DEBUG] Lifecycle clean -> [pre-clean, clean, post-clean]
[DEBUG] Lifecycle default -> [validate, initialize, generate-sources, process-sources, generate-resources, process-resources, compile, process-classes, generate-test-sources, process-test-sources, generate-test-resources, process-test-resources, test-compile, process-test-classes, test, prepare-package, package, pre-integration-test, integration-test, post-integration-test, verify, install, deploy]
[DEBUG] Lifecycle site -> [pre-site, site, post-site, site-deploy]
[DEBUG] Lifecycle clean -> [pre-clean, clean, post-clean]
[DEBUG] Lifecycle default -> [validate, initialize, generate-sources, process-sources, generate-resources, process-resources, compile, process-classes, generate-test-sources, process-test-sources, generate-test-resources, process-test-resources, test-compile, process-test-classes, test, prepare-package, package, pre-integration-test, integration-test, post-integration-test, verify, install, deploy]
[DEBUG] Lifecycle site -> [pre-site, site, post-site, site-deploy]
[DEBUG] Lifecycle clean -> [pre-clean, clean, post-clean]
[DEBUG] Lifecycle default -> [validate, initialize, generate-sources, process-sources, generate-resources, process-resources, compile, process-classes, generate-test-sources, process-test-sources, generate-test-resources, process-test-resources, test-compile, process-test-classes, test, prepare-package, package, pre-integration-test, integration-test, post-integration-test, verify, install, deploy]
[DEBUG] Lifecycle site -> [pre-site, site, post-site, site-deploy]
[DEBUG] === PROJECT BUILD PLAN ================================================
[DEBUG] Project:       com.example:bank:0.0.1-SNAPSHOT
[DEBUG] Dependencies (collect): []
[DEBUG] Dependencies (resolve): [compile, test]
[DEBUG] Repositories (dependencies): [central (https://repo.maven.apache.org/maven2, default, releases)]
[DEBUG] Repositories (plugins)     : [central (https://repo.maven.apache.org/maven2, default, releases)]
[DEBUG] -----------------------------------------------------------------------
[DEBUG] Goal:          org.apache.maven.plugins:maven-resources-plugin:3.5.0:resources (default-resources)
[DEBUG] Style:         Regular
[DEBUG] Configuration: <?xml version="1.0" encoding="UTF-8"?>
<configuration>
  <addDefaultExcludes default-value="true"/>
  <buildFilters default-value="${project.build.filters}"/>
  <delimiters>
    <delimiter>@</delimiter>
  </delimiters>
  <encoding default-value="${project.build.sourceEncoding}"/>
  <escapeWindowsPaths default-value="true"/>
  <fileNameFiltering default-value="false"/>
  <includeEmptyDirs default-value="false"/>
  <outputDirectory default-value="${project.build.outputDirectory}"/>
  <overwrite default-value="false"/>
  <project default-value="${project}"/>
  <propertiesEncoding>UTF-8</propertiesEncoding>
  <resources default-value="${project.resources}"/>
  <session default-value="${session}"/>
  <skip default-value="false">${maven.resources.skip}</skip>
  <supportMultiLineFiltering default-value="false"/>
  <useBuildFilters default-value="true"/>
  <useDefaultDelimiters default-value="true">false</useDefaultDelimiters>
</configuration>
[DEBUG] -----------------------------------------------------------------------
[DEBUG] Goal:          org.apache.maven.plugins:maven-compiler-plugin:3.15.0:compile (default-compile)
[DEBUG] Style:         Regular
[DEBUG] Configuration: <?xml version="1.0" encoding="UTF-8"?>
<configuration>
  <annotationProcessorPaths>
    <path>
      <groupId>org.projectlombok</groupId>
      <artifactId>lombok</artifactId>
    </path>
  </annotationProcessorPaths>
  <annotationProcessorPathsUseDepMgmt default-value="false"/>
  <basedir default-value="${basedir}"/>
  <buildDirectory default-value="${project.build.directory}"/>
  <compilePath default-value="${project.compileClasspathElements}"/>
  <compileSourceRoots default-value="${project.compileSourceRoots}"/>
  <compilerId default-value="javac">${maven.compiler.compilerId}</compilerId>
  <compilerReuseStrategy default-value="${reuseCreated}">${maven.compiler.compilerReuseStrategy}</compilerReuseStrategy>
  <compilerVersion>${maven.compiler.compilerVersion}</compilerVersion>
  <createMissingPackageInfoClass default-value="true">${maven.compiler.createMissingPackageInfoClass}</createMissingPackageInfoClass>
  <debug default-value="true">${maven.compiler.debug}</debug>
  <debugFileName default-value="javac"/>
  <debuglevel>${maven.compiler.debuglevel}</debuglevel>
  <enablePreview default-value="false">${maven.compiler.enablePreview}</enablePreview>
  <encoding default-value="${project.build.sourceEncoding}">${encoding}</encoding>
  <executable>${maven.compiler.executable}</executable>
  <failOnError default-value="true">${maven.compiler.failOnError}</failOnError>
  <failOnWarning default-value="false">${maven.compiler.failOnWarning}</failOnWarning>
  <fileExtensions default-value="class,jar"/>
  <forceJavacCompilerUse default-value="false">${maven.compiler.forceJavacCompilerUse}</forceJavacCompilerUse>
  <forceLegacyJavacApi default-value="false">${maven.compiler.forceLegacyJavacApi}</forceLegacyJavacApi>
  <fork default-value="false">${maven.compiler.fork}</fork>
  <generatedSourcesDirectory default-value="${project.build.directory}/generated-sources/annotations"/>
  <implicit>${maven.compiler.implicit}</implicit>
  <maxmem>${maven.compiler.maxmem}</maxmem>
  <meminitial>${maven.compiler.meminitial}</meminitial>
  <moduleVersion default-value="${project.version}">${maven.compiler.moduleVersion}</moduleVersion>
  <mojoExecution default-value="${mojoExecution}"/>
  <optimize default-value="false">${maven.compiler.optimize}</optimize>
  <outputDirectory default-value="${project.build.outputDirectory}">${maven.compiler.outputDirectory}</outputDirectory>
  <outputTimestamp default-value="${project.build.outputTimestamp}"/>
  <parameters default-value="false">true</parameters>
  <proc>${maven.compiler.proc}</proc>
  <project default-value="${project}"/>
  <projectArtifact default-value="${project.artifact}"/>
  <release>${maven.compiler.release}</release>
  <session default-value="${session}"/>
  <showCompilationChanges default-value="false">${maven.compiler.showCompilationChanges}</showCompilationChanges>
  <showDeprecation default-value="false">${maven.compiler.showDeprecation}</showDeprecation>
  <showWarnings default-value="true">${maven.compiler.showWarnings}</showWarnings>
  <skipMain>${maven.main.skip}</skipMain>
  <skipMultiThreadWarning default-value="false">${maven.compiler.skipMultiThreadWarning}</skipMultiThreadWarning>
  <source default-value="1.8">${maven.compiler.source}</source>
  <staleMillis default-value="0">${lastModGranularityMs}</staleMillis>
  <target default-value="1.8">${maven.compiler.target}</target>
  <useIncrementalCompilation default-value="true">${maven.compiler.useIncrementalCompilation}</useIncrementalCompilation>
  <useModuleVersion default-value="true">${maven.compiler.useModuleVersion}</useModuleVersion>
  <verbose default-value="false">${maven.compiler.verbose}</verbose>
</configuration>
[DEBUG] -----------------------------------------------------------------------
[DEBUG] Goal:          org.apache.maven.plugins:maven-resources-plugin:3.5.0:testResources (default-testResources)
[DEBUG] Style:         Regular
[DEBUG] Configuration: <?xml version="1.0" encoding="UTF-8"?>
<configuration>
  <addDefaultExcludes default-value="true"/>
  <buildFilters default-value="${project.build.filters}"/>
  <delimiters>
    <delimiter>@</delimiter>
  </delimiters>
  <encoding default-value="${project.build.sourceEncoding}"/>
  <escapeWindowsPaths default-value="true"/>
  <fileNameFiltering default-value="false"/>
  <includeEmptyDirs default-value="false"/>
  <outputDirectory default-value="${project.build.testOutputDirectory}"/>
  <overwrite default-value="false"/>
  <project default-value="${project}"/>
  <propertiesEncoding>UTF-8</propertiesEncoding>
  <resources default-value="${project.testResources}"/>
  <session default-value="${session}"/>
  <skip default-value="false">${maven.test.skip}</skip>
  <supportMultiLineFiltering default-value="false"/>
  <useBuildFilters default-value="true"/>
  <useDefaultDelimiters default-value="true">false</useDefaultDelimiters>
</configuration>
[DEBUG] -----------------------------------------------------------------------
[DEBUG] Goal:          org.apache.maven.plugins:maven-compiler-plugin:3.15.0:testCompile (default-testCompile)
[DEBUG] Style:         Regular
[DEBUG] Configuration: <?xml version="1.0" encoding="UTF-8"?>
<configuration>
  <annotationProcessorPaths>
    <path>
      <groupId>org.projectlombok</groupId>
      <artifactId>lombok</artifactId>
    </path>
  </annotationProcessorPaths>
  <annotationProcessorPathsUseDepMgmt default-value="false"/>
  <basedir default-value="${basedir}"/>
  <buildDirectory default-value="${project.build.directory}"/>
  <compileSourceRoots default-value="${project.testCompileSourceRoots}"/>
  <compilerId default-value="javac">${maven.compiler.compilerId}</compilerId>
  <compilerReuseStrategy default-value="${reuseCreated}">${maven.compiler.compilerReuseStrategy}</compilerReuseStrategy>
  <compilerVersion>${maven.compiler.compilerVersion}</compilerVersion>
  <createMissingPackageInfoClass default-value="true">${maven.compiler.createMissingPackageInfoClass}</createMissingPackageInfoClass>
  <debug default-value="true">${maven.compiler.debug}</debug>
  <debugFileName default-value="javac-test"/>
  <debuglevel>${maven.compiler.debuglevel}</debuglevel>
  <enablePreview default-value="false">${maven.compiler.enablePreview}</enablePreview>
  <encoding default-value="${project.build.sourceEncoding}">${encoding}</encoding>
  <executable>${maven.compiler.executable}</executable>
  <failOnError default-value="true">${maven.compiler.failOnError}</failOnError>
  <failOnWarning default-value="false">${maven.compiler.failOnWarning}</failOnWarning>
  <fileExtensions default-value="class,jar"/>
  <forceJavacCompilerUse default-value="false">${maven.compiler.forceJavacCompilerUse}</forceJavacCompilerUse>
  <forceLegacyJavacApi default-value="false">${maven.compiler.forceLegacyJavacApi}</forceLegacyJavacApi>
  <fork default-value="false">${maven.compiler.fork}</fork>
  <generatedTestSourcesDirectory default-value="${project.build.directory}/generated-test-sources/test-annotations"/>
  <implicit>${maven.compiler.implicit}</implicit>
  <maxmem>${maven.compiler.maxmem}</maxmem>
  <meminitial>${maven.compiler.meminitial}</meminitial>
  <mojoExecution default-value="${mojoExecution}"/>
  <optimize default-value="false">${maven.compiler.optimize}</optimize>
  <outputDirectory default-value="${project.build.testOutputDirectory}"/>
  <outputTimestamp default-value="${project.build.outputTimestamp}"/>
  <parameters default-value="false">true</parameters>
  <proc>${maven.compiler.proc}</proc>
  <project default-value="${project}"/>
  <release>${maven.compiler.release}</release>
  <session default-value="${session}"/>
  <showCompilationChanges default-value="false">${maven.compiler.showCompilationChanges}</showCompilationChanges>
  <showDeprecation default-value="false">${maven.compiler.showDeprecation}</showDeprecation>
  <showWarnings default-value="true">${maven.compiler.showWarnings}</showWarnings>
  <skip>${maven.test.skip}</skip>
  <skipMultiThreadWarning default-value="false">${maven.compiler.skipMultiThreadWarning}</skipMultiThreadWarning>
  <source default-value="1.8">${maven.compiler.source}</source>
  <staleMillis default-value="0">${lastModGranularityMs}</staleMillis>
  <target default-value="1.8">${maven.compiler.target}</target>
  <testPath default-value="${project.testClasspathElements}"/>
  <testRelease>${maven.compiler.testRelease}</testRelease>
  <testSource>${maven.compiler.testSource}</testSource>
  <testTarget>${maven.compiler.testTarget}</testTarget>
  <useIncrementalCompilation default-value="true">${maven.compiler.useIncrementalCompilation}</useIncrementalCompilation>
  <useModulePath default-value="true"/>
  <verbose default-value="false">${maven.compiler.verbose}</verbose>
</configuration>
[DEBUG] -----------------------------------------------------------------------
[DEBUG] Goal:          org.apache.maven.plugins:maven-surefire-plugin:3.5.6:test (default-test)
[DEBUG] Style:         Regular
[DEBUG] Configuration: <?xml version="1.0" encoding="UTF-8"?>
<configuration>
  <additionalClasspathDependencies>${maven.test.additionalClasspathDependencies}</additionalClasspathDependencies>
  <additionalClasspathElements>${maven.test.additionalClasspath}</additionalClasspathElements>
  <argLine>${argLine}</argLine>
  <basedir default-value="${basedir}"/>
  <childDelegation default-value="false">${childDelegation}</childDelegation>
  <classesDirectory default-value="${project.build.outputDirectory}"/>
  <classpathDependencyExcludes>${maven.test.dependency.excludes}</classpathDependencyExcludes>
  <debugForkedProcess>${maven.surefire.debug}</debugForkedProcess>
  <dependenciesToScan>${dependenciesToScan}</dependenciesToScan>
  <disableXmlReport>${disableXmlReport}</disableXmlReport>
  <enableAssertions default-value="true">${enableAssertions}</enableAssertions>
  <enableOutErrElements default-value="true">${enableOutErrElements}</enableOutErrElements>
  <enableProcessChecker>${surefire.enableProcessChecker}</enableProcessChecker>
  <enablePropertiesElement default-value="true">${enablePropertiesElement}</enablePropertiesElement>
  <encoding default-value="${project.reporting.outputEncoding}">${surefire.encoding}</encoding>
  <excludeJUnit5Engines>${surefire.excludeJUnit5Engines}</excludeJUnit5Engines>
  <excludedEnvironmentVariables>${surefire.excludedEnvironmentVariables}</excludedEnvironmentVariables>
  <excludedGroups>${excludedGroups}</excludedGroups>
  <excludes>${surefire.excludes}</excludes>
  <excludesFile>${surefire.excludesFile}</excludesFile>
  <failIfNoSpecifiedTests default-value="true">${surefire.failIfNoSpecifiedTests}</failIfNoSpecifiedTests>
  <failIfNoTests default-value="false">${failIfNoTests}</failIfNoTests>
  <failOnFlakeCount default-value="0">${surefire.failOnFlakeCount}</failOnFlakeCount>
  <forkCount default-value="1">${forkCount}</forkCount>
  <forkNode>${surefire.forkNode}</forkNode>
  <forkedProcessExitTimeoutInSeconds default-value="30">${surefire.exitTimeout}</forkedProcessExitTimeoutInSeconds>
  <forkedProcessTimeoutInSeconds>${surefire.timeout}</forkedProcessTimeoutInSeconds>
  <groups>${groups}</groups>
  <includeJUnit5Engines>${surefire.includeJUnit5Engines}</includeJUnit5Engines>
  <includes>${surefire.includes}</includes>
  <includesFile>${surefire.includesFile}</includesFile>
  <junitArtifactName default-value="junit:junit">${junitArtifactName}</junitArtifactName>
  <jvm>${jvm}</jvm>
  <objectFactory>${objectFactory}</objectFactory>
  <parallel>${parallel}</parallel>
  <parallelMavenExecution default-value="${session.parallel}"/>
  <parallelOptimized default-value="true">${parallelOptimized}</parallelOptimized>
  <parallelTestsTimeoutForcedInSeconds>${surefire.parallel.forcedTimeout}</parallelTestsTimeoutForcedInSeconds>
  <parallelTestsTimeoutInSeconds>${surefire.parallel.timeout}</parallelTestsTimeoutInSeconds>
  <perCoreThreadCount default-value="true">${perCoreThreadCount}</perCoreThreadCount>
  <pluginArtifactMap>${plugin.artifactMap}</pluginArtifactMap>
  <pluginDescriptor default-value="${plugin}"/>
  <printSummary default-value="true">${surefire.printSummary}</printSummary>
  <project default-value="${project}"/>
  <projectArtifactMap>${project.artifactMap}</projectArtifactMap>
  <projectBuildDirectory default-value="${project.build.directory}"/>
  <promoteUserPropertiesToSystemProperties default-value="true"/>
  <redirectTestOutputToFile default-value="false">${maven.test.redirectTestOutputToFile}</redirectTestOutputToFile>
  <reportFormat default-value="brief">${surefire.reportFormat}</reportFormat>
  <reportNameSuffix default-value="">${surefire.reportNameSuffix}</reportNameSuffix>
  <reportTestTimestamp default-value="false">${reportTestTimestamp}</reportTestTimestamp>
  <reportsDirectory default-value="${project.build.directory}/surefire-reports"/>
  <rerunFailingTestsCount default-value="0">${surefire.rerunFailingTestsCount}</rerunFailingTestsCount>
  <reuseForks default-value="true">${reuseForks}</reuseForks>
  <runOrder default-value="filesystem">${surefire.runOrder}</runOrder>
  <runOrderRandomSeed>${surefire.runOrder.random.seed}</runOrderRandomSeed>
  <runOrderStatisticsFileChecksum>${surefire.runOrder.statisticsFile.checksum}</runOrderStatisticsFileChecksum>
  <session default-value="${session}"/>
  <shutdown default-value="exit">${surefire.shutdown}</shutdown>
  <skip default-value="false">${maven.test.skip}</skip>
  <skipAfterFailureCount default-value="0">${surefire.skipAfterFailureCount}</skipAfterFailureCount>
  <skipExec>${maven.test.skip.exec}</skipExec>
  <skipTests default-value="false">${skipTests}</skipTests>
  <suiteXmlFiles>${surefire.suiteXmlFiles}</suiteXmlFiles>
  <systemPropertiesFile>${surefire.systemPropertiesFile}</systemPropertiesFile>
  <tempDir default-value="surefire">${tempDir}</tempDir>
  <test>${test}</test>
  <testClassesDirectory default-value="${project.build.testOutputDirectory}"/>
  <testFailureIgnore default-value="false">${maven.test.failure.ignore}</testFailureIgnore>
  <testNGArtifactName default-value="org.testng:testng">${testNGArtifactName}</testNGArtifactName>
  <testSourceDirectory default-value="${project.build.testSourceDirectory}"/>
  <threadCount>${threadCount}</threadCount>
  <threadCountClasses default-value="0">${threadCountClasses}</threadCountClasses>
  <threadCountMethods default-value="0">${threadCountMethods}</threadCountMethods>
  <threadCountSuites default-value="0">${threadCountSuites}</threadCountSuites>
  <trimStackTrace default-value="false">${trimStackTrace}</trimStackTrace>
  <useFile default-value="true">${surefire.useFile}</useFile>
  <useManifestOnlyJar default-value="true">${surefire.useManifestOnlyJar}</useManifestOnlyJar>
  <useModulePath default-value="true">${surefire.useModulePath}</useModulePath>
  <useSystemClassLoader default-value="true">${surefire.useSystemClassLoader}</useSystemClassLoader>
  <useUnlimitedThreads default-value="false">${useUnlimitedThreads}</useUnlimitedThreads>
  <workingDirectory>${basedir}</workingDirectory>
</configuration>
[DEBUG] =======================================================================
[DEBUG] Using mirror maven-default-http-blocker (http://0.0.0.0/) for vaadin-snapshots (http://oss.sonatype.org/content/repositories/vaadin-snapshots/).
[DEBUG] Using mirror maven-default-http-blocker (http://0.0.0.0/) for vaadin-releases (http://oss.sonatype.org/content/repositories/vaadin-releases/).
[DEBUG] Dependency collection stats {ConflictMarker.analyzeTime=1663400, ConflictMarker.markTime=445500, ConflictMarker.nodeCount=299, ConflictIdSorter.graphTime=1042800, ConflictIdSorter.topsortTime=1044000, ConflictIdSorter.conflictIdCount=140, ConflictIdSorter.conflictIdCycleCount=0, ConflictResolver.totalTime=13202800, ConflictResolver.conflictItemCount=295, DfDependencyCollector.collectTime=509193700, DfDependencyCollector.transformTime=21050400}
[DEBUG] com.example:bank:jar:0.0.1-SNAPSHOT
[DEBUG]    org.springframework.boot:spring-boot-starter-data-jpa:jar:4.1.1:compile
[DEBUG]       org.springframework.boot:spring-boot-starter:jar:4.1.1:compile (version managed from 4.1.1)
[DEBUG]          org.springframework.boot:spring-boot-starter-logging:jar:4.1.1:compile (version managed from 4.1.1)
[DEBUG]             ch.qos.logback:logback-classic:jar:1.5.38:compile (version managed from 1.5.38)
[DEBUG]                ch.qos.logback:logback-core:jar:1.5.38:compile (version managed from 1.5.38)
[DEBUG]             org.apache.logging.log4j:log4j-to-slf4j:jar:2.25.5:compile (version managed from 2.25.5)
[DEBUG]                org.apache.logging.log4j:log4j-api:jar:2.25.5:compile (version managed from 2.25.5)
[DEBUG]             org.slf4j:jul-to-slf4j:jar:2.0.18:compile (version managed from 2.0.18)
[DEBUG]          jakarta.annotation:jakarta.annotation-api:jar:3.0.0:compile (version managed from 3.0.0)
[DEBUG]          org.yaml:snakeyaml:jar:2.6:compile (version managed from 2.6)
[DEBUG]       org.springframework.boot:spring-boot-starter-jdbc:jar:4.1.1:compile (version managed from 4.1.1)
[DEBUG]          com.zaxxer:HikariCP:jar:7.0.2:compile (version managed from 7.0.2)
[DEBUG]       org.springframework.boot:spring-boot-data-jpa:jar:4.1.1:compile (version managed from 4.1.1)
[DEBUG]          org.springframework.boot:spring-boot-data-commons:jar:4.1.1:compile (version managed from 4.1.1)
[DEBUG]             org.springframework.boot:spring-boot-persistence:jar:4.1.1:compile (version managed from 4.1.1)
[DEBUG]             org.springframework.data:spring-data-commons:jar:4.1.1:compile (version managed from 4.1.1)
[DEBUG]          org.springframework.boot:spring-boot-hibernate:jar:4.1.1:compile (version managed from 4.1.1)
[DEBUG]             org.springframework.boot:spring-boot-jpa:jar:4.1.1:compile (version managed from 4.1.1)
[DEBUG]                jakarta.persistence:jakarta.persistence-api:jar:3.2.0:compile (version managed from 3.2.0)
[DEBUG]             org.hibernate.orm:hibernate-core:jar:7.4.5.Final:compile (version managed from 7.4.5.Final)
[DEBUG]                jakarta.transaction:jakarta.transaction-api:jar:2.0.1:compile (version managed from 2.0.1)
[DEBUG]                org.hibernate.models:hibernate-models:jar:1.1.1:runtime
[DEBUG]                org.glassfish.jaxb:jaxb-runtime:jar:4.0.9:runtime (version managed from 4.0.7)
[DEBUG]                   org.glassfish.jaxb:jaxb-core:jar:4.0.9:runtime (version managed from 4.0.9)
[DEBUG]                      org.eclipse.angus:angus-activation:jar:2.0.3:runtime
[DEBUG]                      org.glassfish.jaxb:txw2:jar:4.0.9:runtime (version managed from 4.0.9)
[DEBUG]                      com.sun.istack:istack-commons-runtime:jar:4.1.2:runtime
[DEBUG]                jakarta.inject:jakarta.inject-api:jar:2.0.1:runtime (version managed from 2.0.1)
[DEBUG]             org.springframework:spring-orm:jar:7.0.9:compile (version managed from 7.0.9)
[DEBUG]          org.springframework.data:spring-data-jpa:jar:4.1.1:compile (version managed from 4.1.1)
[DEBUG]             org.springframework:spring-aop:jar:7.0.9:compile (version managed from 7.0.9)
[DEBUG]             org.springframework:spring-tx:jar:7.0.9:compile (version managed from 7.0.9)
[DEBUG]             org.antlr:antlr4-runtime:jar:4.13.2:compile
[DEBUG]          org.springframework:spring-aspects:jar:7.0.9:compile (version managed from 7.0.9)
[DEBUG]             org.aspectj:aspectjweaver:jar:1.9.25.1:compile (version managed from 1.9.25)
[DEBUG]       org.springframework.boot:spring-boot-jdbc:jar:4.1.1:compile (version managed from 4.1.1)
[DEBUG]          org.springframework.boot:spring-boot-sql:jar:4.1.1:compile (version managed from 4.1.1)
[DEBUG]          org.springframework.boot:spring-boot-transaction:jar:4.1.1:compile (version managed from 4.1.1)
[DEBUG]          org.springframework:spring-jdbc:jar:7.0.9:compile (version managed from 7.0.9)
[DEBUG]    org.springframework.boot:spring-boot-starter-flyway:jar:4.1.1:compile
[DEBUG]       org.springframework.boot:spring-boot-flyway:jar:4.1.1:compile (version managed from 4.1.1)
[DEBUG]    org.springframework.boot:spring-boot-starter-validation:jar:4.1.1:compile
[DEBUG]       org.springframework.boot:spring-boot-validation:jar:4.1.1:compile (version managed from 4.1.1)
[DEBUG]          org.apache.tomcat.embed:tomcat-embed-el:jar:11.0.24:compile (version managed from 11.0.24)
[DEBUG]          org.hibernate.validator:hibernate-validator:jar:9.1.3.Final:compile (version managed from 9.1.3.Final)
[DEBUG]             jakarta.validation:jakarta.validation-api:jar:3.1.1:compile (version managed from 3.1.1)
[DEBUG]             org.jboss.logging:jboss-logging:jar:3.6.3.Final:compile (version managed from 3.6.3.Final)
[DEBUG]             com.fasterxml:classmate:jar:1.7.3:compile (version managed from 1.7.1)
[DEBUG]    org.springframework.boot:spring-boot-starter-json:jar:4.1.1:compile
[DEBUG]       org.springframework.boot:spring-boot-jackson:jar:4.1.1:compile (version managed from 4.1.1)
[DEBUG]          tools.jackson.core:jackson-databind:jar:3.1.5:compile (version managed from 3.1.5)
[DEBUG]             com.fasterxml.jackson.core:jackson-annotations:jar:2.21:compile (version managed from 2.21)
[DEBUG]             tools.jackson.core:jackson-core:jar:3.1.5:compile (version managed from 3.1.5)
[DEBUG]    org.springframework.boot:spring-boot-starter-webmvc:jar:4.1.1:compile
[DEBUG]       org.springframework.boot:spring-boot-starter-jackson:jar:4.1.1:compile (version managed from 4.1.1)
[DEBUG]       org.springframework.boot:spring-boot-starter-tomcat:jar:4.1.1:compile (version managed from 4.1.1)
[DEBUG]          org.springframework.boot:spring-boot-starter-tomcat-runtime:jar:4.1.1:compile (version managed from 4.1.1)
[DEBUG]             org.apache.tomcat.embed:tomcat-embed-core:jar:11.0.24:compile (version managed from 11.0.24)
[DEBUG]             org.apache.tomcat.embed:tomcat-embed-websocket:jar:11.0.24:compile (version managed from 11.0.24)
[DEBUG]          org.springframework.boot:spring-boot-tomcat:jar:4.1.1:compile (version managed from 4.1.1)
[DEBUG]       org.springframework.boot:spring-boot-http-converter:jar:4.1.1:compile (version managed from 4.1.1)
[DEBUG]       org.springframework.boot:spring-boot-webmvc:jar:4.1.1:compile (version managed from 4.1.1)
[DEBUG]          org.springframework.boot:spring-boot-servlet:jar:4.1.1:compile (version managed from 4.1.1)
[DEBUG]          org.springframework:spring-webmvc:jar:7.0.9:compile (version managed from 7.0.9)
[DEBUG]             org.springframework:spring-expression:jar:7.0.9:compile (version managed from 7.0.9)
[DEBUG]    org.flywaydb:flyway-database-postgresql:jar:12.4.0:compile
[DEBUG]       org.flywaydb:flyway-core:jar:12.4.0:compile (version managed from 12.4.0)
[DEBUG]    org.postgresql:postgresql:jar:42.7.13:runtime
[DEBUG]       org.checkerframework:checker-qual:jar:3.55.1:runtime
[DEBUG]    org.projectlombok:lombok:jar:1.18.46:compile (optional)
[DEBUG]    org.springframework.boot:spring-boot-starter-data-jpa-test:jar:4.1.1:test
[DEBUG]       org.springframework.boot:spring-boot-starter-test:jar:4.1.1:test (version managed from 4.1.1)
[DEBUG]          org.springframework.boot:spring-boot-test-autoconfigure:jar:4.1.1:test (version managed from 4.1.1)
[DEBUG]          com.jayway.jsonpath:json-path:jar:2.10.0:test (version managed from 2.10.0)
[DEBUG]          jakarta.xml.bind:jakarta.xml.bind-api:jar:4.0.5:runtime (version managed from 4.0.5)
[DEBUG]             jakarta.activation:jakarta.activation-api:jar:2.1.4:runtime (version managed from 2.1.4)
[DEBUG]          net.minidev:json-smart:jar:2.6.0:test (version managed from 2.6.0)
[DEBUG]             net.minidev:accessors-smart:jar:2.6.0:test
[DEBUG]                org.ow2.asm:asm:jar:9.7.1:test
[DEBUG]          org.assertj:assertj-core:jar:3.27.7:test (version managed from 3.27.7)
[DEBUG]             net.bytebuddy:byte-buddy:jar:1.18.11:runtime (version managed from 1.18.3)
[DEBUG]          org.awaitility:awaitility:jar:4.3.0:test (version managed from 4.3.0)
[DEBUG]          org.hamcrest:hamcrest:jar:3.0:test (version managed from 3.0)
[DEBUG]          org.junit.jupiter:junit-jupiter:jar:6.0.3:test (version managed from 6.0.3)
[DEBUG]             org.junit.jupiter:junit-jupiter-api:jar:6.0.3:test (version managed from 6.0.3)
[DEBUG]                org.opentest4j:opentest4j:jar:1.3.0:test
[DEBUG]                org.junit.platform:junit-platform-commons:jar:6.0.3:test (version managed from 6.0.3)
[DEBUG]                org.apiguardian:apiguardian-api:jar:1.1.2:test
[DEBUG]             org.junit.jupiter:junit-jupiter-params:jar:6.0.3:test (version managed from 6.0.3)
[DEBUG]             org.junit.jupiter:junit-jupiter-engine:jar:6.0.3:test (version managed from 6.0.3)
[DEBUG]                org.junit.platform:junit-platform-engine:jar:6.0.3:test (version managed from 6.0.3)
[DEBUG]          org.mockito:mockito-core:jar:5.23.0:test (version managed from 5.23.0)
[DEBUG]             net.bytebuddy:byte-buddy-agent:jar:1.18.11:test (version managed from 1.17.7)
[DEBUG]             org.objenesis:objenesis:jar:3.3:test
[DEBUG]          org.mockito:mockito-junit-jupiter:jar:5.23.0:test (version managed from 5.23.0)
[DEBUG]          org.skyscreamer:jsonassert:jar:1.5.3:test (version managed from 1.5.3)
[DEBUG]             com.vaadin.external.google:android-json:jar:0.0.20131108.vaadin1:test
[DEBUG]          org.springframework:spring-core:jar:7.0.9:compile (version managed from 7.0.9)
[DEBUG]             commons-logging:commons-logging:jar:1.3.6:compile (version managed from 1.3.5)
[DEBUG]             org.jspecify:jspecify:jar:1.0.1:compile (version managed from 1.0.0)
[DEBUG]          org.springframework:spring-test:jar:7.0.9:test (version managed from 7.0.9)
[DEBUG]          org.xmlunit:xmlunit-core:jar:2.11.0:test (version managed from 2.11.0)
[DEBUG]       org.springframework.boot:spring-boot-starter-jdbc-test:jar:4.1.1:test (version managed from 4.1.1)
[DEBUG]          org.springframework.boot:spring-boot-jdbc-test:jar:4.1.1:test (version managed from 4.1.1)
[DEBUG]       org.springframework.boot:spring-boot-data-jpa-test:jar:4.1.1:test (version managed from 4.1.1)
[DEBUG]          org.springframework.boot:spring-boot-jpa-test:jar:4.1.1:test (version managed from 4.1.1)
[DEBUG]    org.springframework.boot:spring-boot-starter-flyway-test:jar:4.1.1:test
[DEBUG]    org.springframework.boot:spring-boot-starter-validation-test:jar:4.1.1:test
[DEBUG]    org.springframework.boot:spring-boot-starter-webmvc-test:jar:4.1.1:test
[DEBUG]       org.springframework.boot:spring-boot-starter-jackson-test:jar:4.1.1:test (version managed from 4.1.1)
[DEBUG]       org.springframework.boot:spring-boot-webmvc-test:jar:4.1.1:test (version managed from 4.1.1)
[DEBUG]          org.springframework.boot:spring-boot-web-server:jar:4.1.1:compile (version managed from 4.1.1)
[DEBUG]    org.testcontainers:testcontainers-junit-jupiter:jar:2.0.5:test
[DEBUG]       org.testcontainers:testcontainers:jar:2.0.5:test (version managed from 2.0.5)
[DEBUG]          org.slf4j:slf4j-api:jar:2.0.18:compile (version managed from 1.7.36)
[DEBUG]          org.apache.commons:commons-compress:jar:1.28.0:test
[DEBUG]             commons-codec:commons-codec:jar:1.21.0:test (version managed from 1.19.0)
[DEBUG]             commons-io:commons-io:jar:2.20.0:test
[DEBUG]             org.apache.commons:commons-lang3:jar:3.20.0:test (version managed from 3.18.0)
[DEBUG]          org.rnorth.duct-tape:duct-tape:jar:1.0.8:test
[DEBUG]             org.jetbrains:annotations:jar:17.0.0:test
[DEBUG]          com.github.docker-java:docker-java-api:jar:3.7.1:test
[DEBUG]          com.github.docker-java:docker-java-transport-zerodep:jar:3.7.1:test
[DEBUG]             com.github.docker-java:docker-java-transport:jar:3.7.1:test
[DEBUG]             net.java.dev.jna:jna:jar:5.18.1:test
[DEBUG]    org.testcontainers:testcontainers-postgresql:jar:2.0.5:test
[DEBUG]       org.testcontainers:testcontainers-jdbc:jar:2.0.5:test (version managed from 2.0.5)
[DEBUG]          org.testcontainers:testcontainers-database-commons:jar:2.0.5:test (version managed from 2.0.5)
[DEBUG]    org.springframework.boot:spring-boot-testcontainers:jar:4.1.1:test
[DEBUG]       org.springframework.boot:spring-boot-autoconfigure:jar:4.1.1:compile (version managed from 4.1.1)
[DEBUG]    org.springframework.boot:spring-boot-resttestclient:jar:4.1.1:test
[DEBUG]       org.springframework.boot:spring-boot-test:jar:4.1.1:test (version managed from 4.1.1)
[DEBUG]       org.springframework:spring-web:jar:7.0.9:compile (version managed from 7.0.9)
[DEBUG]          org.springframework:spring-beans:jar:7.0.9:compile (version managed from 7.0.9)
[DEBUG]          io.micrometer:micrometer-observation:jar:1.17.1:compile (version managed from 1.16.7)
[DEBUG]             io.micrometer:micrometer-commons:jar:1.17.1:compile (version managed from 1.17.1)
[DEBUG]    org.springframework.boot:spring-boot-restclient:jar:4.1.1:test
[DEBUG]       org.springframework.boot:spring-boot:jar:4.1.1:compile (version managed from 4.1.1)
[DEBUG]          org.springframework:spring-context:jar:7.0.9:compile (version managed from 7.0.9)
[DEBUG]       org.springframework.boot:spring-boot-http-client:jar:4.1.1:test (version managed from 4.1.1)
[INFO] 
[INFO] --- resources:3.5.0:resources (default-resources) @ bank ---
[DEBUG] Dependency collection stats {ConflictMarker.analyzeTime=75400, ConflictMarker.markTime=16900, ConflictMarker.nodeCount=12, ConflictIdSorter.graphTime=56400, ConflictIdSorter.topsortTime=10400, ConflictIdSorter.conflictIdCount=9, ConflictIdSorter.conflictIdCycleCount=0, ConflictResolver.totalTime=162100, ConflictResolver.conflictItemCount=12, DfDependencyCollector.collectTime=34240800, DfDependencyCollector.transformTime=336800}
[DEBUG] org.apache.maven.plugins:maven-resources-plugin:jar:3.5.0
[DEBUG]    org.apache.maven.shared:maven-filtering:jar:3.5.0:compile
[DEBUG]       org.slf4j:slf4j-api:jar:1.7.36:compile
[DEBUG]       org.codehaus.plexus:plexus-build-api:jar:1.2.0:compile
[DEBUG]          javax.inject:javax.inject:jar:1:compile
[DEBUG]          org.sonatype.plexus:plexus-build-api:jar:0.0.7:compile
[DEBUG]          org.eclipse.sisu:org.eclipse.sisu.plexus:jar:0.9.0.M4:compile (version managed from default)
[DEBUG]       org.codehaus.plexus:plexus-interpolation:jar:1.29:compile
[DEBUG]    org.codehaus.plexus:plexus-utils:jar:3.6.0:compile
[DEBUG] Created new class realm plugin>org.apache.maven.plugins:maven-resources-plugin:3.5.0
[DEBUG] Importing foreign packages into class realm plugin>org.apache.maven.plugins:maven-resources-plugin:3.5.0
[DEBUG]   Imported:  < maven.api
[DEBUG] Populating class realm plugin>org.apache.maven.plugins:maven-resources-plugin:3.5.0
[DEBUG]   Included: org.apache.maven.plugins:maven-resources-plugin:jar:3.5.0
[DEBUG]   Included: org.apache.maven.shared:maven-filtering:jar:3.5.0
[DEBUG]   Included: org.codehaus.plexus:plexus-build-api:jar:1.2.0
[DEBUG]   Included: org.sonatype.plexus:plexus-build-api:jar:0.0.7
[DEBUG]   Included: org.codehaus.plexus:plexus-interpolation:jar:1.29
[DEBUG]   Included: org.codehaus.plexus:plexus-utils:jar:3.6.0
[DEBUG] Loading mojo org.apache.maven.plugins:maven-resources-plugin:3.5.0:resources from plugin realm ClassRealm[plugin>org.apache.maven.plugins:maven-resources-plugin:3.5.0, parent: jdk.internal.loader.ClassLoaders$AppClassLoader@73d16e93]
[DEBUG] Configuring mojo execution 'org.apache.maven.plugins:maven-resources-plugin:3.5.0:resources:default-resources' with basic configurator -->
[DEBUG]   (f) addDefaultExcludes = true
[DEBUG]   (f) buildFilters = []
[DEBUG]   (s) delimiters = [@]
[DEBUG]   (f) encoding = UTF-8
[DEBUG]   (f) escapeWindowsPaths = true
[DEBUG]   (f) fileNameFiltering = false
[DEBUG]   (s) includeEmptyDirs = false
[DEBUG]   (s) outputDirectory = C:\Users\jorge\Escritorio\Certero_API\target\classes
[DEBUG]   (s) overwrite = false
[DEBUG]   (f) project = MavenProject: com.example:bank:0.0.1-SNAPSHOT @ C:\Users\jorge\Escritorio\Certero_API\pom.xml
[DEBUG]   (f) propertiesEncoding = UTF-8
[DEBUG]   (s) resources = [Resource {targetPath: null, filtering: true, FileSet {directory: C:\Users\jorge\Escritorio\Certero_API\src\main\resources, PatternSet [includes: {**/application*.yml, **/application*.yaml, **/application*.properties}, excludes: {}]}}, Resource {targetPath: null, filtering: false, FileSet {directory: C:\Users\jorge\Escritorio\Certero_API\src\main\resources, PatternSet [includes: {}, excludes: {**/application*.yml, **/application*.yaml, **/application*.properties}]}}]
[DEBUG]   (f) session = org.apache.maven.execution.MavenSession@4317850d
[DEBUG]   (f) skip = false
[DEBUG]   (f) supportMultiLineFiltering = false
[DEBUG]   (f) useBuildFilters = true
[DEBUG]   (s) useDefaultDelimiters = false
[DEBUG] -- end configuration --
[DEBUG] properties used:
[DEBUG] activemq.version: 6.2.9
[DEBUG] angus-mail.version: 2.0.5
[DEBUG] artemis.version: 2.53.0
[DEBUG] aspectj.version: 1.9.25.1
[DEBUG] assertj.version: 3.27.7
[DEBUG] awaitility.version: 4.3.0
[DEBUG] brave.version: 6.3.1
[DEBUG] build-helper-maven-plugin.version: 3.6.1
[DEBUG] byte-buddy.version: 1.18.11
[DEBUG] cache2k.version: 2.6.1.Final
[DEBUG] caffeine.version: 3.2.4
[DEBUG] cassandra-driver.version: 4.19.3
[DEBUG] classmate.version: 1.7.3
[DEBUG] classworlds.conf: C:\Users\jorge\.m2\wrapper\dists\apache-maven-3.9.16\0daed3be3ebd1c706f0e69e8b07c6b73f5cc4ea3dfce72a8d0ec2e849ca2ddb0\bin\m2.conf
[DEBUG] commons-codec.version: 1.21.0
[DEBUG] commons-dbcp2.version: 2.14.0
[DEBUG] commons-lang3.version: 3.20.0
[DEBUG] commons-logging.version: 1.3.6
[DEBUG] commons-pool.version: 1.6
[DEBUG] commons-pool2.version: 2.13.1
[DEBUG] couchbase-client.version: 3.11.3
[DEBUG] crac.version: 1.5.0
[DEBUG] cyclonedx-maven-plugin.version: 2.9.3
[DEBUG] db2-jdbc.version: 12.1.5.0
[DEBUG] dependency-management-plugin.version: 1.1.7
[DEBUG] derby.version: 10.16.1.1
[DEBUG] ehcache3.version: 3.12.0
[DEBUG] elasticsearch-client.version: 9.4.5
[DEBUG] env.=::: ::\
[DEBUG] env.=C:: C:\Users\jorge\Escritorio\Certero_API
[DEBUG] env.=EXITCODE: 00000000
[DEBUG] env.ACSETUPSVCPORT: 23210
[DEBUG] env.ACSVCPORT: 17532
[DEBUG] env.ALLUSERSPROFILE: C:\ProgramData
[DEBUG] env.APPDATA: C:\Users\jorge\AppData\Roaming
[DEBUG] env.ASL.LOG: Destination=file
[DEBUG] env.CLASSWORLDS_JAR: "C:\Users\jorge\.m2\wrapper\dists\apache-maven-3.9.16\0daed3be3ebd1c706f0e69e8b07c6b73f5cc4ea3dfce72a8d0ec2e849ca2ddb0\boot\plexus-classworlds-2.11.0.jar"
[DEBUG] env.CLASSWORLDS_LAUNCHER: org.codehaus.plexus.classworlds.launcher.Launcher
[DEBUG] env.COMMONPROGRAMFILES: C:\Program Files\Common Files
[DEBUG] env.COMMONPROGRAMFILES(X86): C:\Program Files (x86)\Common Files
[DEBUG] env.COMMONPROGRAMW6432: C:\Program Files\Common Files
[DEBUG] env.COMPUTERNAME: ASUS
[DEBUG] env.COMSPEC: C:\WINDOWS\system32\cmd.exe
[DEBUG] env.DRIVERDATA: C:\Windows\System32\Drivers\DriverData
[DEBUG] env.EFC_19832_1592913036: 1
[DEBUG] env.EFC_19832_2946480783: 1
[DEBUG] env.EFC_19832_344590478: 1
[DEBUG] env.EFC_19832_4126798990: 1
[DEBUG] env.ENABLELOG: INFO
[DEBUG] env.ERROR_CODE: 0
[DEBUG] env.EXEC_DIR: C:\Users\jorge\Escritorio\Certero_API
[DEBUG] env.FNM_ARCH: x64
[DEBUG] env.FNM_COREPACK_ENABLED: false
[DEBUG] env.FNM_DIR: C:\Users\jorge\AppData\Roaming\fnm
[DEBUG] env.FNM_LOGLEVEL: info
[DEBUG] env.FNM_MULTISHELL_PATH: C:\Users\jorge\AppData\Local\fnm_multishells\66448_1790379477858
[DEBUG] env.FNM_NODE_DIST_MIRROR: https://nodejs.org/dist
[DEBUG] env.FNM_RESOLVE_ENGINES: true
[DEBUG] env.FNM_VERSION_FILE_STRATEGY: local
[DEBUG] env.FPS_BROWSER_APP_PROFILE_STRING: Internet Explorer
[DEBUG] env.FPS_BROWSER_USER_PROFILE_STRING: Default
[DEBUG] env.HOMEDRIVE: C:
[DEBUG] env.HOMEPATH: \Users\jorge
[DEBUG] env.INTERNAL_MAVEN_OPTS: --enable-native-access=ALL-UNNAMED 
[DEBUG] env.JAVACMD: C:\Program Files\Java\jdk-17\bin\java.exe
[DEBUG] env.JAVA_HOME: C:\Program Files\Java\jdk-17
[DEBUG] env.JETBRAINS_INTELLIJ_COMMAND_END_MARKER: O4H4mBb3pbBrg4bLRcDUBkWs6gaMQxALLSZxJYDW5xhNZ3IW4iuf0yQeaKusIAwz
[DEBUG] env.JVMCONFIG: \.mvn\jvm.config
[DEBUG] env.LOCALAPPDATA: C:\Users\jorge\AppData\Local
[DEBUG] env.LOGONSERVER: \\ASUS
[DEBUG] env.MAVEN_CMD_LINE_ARGS: test -Dtest=ConcurrencyIT -e -X
[DEBUG] env.MAVEN_HOME: C:\Users\jorge\.m2\wrapper\dists\apache-maven-3.9.16\0daed3be3ebd1c706f0e69e8b07c6b73f5cc4ea3dfce72a8d0ec2e849ca2ddb0
[DEBUG] env.MAVEN_PROJECTBASEDIR: C:\Users\jorge\Escritorio\Certero_API
[DEBUG] env.NUMBER_OF_PROCESSORS: 16
[DEBUG] env.ONEDRIVE: C:\Users\jorge\OneDrive
[DEBUG] env.ONEDRIVECONSUMER: C:\Users\jorge\OneDrive
[DEBUG] env.OS: Windows_NT
[DEBUG] env.PATH: C:\Users\jorge\AppData\Local\fnm_multishells\66448_1790379477858;C:\Program Files\Common Files\Oracle\Java\javapath;C:\Windows\system32;C:\Windows;C:\Windows\System32\Wbem;C:\Windows\System32\WindowsPowerShell\v1.0\;C:\Windows\System32\OpenSSH\;C:\Program Files (x86)\NVIDIA Corporation\PhysX\Common;C:\Program Files\dotnet\;C:\Program Files\Git\cmd;C:\Users\jorge\AppData\Roaming\fnm\node-versions\v20.16.0\installation;C:\Program Files (x86)\Microsoft SQL Server\160\Tools\Binn\;C:\Program Files\Microsoft SQL Server\160\Tools\Binn\;C:\Program Files\Microsoft SQL Server\Client SDK\ODBC\170\Tools\Binn\;C:\Program Files\Microsoft SQL Server\160\DTS\Binn\;C:\Program Files (x86)\Microsoft SQL Server\160\DTS\Binn\;C:\Program Files\Java\jdk-17\bin;C:\WINDOWS\system32;C:\WINDOWS;C:\WINDOWS\System32\Wbem;C:\WINDOWS\System32\WindowsPowerShell\v1.0\;C:\WINDOWS\System32\OpenSSH\;C:\Program Files\apache-maven-3.9.9\bin;;C:\Program Files\Docker\Docker\resources\bin;C:\Program Files\NVIDIA Corporation\NVIDIA App\NvDLISR;C:\Users\jorge\AppData\Local\Programs\Python\Python313\Scripts\;C:\Users\jorge\AppData\Local\Programs\Python\Python313\;C:\Users\jorge\AppData\Local\Programs\Python\Launcher\;C:\Users\jorge\AppData\Local\Microsoft\WindowsApps;C:\Users\jorge\AppData\Local\Programs\Microsoft VS Code\bin;C:\Users\jorge\AppData\Local\Microsoft\WinGet\Packages\Schniz.fnm_Microsoft.Winget.Source_8wekyb3d8bbwe;C:\Program Files\Java\jdk-17;C:\Program Files\PostgreSQL\17\bin;C:\Program Files\spring-3.4.3\bin;C:\Program Files\JetBrains\PyCharm 2025.3.1.1\bin
[DEBUG] env.PATHEXT: .COM;.EXE;.BAT;.CMD;.VBS;.VBE;.JS;.JSE;.WSF;.WSH;.MSC;.CPL
[DEBUG] env.PROCESSOR_ARCHITECTURE: AMD64
[DEBUG] env.PROCESSOR_IDENTIFIER: AMD64 Family 25 Model 68 Stepping 1, AuthenticAMD
[DEBUG] env.PROCESSOR_LEVEL: 25
[DEBUG] env.PROCESSOR_REVISION: 4401
[DEBUG] env.PROGRAMDATA: C:\ProgramData
[DEBUG] env.PROGRAMFILES: C:\Program Files
[DEBUG] env.PROGRAMFILES(X86): C:\Program Files (x86)
[DEBUG] env.PROGRAMW6432: C:\Program Files
[DEBUG] env.PROMPT: $P$G
[DEBUG] env.PSEXECUTIONPOLICYPREFERENCE: Bypass
[DEBUG] env.PSMODULEPATH: C:\Users\jorge\Documentos\WindowsPowerShell\Modules;C:\Program Files\WindowsPowerShell\Modules;C:\WINDOWS\system32\WindowsPowerShell\v1.0\Modules;C:\Program Files (x86)\Microsoft SQL Server\160\Tools\PowerShell\Modules\
[DEBUG] env.PUBLIC: C:\Users\Public
[DEBUG] env.PYCHARM: C:\Program Files\JetBrains\PyCharm 2025.3.1.1\bin
[DEBUG] env.RLSSVCPORT: 22112
[DEBUG] env.SESSIONNAME: Console
[DEBUG] env.SYSTEMDRIVE: C:
[DEBUG] env.SYSTEMROOT: C:\WINDOWS
[DEBUG] env.TEMP: C:\Users\jorge\AppData\Local\Temp
[DEBUG] env.TERMINAL_EMULATOR: JetBrains-JediTerm
[DEBUG] env.TERM_SESSION_ID: 7d67a2c3-83b6-47f1-8df4-d60db0b28db5
[DEBUG] env.TMP: C:\Users\jorge\AppData\Local\Temp
[DEBUG] env.USERDOMAIN: ASUS
[DEBUG] env.USERDOMAIN_ROAMINGPROFILE: ASUS
[DEBUG] env.USERNAME: jorge
[DEBUG] env.USERPROFILE: C:\Users\jorge
[DEBUG] env.VAAR: Uno
[DEBUG] env.WDIR: C:\Users\jorge\Escritorio\Certero_API
[DEBUG] env.WINDIR: C:\WINDOWS
[DEBUG] env.__MVNW_CMD__: C:\Users\jorge/.m2/wrapper/dists/apache-maven-3.9.16/0daed3be3ebd1c706f0e69e8b07c6b73f5cc4ea3dfce72a8d0ec2e849ca2ddb0/bin/mvn.cmd
[DEBUG] file.encoding: Cp1252
[DEBUG] file.separator: \
[DEBUG] flyway.version: 12.4.0
[DEBUG] freemarker.version: 2.3.34
[DEBUG] git-commit-id-maven-plugin.version: 9.2.0
[DEBUG] glassfish-jaxb.version: 4.0.9
[DEBUG] glassfish-jstl.version: 3.0.1
[DEBUG] graphql-java.version: 25.0
[DEBUG] groovy.version: 5.0.8
[DEBUG] grpc-java.version: 1.83.1
[DEBUG] grpc-kotlin.version: 1.5.0
[DEBUG] gson.version: 2.13.2
[DEBUG] h2.version: 2.4.240
[DEBUG] hamcrest.version: 3.0
[DEBUG] hazelcast.version: 5.5.0
[DEBUG] hibernate-validator.version: 9.1.3.Final
[DEBUG] hibernate.version: 7.4.5.Final
[DEBUG] hikaricp.version: 7.0.2
[DEBUG] hsqldb.version: 2.7.3
[DEBUG] htmlunit.version: 4.21.0
[DEBUG] httpasyncclient.version: 4.1.5
[DEBUG] httpclient5.version: 5.6.4
[DEBUG] httpcore.version: 4.4.16
[DEBUG] httpcore5.version: 5.4.3
[DEBUG] infinispan.version: 16.1.4
[DEBUG] influxdb-java.version: 2.25
[DEBUG] jackson-2-bom.version: 2.21.5
[DEBUG] jackson-bom.version: 3.1.5
[DEBUG] jakarta-activation.version: 2.1.4
[DEBUG] jakarta-annotation.version: 3.0.0
[DEBUG] jakarta-inject.version: 2.0.1
[DEBUG] jakarta-jms.version: 3.1.0
[DEBUG] jakarta-json-bind.version: 3.0.2
[DEBUG] jakarta-json.version: 2.1.3
[DEBUG] jakarta-mail.version: 2.1.5
[DEBUG] jakarta-management.version: 1.1.4
[DEBUG] jakarta-persistence.version: 3.2.0
[DEBUG] jakarta-servlet-jsp-jstl.version: 3.0.2
[DEBUG] jakarta-servlet.version: 6.1.0
[DEBUG] jakarta-transaction.version: 2.0.1
[DEBUG] jakarta-validation.version: 3.1.1
[DEBUG] jakarta-websocket.version: 2.2.0
[DEBUG] jakarta-ws-rs.version: 4.0.0
[DEBUG] jakarta-xml-bind.version: 4.0.5
[DEBUG] jakarta-xml-soap.version: 3.0.2
[DEBUG] jakarta-xml-ws.version: 4.0.3
[DEBUG] janino.version: 3.1.12
[DEBUG] java.class.path: C:\Users\jorge\.m2\wrapper\dists\apache-maven-3.9.16\0daed3be3ebd1c706f0e69e8b07c6b73f5cc4ea3dfce72a8d0ec2e849ca2ddb0\boot\plexus-classworlds-2.11.0.jar
[DEBUG] java.class.version: 61.0
[DEBUG] java.home: C:\Program Files\Java\jdk-17
[DEBUG] java.io.tmpdir: C:\Users\jorge\AppData\Local\Temp\
[DEBUG] java.library.path: C:\Program Files\Java\jdk-17\bin;C:\WINDOWS\Sun\Java\bin;C:\WINDOWS\system32;C:\WINDOWS;C:\Users\jorge\AppData\Local\fnm_multishells\66448_1790379477858;C:\Program Files\Common Files\Oracle\Java\javapath;C:\Windows\system32;C:\Windows;C:\Windows\System32\Wbem;C:\Windows\System32\WindowsPowerShell\v1.0\;C:\Windows\System32\OpenSSH\;C:\Program Files (x86)\NVIDIA Corporation\PhysX\Common;C:\Program Files\dotnet\;C:\Program Files\Git\cmd;C:\Users\jorge\AppData\Roaming\fnm\node-versions\v20.16.0\installation;C:\Program Files (x86)\Microsoft SQL Server\160\Tools\Binn\;C:\Program Files\Microsoft SQL Server\160\Tools\Binn\;C:\Program Files\Microsoft SQL Server\Client SDK\ODBC\170\Tools\Binn\;C:\Program Files\Microsoft SQL Server\160\DTS\Binn\;C:\Program Files (x86)\Microsoft SQL Server\160\DTS\Binn\;C:\Program Files\Java\jdk-17\bin;C:\WINDOWS\system32;C:\WINDOWS;C:\WINDOWS\System32\Wbem;C:\WINDOWS\System32\WindowsPowerShell\v1.0\;C:\WINDOWS\System32\OpenSSH\;C:\Program Files\apache-maven-3.9.9\bin;;C:\Program Files\Docker\Docker\resources\bin;C:\Program Files\NVIDIA Corporation\NVIDIA App\NvDLISR;C:\Users\jorge\AppData\Local\Programs\Python\Python313\Scripts\;C:\Users\jorge\AppData\Local\Programs\Python\Python313\;C:\Users\jorge\AppData\Local\Programs\Python\Launcher\;C:\Users\jorge\AppData\Local\Microsoft\WindowsApps;C:\Users\jorge\AppData\Local\Programs\Microsoft VS Code\bin;C:\Users\jorge\AppData\Local\Microsoft\WinGet\Packages\Schniz.fnm_Microsoft.Winget.Source_8wekyb3d8bbwe;C:\Program Files\Java\jdk-17;C:\Program Files\PostgreSQL\17\bin;C:\Program Files\spring-3.4.3\bin;C:\Program Files\JetBrains\PyCharm 2025.3.1.1\bin;.
[DEBUG] java.runtime.name: Java(TM) SE Runtime Environment
[DEBUG] java.runtime.version: 17.0.12+8-LTS-286
[DEBUG] java.specification.name: Java Platform API Specification
[DEBUG] java.specification.vendor: Oracle Corporation
[DEBUG] java.specification.version: 17
[DEBUG] java.vendor: Oracle Corporation
[DEBUG] java.vendor.url: https://java.oracle.com/
[DEBUG] java.vendor.url.bug: https://bugreport.java.com/bugreport/
[DEBUG] java.version: 17.0.12
[DEBUG] java.version.date: 2024-07-16
[DEBUG] java.vm.compressedOopsMode: Zero based
[DEBUG] java.vm.info: mixed mode, sharing
[DEBUG] java.vm.name: Java HotSpot(TM) 64-Bit Server VM
[DEBUG] java.vm.specification.name: Java Virtual Machine Specification
[DEBUG] java.vm.specification.vendor: Oracle Corporation
[DEBUG] java.vm.specification.version: 17
[DEBUG] java.vm.vendor: Oracle Corporation
[DEBUG] java.vm.version: 17.0.12+8-LTS-286
[DEBUG] javax-cache.version: 1.1.1
[DEBUG] javax-money.version: 1.1
[DEBUG] jaxen.version: 2.0.6
[DEBUG] jaybird.version: 6.0.5
[DEBUG] jboss-logging.version: 3.6.3.Final
[DEBUG] jdk.debug: release
[DEBUG] jdom2.version: 2.0.6.1
[DEBUG] jedis.version: 7.4.1
[DEBUG] jersey.version: 4.0.2
[DEBUG] jetty-reactive-httpclient.version: 4.1.5
[DEBUG] jetty.version: 12.1.12
[DEBUG] jmustache.version: 1.16
[DEBUG] jooq.version: 3.21.7
[DEBUG] json-path.version: 2.10.0
[DEBUG] json-smart.version: 2.6.0
[DEBUG] jsonassert.version: 1.5.3
[DEBUG] jspecify.version: 1.0.1
[DEBUG] jtds.version: 1.3.1
[DEBUG] junit-jupiter.version: 6.0.3
[DEBUG] junit.version: 4.13.2
[DEBUG] kafka.version: 4.2.1
[DEBUG] kotlin-coroutines.version: 1.10.2
[DEBUG] kotlin-serialization.version: 1.11.0
[DEBUG] kotlin.version: 2.3.21
[DEBUG] lettuce.version: 7.5.2.RELEASE
[DEBUG] library.jansi.path: C:\Users\jorge\.m2\wrapper\dists\apache-maven-3.9.16\0daed3be3ebd1c706f0e69e8b07c6b73f5cc4ea3dfce72a8d0ec2e849ca2ddb0\lib\jansi-native
[DEBUG] line.separator: 

[DEBUG] liquibase.version: 5.0.3
[DEBUG] log4j2.version: 2.25.5
[DEBUG] logback.version: 1.5.38
[DEBUG] lombok.version: 1.18.46
[DEBUG] mariadb.version: 3.5.10
[DEBUG] maven-antrun-plugin.version: 3.2.0
[DEBUG] maven-assembly-plugin.version: 3.8.0
[DEBUG] maven-clean-plugin.version: 3.5.0
[DEBUG] maven-compiler-plugin.version: 3.15.0
[DEBUG] maven-dependency-plugin.version: 3.10.0
[DEBUG] maven-deploy-plugin.version: 3.1.4
[DEBUG] maven-enforcer-plugin.version: 3.6.3
[DEBUG] maven-failsafe-plugin.version: 3.5.6
[DEBUG] maven-help-plugin.version: 3.5.2
[DEBUG] maven-install-plugin.version: 3.1.4
[DEBUG] maven-invoker-plugin.version: 3.9.1
[DEBUG] maven-jar-plugin.version: 3.5.1
[DEBUG] maven-javadoc-plugin.version: 3.12.0
[DEBUG] maven-resources-plugin.version: 3.5.0
[DEBUG] maven-shade-plugin.version: 3.6.2
[DEBUG] maven-source-plugin.version: 3.4.0
[DEBUG] maven-surefire-plugin.version: 3.5.6
[DEBUG] maven-war-plugin.version: 3.5.1
[DEBUG] maven.build.timestamp: 2026-09-26T03:30:44Z
[DEBUG] maven.build.version: Apache Maven 3.9.16 (2bdd9fddda4b155ebf8000e807eb73fd829a51d5)
[DEBUG] maven.compiler.release: 17
[DEBUG] maven.conf: C:\Users\jorge\.m2\wrapper\dists\apache-maven-3.9.16\0daed3be3ebd1c706f0e69e8b07c6b73f5cc4ea3dfce72a8d0ec2e849ca2ddb0/conf
[DEBUG] maven.home: C:\Users\jorge\.m2\wrapper\dists\apache-maven-3.9.16\0daed3be3ebd1c706f0e69e8b07c6b73f5cc4ea3dfce72a8d0ec2e849ca2ddb0
[DEBUG] maven.multiModuleProjectDirectory: C:\Users\jorge\Escritorio\Certero_API
[DEBUG] maven.version: 3.9.16
[DEBUG] micrometer-tracing.version: 1.7.1
[DEBUG] micrometer.version: 1.17.1
[DEBUG] mockito.version: 5.23.0
[DEBUG] mongodb.version: 5.8.1
[DEBUG] mssql-jdbc.version: 13.4.0.jre11
[DEBUG] mysql.version: 9.7.0
[DEBUG] native-build-tools-plugin.version: 1.1.8
[DEBUG] native.encoding: Cp1252
[DEBUG] nekohtml.version: 1.9.22
[DEBUG] neo4j-java-driver.version: 6.1.0
[DEBUG] netty.version: 4.2.17.Final
[DEBUG] opentelemetry.version: 1.62.0
[DEBUG] oracle-database.version: 23.26.3.0.0
[DEBUG] oracle-r2dbc.version: 1.3.0
[DEBUG] os.arch: amd64
[DEBUG] os.name: Windows 11
[DEBUG] os.version: 10.0
[DEBUG] path.separator: ;
[DEBUG] pooled-jms.version: 3.2.3
[DEBUG] postgresql.version: 42.7.13
[DEBUG] project.baseUri: file:/C:/Users/jorge/Escritorio/Certero_API/
[DEBUG] project.build.sourceEncoding: UTF-8
[DEBUG] project.reporting.outputEncoding: UTF-8
[DEBUG] prometheus-client.version: 1.7.0
[DEBUG] prometheus-simpleclient.version: 0.16.0
[DEBUG] protobuf-java.version: 4.35.1
[DEBUG] protobuf-maven-plugin.version: 5.1.8
[DEBUG] pulsar.version: 4.2.4
[DEBUG] qpid-protonj2.version: 1.1.0
[DEBUG] quartz.version: 2.5.2
[DEBUG] querydsl.version: 5.1.0
[DEBUG] r2dbc-h2.version: 1.1.0.RELEASE
[DEBUG] r2dbc-mariadb.version: 1.4.1
[DEBUG] r2dbc-mssql.version: 1.0.5.RELEASE
[DEBUG] r2dbc-mysql.version: 1.4.3
[DEBUG] r2dbc-pool.version: 1.0.2.RELEASE
[DEBUG] r2dbc-postgresql.version: 1.1.2.RELEASE
[DEBUG] r2dbc-proxy.version: 1.1.6.RELEASE
[DEBUG] r2dbc-spi.version: 1.0.0.RELEASE
[DEBUG] rabbit-amqp-client.version: 5.30.0
[DEBUG] rabbit-stream-client.version: 1.6.0
[DEBUG] reactive-streams.version: 1.0.4
[DEBUG] reactor-bom.version: 2025.0.7
[DEBUG] resource.delimiter: @
[DEBUG] rsocket.version: 1.1.5
[DEBUG] rxjava3.version: 3.1.12
[DEBUG] saaj-impl.version: 3.0.6
[DEBUG] selenium-htmlunit.version: 4.43.0
[DEBUG] selenium.version: 4.43.0
[DEBUG] sendgrid.version: 4.10.3
[DEBUG] slf4j.version: 2.0.18
[DEBUG] snakeyaml.version: 2.6
[DEBUG] spring-amqp.version: 4.1.1
[DEBUG] spring-batch.version: 6.0.5
[DEBUG] spring-boot.run.main-class: ${start-class}
[DEBUG] spring-data-bom.version: 2026.0.1
[DEBUG] spring-framework.version: 7.0.9
[DEBUG] spring-graphql.version: 2.0.5
[DEBUG] spring-grpc.version: 1.1.1
[DEBUG] spring-hateoas.version: 3.1.2
[DEBUG] spring-integration.version: 7.1.1
[DEBUG] spring-kafka.version: 4.1.1
[DEBUG] spring-ldap.version: 4.1.1
[DEBUG] spring-pulsar.version: 2.0.7
[DEBUG] spring-restdocs.version: 4.0.1
[DEBUG] spring-security.version: 7.1.1
[DEBUG] spring-session.version: 4.1.1
[DEBUG] spring-ws.version: 5.0.2
[DEBUG] sqlite-jdbc.version: 3.53.2.1
[DEBUG] sun.arch.data.model: 64
[DEBUG] sun.boot.library.path: C:\Program Files\Java\jdk-17\bin
[DEBUG] sun.cpu.endian: little
[DEBUG] sun.cpu.isalist: amd64
[DEBUG] sun.io.unicode.encoding: UnicodeLittle
[DEBUG] sun.java.command: org.codehaus.plexus.classworlds.launcher.Launcher test -Dtest=ConcurrencyIT -e -X
[DEBUG] sun.java.launcher: SUN_STANDARD
[DEBUG] sun.jnu.encoding: Cp1252
[DEBUG] sun.management.compiler: HotSpot 64-Bit Tiered Compilers
[DEBUG] sun.os.patch.level: 
[DEBUG] test: ConcurrencyIT
[DEBUG] testcontainers-redis-module.version: 2.2.4
[DEBUG] testcontainers.version: 2.0.5
[DEBUG] thymeleaf-extras-data-attribute.version: 2.0.1
[DEBUG] thymeleaf-extras-springsecurity.version: 3.1.5.RELEASE
[DEBUG] thymeleaf-layout-dialect.version: 4.0.1
[DEBUG] thymeleaf.version: 3.1.5.RELEASE
[DEBUG] tomcat.version: 11.0.24
[DEBUG] unboundid-ldapsdk.version: 7.0.5
[DEBUG] user.country: US
[DEBUG] user.country.format: AS
[DEBUG] user.dir: C:\Users\jorge\Escritorio\Certero_API
[DEBUG] user.home: C:\Users\jorge
[DEBUG] user.language: en
[DEBUG] user.name: jorge
[DEBUG] user.script: 
[DEBUG] user.variant: 
[DEBUG] versions-maven-plugin.version: 2.21.0
[DEBUG] vibur.version: 26.0
[DEBUG] webjars-locator-core.version: 0.59
[DEBUG] webjars-locator-lite.version: 1.1.4
[DEBUG] wsdl4j.version: 1.6.3
[DEBUG] xml-maven-plugin.version: 1.2.1
[DEBUG] xmlunit2.version: 2.11.0
[DEBUG] yasson.version: 3.0.5
[DEBUG] zipkin-reporter.version: 3.5.3
[DEBUG] Using 'UTF-8' encoding to copy filtered resources.
[DEBUG] Using 'UTF-8' encoding to copy filtered properties files.
[DEBUG] resource with targetPath null
directory C:\Users\jorge\Escritorio\Certero_API\src\main\resources
excludes []
includes [**/application*.yml, **/application*.yaml, **/application*.properties]
[INFO] Copying 1 resource from src\main\resources to target\classes
[DEBUG] Copying file application.yml
[DEBUG] file application.yml has a filtered file extension
[DEBUG] Using 'UTF-8' encoding to copy filtered resource 'application.yml'.
[DEBUG] filtering C:\Users\jorge\Escritorio\Certero_API\src\main\resources\application.yml to C:\Users\jorge\Escritorio\Certero_API\target\classes\application.yml
[DEBUG] resource with targetPath null
directory C:\Users\jorge\Escritorio\Certero_API\src\main\resources
excludes [**/application*.yml, **/application*.yaml, **/application*.properties]
includes []
[INFO] Copying 2 resources from src\main\resources to target\classes
[DEBUG] Copying file application-dev.ymlaaa
[DEBUG] file application-dev.ymlaaa has a filtered file extension
[DEBUG] Using 'UTF-8' encoding to copy filtered resource 'application-dev.ymlaaa'.
[DEBUG] copy C:\Users\jorge\Escritorio\Certero_API\src\main\resources\application-dev.ymlaaa to C:\Users\jorge\Escritorio\Certero_API\target\classes\application-dev.ymlaaa
[DEBUG] Copying file db\migration\V1__init.sql
[DEBUG] file V1__init.sql has a filtered file extension
[DEBUG] Using 'UTF-8' encoding to copy filtered resource 'V1__init.sql'.
[DEBUG] copy C:\Users\jorge\Escritorio\Certero_API\src\main\resources\db\migration\V1__init.sql to C:\Users\jorge\Escritorio\Certero_API\target\classes\db\migration\V1__init.sql
[DEBUG] no user filter components
[INFO] 
[INFO] --- compiler:3.15.0:compile (default-compile) @ bank ---
[DEBUG] Using mirror maven-default-http-blocker (http://0.0.0.0/) for apache.snapshots (http://repository.apache.org/snapshots).
[DEBUG] Dependency collection stats {ConflictMarker.analyzeTime=59500, ConflictMarker.markTime=43500, ConflictMarker.nodeCount=23, ConflictIdSorter.graphTime=22900, ConflictIdSorter.topsortTime=14200, ConflictIdSorter.conflictIdCount=14, ConflictIdSorter.conflictIdCycleCount=0, ConflictResolver.totalTime=128400, ConflictResolver.conflictItemCount=23, DfDependencyCollector.collectTime=50656400, DfDependencyCollector.transformTime=285100}
[DEBUG] org.apache.maven.plugins:maven-compiler-plugin:jar:3.15.0
[DEBUG]    org.ow2.asm:asm:jar:9.9.1:compile
[DEBUG]    org.apache.maven.shared:maven-shared-utils:jar:3.4.2:compile
[DEBUG]       org.slf4j:slf4j-api:jar:1.7.36:compile
[DEBUG]       commons-io:commons-io:jar:2.11.0:compile
[DEBUG]    org.apache.maven.shared:maven-shared-incremental:jar:1.1:compile
[DEBUG]    org.codehaus.plexus:plexus-java:jar:1.5.2:compile
[DEBUG]       com.thoughtworks.qdox:qdox:jar:2.2.0:compile
[DEBUG]    org.codehaus.plexus:plexus-compiler-api:jar:2.16.2:compile
[DEBUG]    org.codehaus.plexus:plexus-compiler-manager:jar:2.16.2:compile
[DEBUG]       javax.inject:javax.inject:jar:1:compile
[DEBUG]       org.codehaus.plexus:plexus-xml:jar:3.0.1:compile (version managed from default)
[DEBUG]    org.codehaus.plexus:plexus-compiler-javac:jar:2.16.2:runtime
[DEBUG]    org.codehaus.plexus:plexus-utils:jar:4.0.2:compile
[DEBUG] Created new class realm plugin>org.apache.maven.plugins:maven-compiler-plugin:3.15.0
[DEBUG] Importing foreign packages into class realm plugin>org.apache.maven.plugins:maven-compiler-plugin:3.15.0
[DEBUG]   Imported:  < maven.api
[DEBUG] Populating class realm plugin>org.apache.maven.plugins:maven-compiler-plugin:3.15.0
[DEBUG]   Included: org.apache.maven.plugins:maven-compiler-plugin:jar:3.15.0
[DEBUG]   Included: org.ow2.asm:asm:jar:9.9.1
[DEBUG]   Included: org.apache.maven.shared:maven-shared-utils:jar:3.4.2
[DEBUG]   Included: commons-io:commons-io:jar:2.11.0
[DEBUG]   Included: org.apache.maven.shared:maven-shared-incremental:jar:1.1
[DEBUG]   Included: org.codehaus.plexus:plexus-java:jar:1.5.2
[DEBUG]   Included: com.thoughtworks.qdox:qdox:jar:2.2.0
[DEBUG]   Included: org.codehaus.plexus:plexus-compiler-api:jar:2.16.2
[DEBUG]   Included: org.codehaus.plexus:plexus-compiler-manager:jar:2.16.2
[DEBUG]   Included: org.codehaus.plexus:plexus-xml:jar:3.0.1
[DEBUG]   Included: org.codehaus.plexus:plexus-compiler-javac:jar:2.16.2
[DEBUG]   Included: org.codehaus.plexus:plexus-utils:jar:4.0.2
[DEBUG] Loading mojo org.apache.maven.plugins:maven-compiler-plugin:3.15.0:compile from plugin realm ClassRealm[plugin>org.apache.maven.plugins:maven-compiler-plugin:3.15.0, parent: jdk.internal.loader.ClassLoaders$AppClassLoader@73d16e93]
[DEBUG] Configuring mojo execution 'org.apache.maven.plugins:maven-compiler-plugin:3.15.0:compile:default-compile' with basic configurator -->
[DEBUG]   (s) groupId = org.projectlombok
[DEBUG]   (s) artifactId = lombok
[DEBUG]   (f) annotationProcessorPaths = [org.projectlombok:lombok.jar]
[DEBUG]   (f) annotationProcessorPathsUseDepMgmt = false
[DEBUG]   (f) basedir = C:\Users\jorge\Escritorio\Certero_API
[DEBUG]   (f) buildDirectory = C:\Users\jorge\Escritorio\Certero_API\target
[DEBUG]   (f) compilePath = [C:\Users\jorge\Escritorio\Certero_API\target\classes, C:\Users\jorge\.m2\repository\org\springframework\boot\spring-boot-starter-data-jpa\4.1.1\spring-boot-starter-data-jpa-4.1.1.jar, C:\Users\jorge\.m2\repository\org\springframework\boot\spring-boot-starter\4.1.1\spring-boot-starter-4.1.1.jar, C:\Users\jorge\.m2\repository\org\springframework\boot\spring-boot-starter-logging\4.1.1\spring-boot-starter-logging-4.1.1.jar, C:\Users\jorge\.m2\repository\ch\qos\logback\logback-classic\1.5.38\logback-classic-1.5.38.jar, C:\Users\jorge\.m2\repository\ch\qos\logback\logback-core\1.5.38\logback-core-1.5.38.jar, C:\Users\jorge\.m2\repository\org\apache\logging\log4j\log4j-to-slf4j\2.25.5\log4j-to-slf4j-2.25.5.jar, C:\Users\jorge\.m2\repository\org\apache\logging\log4j\log4j-api\2.25.5\log4j-api-2.25.5.jar, C:\Users\jorge\.m2\repository\org\slf4j\jul-to-slf4j\2.0.18\jul-to-slf4j-2.0.18.jar, C:\Users\jorge\.m2\repository\jakarta\annotation\jakarta.annotation-api\3.0.0\jakarta.annotation-api-3.0.0.jar, C:\Users\jorge\.m2\repository\org\yaml\snakeyaml\2.6\snakeyaml-2.6.jar, C:\Users\jorge\.m2\repository\org\springframework\boot\spring-boot-starter-jdbc\4.1.1\spring-boot-starter-jdbc-4.1.1.jar, C:\Users\jorge\.m2\repository\com\zaxxer\HikariCP\7.0.2\HikariCP-7.0.2.jar, C:\Users\jorge\.m2\repository\org\springframework\boot\spring-boot-data-jpa\4.1.1\spring-boot-data-jpa-4.1.1.jar, C:\Users\jorge\.m2\repository\org\springframework\boot\spring-boot-data-commons\4.1.1\spring-boot-data-commons-4.1.1.jar, C:\Users\jorge\.m2\repository\org\springframework\boot\spring-boot-persistence\4.1.1\spring-boot-persistence-4.1.1.jar, C:\Users\jorge\.m2\repository\org\springframework\data\spring-data-commons\4.1.1\spring-data-commons-4.1.1.jar, C:\Users\jorge\.m2\repository\org\springframework\boot\spring-boot-hibernate\4.1.1\spring-boot-hibernate-4.1.1.jar, C:\Users\jorge\.m2\repository\org\springframework\boot\spring-boot-jpa\4.1.1\spring-boot-jpa-4.1.1.jar, C:\Users\jorge\.m2\repository\jakarta\persistence\jakarta.persistence-api\3.2.0\jakarta.persistence-api-3.2.0.jar, C:\Users\jorge\.m2\repository\org\hibernate\orm\hibernate-core\7.4.5.Final\hibernate-core-7.4.5.Final.jar, C:\Users\jorge\.m2\repository\jakarta\transaction\jakarta.transaction-api\2.0.1\jakarta.transaction-api-2.0.1.jar, C:\Users\jorge\.m2\repository\org\springframework\spring-orm\7.0.9\spring-orm-7.0.9.jar, C:\Users\jorge\.m2\repository\org\springframework\data\spring-data-jpa\4.1.1\spring-data-jpa-4.1.1.jar, C:\Users\jorge\.m2\repository\org\springframework\spring-aop\7.0.9\spring-aop-7.0.9.jar, C:\Users\jorge\.m2\repository\org\springframework\spring-tx\7.0.9\spring-tx-7.0.9.jar, C:\Users\jorge\.m2\repository\org\antlr\antlr4-runtime\4.13.2\antlr4-runtime-4.13.2.jar, C:\Users\jorge\.m2\repository\org\springframework\spring-aspects\7.0.9\spring-aspects-7.0.9.jar, C:\Users\jorge\.m2\repository\org\aspectj\aspectjweaver\1.9.25.1\aspectjweaver-1.9.25.1.jar, C:\Users\jorge\.m2\repository\org\springframework\boot\spring-boot-jdbc\4.1.1\spring-boot-jdbc-4.1.1.jar, C:\Users\jorge\.m2\repository\org\springframework\boot\spring-boot-sql\4.1.1\spring-boot-sql-4.1.1.jar, C:\Users\jorge\.m2\repository\org\springframework\boot\spring-boot-transaction\4.1.1\spring-boot-transaction-4.1.1.jar, C:\Users\jorge\.m2\repository\org\springframework\spring-jdbc\7.0.9\spring-jdbc-7.0.9.jar, C:\Users\jorge\.m2\repository\org\springframework\boot\spring-boot-starter-flyway\4.1.1\spring-boot-starter-flyway-4.1.1.jar, C:\Users\jorge\.m2\repository\org\springframework\boot\spring-boot-flyway\4.1.1\spring-boot-flyway-4.1.1.jar, C:\Users\jorge\.m2\repository\org\springframework\boot\spring-boot-starter-validation\4.1.1\spring-boot-starter-validation-4.1.1.jar, C:\Users\jorge\.m2\repository\org\springframework\boot\spring-boot-validation\4.1.1\spring-boot-validation-4.1.1.jar, C:\Users\jorge\.m2\repository\org\apache\tomcat\embed\tomcat-embed-el\11.0.24\tomcat-embed-el-11.0.24.jar, C:\Users\jorge\.m2\repository\org\hibernate\validator\hibernate-validator\9.1.3.Final\hibernate-validator-9.1.3.Final.jar, C:\Users\jorge\.m2\repository\jakarta\validation\jakarta.validation-api\3.1.1\jakarta.validation-api-3.1.1.jar, C:\Users\jorge\.m2\repository\org\jboss\logging\jboss-logging\3.6.3.Final\jboss-logging-3.6.3.Final.jar, C:\Users\jorge\.m2\repository\com\fasterxml\classmate\1.7.3\classmate-1.7.3.jar, C:\Users\jorge\.m2\repository\org\springframework\boot\spring-boot-starter-json\4.1.1\spring-boot-starter-json-4.1.1.jar, C:\Users\jorge\.m2\repository\org\springframework\boot\spring-boot-jackson\4.1.1\spring-boot-jackson-4.1.1.jar, C:\Users\jorge\.m2\repository\tools\jackson\core\jackson-databind\3.1.5\jackson-databind-3.1.5.jar, C:\Users\jorge\.m2\repository\com\fasterxml\jackson\core\jackson-annotations\2.21\jackson-annotations-2.21.jar, C:\Users\jorge\.m2\repository\tools\jackson\core\jackson-core\3.1.5\jackson-core-3.1.5.jar, C:\Users\jorge\.m2\repository\org\springframework\boot\spring-boot-starter-webmvc\4.1.1\spring-boot-starter-webmvc-4.1.1.jar, C:\Users\jorge\.m2\repository\org\springframework\boot\spring-boot-starter-jackson\4.1.1\spring-boot-starter-jackson-4.1.1.jar, C:\Users\jorge\.m2\repository\org\springframework\boot\spring-boot-starter-tomcat\4.1.1\spring-boot-starter-tomcat-4.1.1.jar, C:\Users\jorge\.m2\repository\org\springframework\boot\spring-boot-starter-tomcat-runtime\4.1.1\spring-boot-starter-tomcat-runtime-4.1.1.jar, C:\Users\jorge\.m2\repository\org\apache\tomcat\embed\tomcat-embed-core\11.0.24\tomcat-embed-core-11.0.24.jar, C:\Users\jorge\.m2\repository\org\apache\tomcat\embed\tomcat-embed-websocket\11.0.24\tomcat-embed-websocket-11.0.24.jar, C:\Users\jorge\.m2\repository\org\springframework\boot\spring-boot-tomcat\4.1.1\spring-boot-tomcat-4.1.1.jar, C:\Users\jorge\.m2\repository\org\springframework\boot\spring-boot-http-converter\4.1.1\spring-boot-http-converter-4.1.1.jar, C:\Users\jorge\.m2\repository\org\springframework\boot\spring-boot-webmvc\4.1.1\spring-boot-webmvc-4.1.1.jar, C:\Users\jorge\.m2\repository\org\springframework\boot\spring-boot-servlet\4.1.1\spring-boot-servlet-4.1.1.jar, C:\Users\jorge\.m2\repository\org\springframework\spring-webmvc\7.0.9\spring-webmvc-7.0.9.jar, C:\Users\jorge\.m2\repository\org\springframework\spring-expression\7.0.9\spring-expression-7.0.9.jar, C:\Users\jorge\.m2\repository\org\flywaydb\flyway-database-postgresql\12.4.0\flyway-database-postgresql-12.4.0.jar, C:\Users\jorge\.m2\repository\org\flywaydb\flyway-core\12.4.0\flyway-core-12.4.0.jar, C:\Users\jorge\.m2\repository\org\projectlombok\lombok\1.18.46\lombok-1.18.46.jar, C:\Users\jorge\.m2\repository\org\springframework\spring-core\7.0.9\spring-core-7.0.9.jar, C:\Users\jorge\.m2\repository\commons-logging\commons-logging\1.3.6\commons-logging-1.3.6.jar, C:\Users\jorge\.m2\repository\org\jspecify\jspecify\1.0.1\jspecify-1.0.1.jar, C:\Users\jorge\.m2\repository\org\springframework\boot\spring-boot-web-server\4.1.1\spring-boot-web-server-4.1.1.jar, C:\Users\jorge\.m2\repository\org\slf4j\slf4j-api\2.0.18\slf4j-api-2.0.18.jar, C:\Users\jorge\.m2\repository\org\springframework\boot\spring-boot-autoconfigure\4.1.1\spring-boot-autoconfigure-4.1.1.jar, C:\Users\jorge\.m2\repository\org\springframework\spring-web\7.0.9\spring-web-7.0.9.jar, C:\Users\jorge\.m2\repository\org\springframework\spring-beans\7.0.9\spring-beans-7.0.9.jar, C:\Users\jorge\.m2\repository\io\micrometer\micrometer-observation\1.17.1\micrometer-observation-1.17.1.jar, C:\Users\jorge\.m2\repository\io\micrometer\micrometer-commons\1.17.1\micrometer-commons-1.17.1.jar, C:\Users\jorge\.m2\repository\org\springframework\boot\spring-boot\4.1.1\spring-boot-4.1.1.jar, C:\Users\jorge\.m2\repository\org\springframework\spring-context\7.0.9\spring-context-7.0.9.jar]
[DEBUG]   (f) compileSourceRoots = [C:\Users\jorge\Escritorio\Certero_API\src\main\java]
[DEBUG]   (f) compilerId = javac
[DEBUG]   (f) createMissingPackageInfoClass = true
[DEBUG]   (f) debug = true
[DEBUG]   (f) debugFileName = javac
[DEBUG]   (f) enablePreview = false
[DEBUG]   (f) encoding = UTF-8
[DEBUG]   (f) failOnError = true
[DEBUG]   (f) failOnWarning = false
[DEBUG]   (f) fileExtensions = [jar, class]
[DEBUG]   (f) forceJavacCompilerUse = false
[DEBUG]   (f) forceLegacyJavacApi = false
[DEBUG]   (f) fork = false
[DEBUG]   (f) generatedSourcesDirectory = C:\Users\jorge\Escritorio\Certero_API\target\generated-sources\annotations
[DEBUG]   (f) moduleVersion = 0.0.1-SNAPSHOT
[DEBUG]   (f) mojoExecution = org.apache.maven.plugins:maven-compiler-plugin:3.15.0:compile {execution: default-compile}
[DEBUG]   (f) optimize = false
[DEBUG]   (f) outputDirectory = C:\Users\jorge\Escritorio\Certero_API\target\classes
[DEBUG]   (f) parameters = true
[DEBUG]   (f) project = MavenProject: com.example:bank:0.0.1-SNAPSHOT @ C:\Users\jorge\Escritorio\Certero_API\pom.xml
[DEBUG]   (f) projectArtifact = com.example:bank:jar:0.0.1-SNAPSHOT
[DEBUG]   (s) release = 17
[DEBUG]   (f) session = org.apache.maven.execution.MavenSession@4317850d
[DEBUG]   (f) showCompilationChanges = false
[DEBUG]   (f) showDeprecation = false
[DEBUG]   (f) showWarnings = true
[DEBUG]   (f) skipMultiThreadWarning = false
[DEBUG]   (f) source = 1.8
[DEBUG]   (f) staleMillis = 0
[DEBUG]   (s) target = 1.8
[DEBUG]   (f) useIncrementalCompilation = true
[DEBUG]   (f) useModuleVersion = true
[DEBUG]   (f) verbose = false
[DEBUG] -- end configuration --
[DEBUG] Using compiler 'javac'.
[DEBUG] Dependency collection stats {ConflictMarker.analyzeTime=17600, ConflictMarker.markTime=10900, ConflictMarker.nodeCount=2, ConflictIdSorter.graphTime=5800, ConflictIdSorter.topsortTime=5600, ConflictIdSorter.conflictIdCount=1, ConflictIdSorter.conflictIdCycleCount=0, ConflictResolver.totalTime=77100, ConflictResolver.conflictItemCount=1, DfDependencyCollector.collectTime=1659700, DfDependencyCollector.transformTime=130200}
[DEBUG] CompilerReuseStrategy: reuseCreated
[DEBUG] useIncrementalCompilation enabled
[INFO] 	Stale source detected: C:\Users\jorge\Escritorio\Certero_API\src\main\java\com\example\bank\config\JacksonConfig.java
[INFO] 	Stale source detected: C:\Users\jorge\Escritorio\Certero_API\src\main\java\util\UlidGenerator.java
[INFO] Recompiling the module because of changed source code.
[DEBUG] Classpath:
[DEBUG]  C:\Users\jorge\Escritorio\Certero_API\target\classes
[DEBUG]  C:\Users\jorge\.m2\repository\org\springframework\boot\spring-boot-starter-data-jpa\4.1.1\spring-boot-starter-data-jpa-4.1.1.jar
[DEBUG]  C:\Users\jorge\.m2\repository\org\springframework\boot\spring-boot-starter\4.1.1\spring-boot-starter-4.1.1.jar
[DEBUG]  C:\Users\jorge\.m2\repository\org\springframework\boot\spring-boot-starter-logging\4.1.1\spring-boot-starter-logging-4.1.1.jar
[DEBUG]  C:\Users\jorge\.m2\repository\ch\qos\logback\logback-classic\1.5.38\logback-classic-1.5.38.jar
[DEBUG]  C:\Users\jorge\.m2\repository\ch\qos\logback\logback-core\1.5.38\logback-core-1.5.38.jar
[DEBUG]  C:\Users\jorge\.m2\repository\org\apache\logging\log4j\log4j-to-slf4j\2.25.5\log4j-to-slf4j-2.25.5.jar
[DEBUG]  C:\Users\jorge\.m2\repository\org\apache\logging\log4j\log4j-api\2.25.5\log4j-api-2.25.5.jar
[DEBUG]  C:\Users\jorge\.m2\repository\org\slf4j\jul-to-slf4j\2.0.18\jul-to-slf4j-2.0.18.jar
[DEBUG]  C:\Users\jorge\.m2\repository\jakarta\annotation\jakarta.annotation-api\3.0.0\jakarta.annotation-api-3.0.0.jar
[DEBUG]  C:\Users\jorge\.m2\repository\org\yaml\snakeyaml\2.6\snakeyaml-2.6.jar
[DEBUG]  C:\Users\jorge\.m2\repository\org\springframework\boot\spring-boot-starter-jdbc\4.1.1\spring-boot-starter-jdbc-4.1.1.jar
[DEBUG]  C:\Users\jorge\.m2\repository\com\zaxxer\HikariCP\7.0.2\HikariCP-7.0.2.jar
[DEBUG]  C:\Users\jorge\.m2\repository\org\springframework\boot\spring-boot-data-jpa\4.1.1\spring-boot-data-jpa-4.1.1.jar
[DEBUG]  C:\Users\jorge\.m2\repository\org\springframework\boot\spring-boot-data-commons\4.1.1\spring-boot-data-commons-4.1.1.jar
[DEBUG]  C:\Users\jorge\.m2\repository\org\springframework\boot\spring-boot-persistence\4.1.1\spring-boot-persistence-4.1.1.jar
[DEBUG]  C:\Users\jorge\.m2\repository\org\springframework\data\spring-data-commons\4.1.1\spring-data-commons-4.1.1.jar
[DEBUG]  C:\Users\jorge\.m2\repository\org\springframework\boot\spring-boot-hibernate\4.1.1\spring-boot-hibernate-4.1.1.jar
[DEBUG]  C:\Users\jorge\.m2\repository\org\springframework\boot\spring-boot-jpa\4.1.1\spring-boot-jpa-4.1.1.jar
[DEBUG]  C:\Users\jorge\.m2\repository\jakarta\persistence\jakarta.persistence-api\3.2.0\jakarta.persistence-api-3.2.0.jar
[DEBUG]  C:\Users\jorge\.m2\repository\org\hibernate\orm\hibernate-core\7.4.5.Final\hibernate-core-7.4.5.Final.jar
[DEBUG]  C:\Users\jorge\.m2\repository\jakarta\transaction\jakarta.transaction-api\2.0.1\jakarta.transaction-api-2.0.1.jar
[DEBUG]  C:\Users\jorge\.m2\repository\org\springframework\spring-orm\7.0.9\spring-orm-7.0.9.jar
[DEBUG]  C:\Users\jorge\.m2\repository\org\springframework\data\spring-data-jpa\4.1.1\spring-data-jpa-4.1.1.jar
[DEBUG]  C:\Users\jorge\.m2\repository\org\springframework\spring-aop\7.0.9\spring-aop-7.0.9.jar
[DEBUG]  C:\Users\jorge\.m2\repository\org\springframework\spring-tx\7.0.9\spring-tx-7.0.9.jar
[DEBUG]  C:\Users\jorge\.m2\repository\org\antlr\antlr4-runtime\4.13.2\antlr4-runtime-4.13.2.jar
[DEBUG]  C:\Users\jorge\.m2\repository\org\springframework\spring-aspects\7.0.9\spring-aspects-7.0.9.jar
[DEBUG]  C:\Users\jorge\.m2\repository\org\aspectj\aspectjweaver\1.9.25.1\aspectjweaver-1.9.25.1.jar
[DEBUG]  C:\Users\jorge\.m2\repository\org\springframework\boot\spring-boot-jdbc\4.1.1\spring-boot-jdbc-4.1.1.jar
[DEBUG]  C:\Users\jorge\.m2\repository\org\springframework\boot\spring-boot-sql\4.1.1\spring-boot-sql-4.1.1.jar
[DEBUG]  C:\Users\jorge\.m2\repository\org\springframework\boot\spring-boot-transaction\4.1.1\spring-boot-transaction-4.1.1.jar
[DEBUG]  C:\Users\jorge\.m2\repository\org\springframework\spring-jdbc\7.0.9\spring-jdbc-7.0.9.jar
[DEBUG]  C:\Users\jorge\.m2\repository\org\springframework\boot\spring-boot-starter-flyway\4.1.1\spring-boot-starter-flyway-4.1.1.jar
[DEBUG]  C:\Users\jorge\.m2\repository\org\springframework\boot\spring-boot-flyway\4.1.1\spring-boot-flyway-4.1.1.jar
[DEBUG]  C:\Users\jorge\.m2\repository\org\springframework\boot\spring-boot-starter-validation\4.1.1\spring-boot-starter-validation-4.1.1.jar
[DEBUG]  C:\Users\jorge\.m2\repository\org\springframework\boot\spring-boot-validation\4.1.1\spring-boot-validation-4.1.1.jar
[DEBUG]  C:\Users\jorge\.m2\repository\org\apache\tomcat\embed\tomcat-embed-el\11.0.24\tomcat-embed-el-11.0.24.jar
[DEBUG]  C:\Users\jorge\.m2\repository\org\hibernate\validator\hibernate-validator\9.1.3.Final\hibernate-validator-9.1.3.Final.jar
[DEBUG]  C:\Users\jorge\.m2\repository\jakarta\validation\jakarta.validation-api\3.1.1\jakarta.validation-api-3.1.1.jar
[DEBUG]  C:\Users\jorge\.m2\repository\org\jboss\logging\jboss-logging\3.6.3.Final\jboss-logging-3.6.3.Final.jar
[DEBUG]  C:\Users\jorge\.m2\repository\com\fasterxml\classmate\1.7.3\classmate-1.7.3.jar
[DEBUG]  C:\Users\jorge\.m2\repository\org\springframework\boot\spring-boot-starter-json\4.1.1\spring-boot-starter-json-4.1.1.jar
[DEBUG]  C:\Users\jorge\.m2\repository\org\springframework\boot\spring-boot-jackson\4.1.1\spring-boot-jackson-4.1.1.jar
[DEBUG]  C:\Users\jorge\.m2\repository\tools\jackson\core\jackson-databind\3.1.5\jackson-databind-3.1.5.jar
[DEBUG]  C:\Users\jorge\.m2\repository\com\fasterxml\jackson\core\jackson-annotations\2.21\jackson-annotations-2.21.jar
[DEBUG]  C:\Users\jorge\.m2\repository\tools\jackson\core\jackson-core\3.1.5\jackson-core-3.1.5.jar
[DEBUG]  C:\Users\jorge\.m2\repository\org\springframework\boot\spring-boot-starter-webmvc\4.1.1\spring-boot-starter-webmvc-4.1.1.jar
[DEBUG]  C:\Users\jorge\.m2\repository\org\springframework\boot\spring-boot-starter-jackson\4.1.1\spring-boot-starter-jackson-4.1.1.jar
[DEBUG]  C:\Users\jorge\.m2\repository\org\springframework\boot\spring-boot-starter-tomcat\4.1.1\spring-boot-starter-tomcat-4.1.1.jar
[DEBUG]  C:\Users\jorge\.m2\repository\org\springframework\boot\spring-boot-starter-tomcat-runtime\4.1.1\spring-boot-starter-tomcat-runtime-4.1.1.jar
[DEBUG]  C:\Users\jorge\.m2\repository\org\apache\tomcat\embed\tomcat-embed-core\11.0.24\tomcat-embed-core-11.0.24.jar
[DEBUG]  C:\Users\jorge\.m2\repository\org\apache\tomcat\embed\tomcat-embed-websocket\11.0.24\tomcat-embed-websocket-11.0.24.jar
[DEBUG]  C:\Users\jorge\.m2\repository\org\springframework\boot\spring-boot-tomcat\4.1.1\spring-boot-tomcat-4.1.1.jar
[DEBUG]  C:\Users\jorge\.m2\repository\org\springframework\boot\spring-boot-http-converter\4.1.1\spring-boot-http-converter-4.1.1.jar
[DEBUG]  C:\Users\jorge\.m2\repository\org\springframework\boot\spring-boot-webmvc\4.1.1\spring-boot-webmvc-4.1.1.jar
[DEBUG]  C:\Users\jorge\.m2\repository\org\springframework\boot\spring-boot-servlet\4.1.1\spring-boot-servlet-4.1.1.jar
[DEBUG]  C:\Users\jorge\.m2\repository\org\springframework\spring-webmvc\7.0.9\spring-webmvc-7.0.9.jar
[DEBUG]  C:\Users\jorge\.m2\repository\org\springframework\spring-expression\7.0.9\spring-expression-7.0.9.jar
[DEBUG]  C:\Users\jorge\.m2\repository\org\flywaydb\flyway-database-postgresql\12.4.0\flyway-database-postgresql-12.4.0.jar
[DEBUG]  C:\Users\jorge\.m2\repository\org\flywaydb\flyway-core\12.4.0\flyway-core-12.4.0.jar
[DEBUG]  C:\Users\jorge\.m2\repository\org\projectlombok\lombok\1.18.46\lombok-1.18.46.jar
[DEBUG]  C:\Users\jorge\.m2\repository\org\springframework\spring-core\7.0.9\spring-core-7.0.9.jar
[DEBUG]  C:\Users\jorge\.m2\repository\commons-logging\commons-logging\1.3.6\commons-logging-1.3.6.jar
[DEBUG]  C:\Users\jorge\.m2\repository\org\jspecify\jspecify\1.0.1\jspecify-1.0.1.jar
[DEBUG]  C:\Users\jorge\.m2\repository\org\springframework\boot\spring-boot-web-server\4.1.1\spring-boot-web-server-4.1.1.jar
[DEBUG]  C:\Users\jorge\.m2\repository\org\slf4j\slf4j-api\2.0.18\slf4j-api-2.0.18.jar
[DEBUG]  C:\Users\jorge\.m2\repository\org\springframework\boot\spring-boot-autoconfigure\4.1.1\spring-boot-autoconfigure-4.1.1.jar
[DEBUG]  C:\Users\jorge\.m2\repository\org\springframework\spring-web\7.0.9\spring-web-7.0.9.jar
[DEBUG]  C:\Users\jorge\.m2\repository\org\springframework\spring-beans\7.0.9\spring-beans-7.0.9.jar
[DEBUG]  C:\Users\jorge\.m2\repository\io\micrometer\micrometer-observation\1.17.1\micrometer-observation-1.17.1.jar
[DEBUG]  C:\Users\jorge\.m2\repository\io\micrometer\micrometer-commons\1.17.1\micrometer-commons-1.17.1.jar
[DEBUG]  C:\Users\jorge\.m2\repository\org\springframework\boot\spring-boot\4.1.1\spring-boot-4.1.1.jar
[DEBUG]  C:\Users\jorge\.m2\repository\org\springframework\spring-context\7.0.9\spring-context-7.0.9.jar
[DEBUG] Source roots:
[DEBUG]  C:\Users\jorge\Escritorio\Certero_API\src\main\java
[DEBUG] Command line options:
[DEBUG] -d C:\Users\jorge\Escritorio\Certero_API\target\classes -classpath C:\Users\jorge\Escritorio\Certero_API\target\classes;C:\Users\jorge\.m2\repository\org\springframework\boot\spring-boot-starter-data-jpa\4.1.1\spring-boot-starter-data-jpa-4.1.1.jar;C:\Users\jorge\.m2\repository\org\springframework\boot\spring-boot-starter\4.1.1\spring-boot-starter-4.1.1.jar;C:\Users\jorge\.m2\repository\org\springframework\boot\spring-boot-starter-logging\4.1.1\spring-boot-starter-logging-4.1.1.jar;C:\Users\jorge\.m2\repository\ch\qos\logback\logback-classic\1.5.38\logback-classic-1.5.38.jar;C:\Users\jorge\.m2\repository\ch\qos\logback\logback-core\1.5.38\logback-core-1.5.38.jar;C:\Users\jorge\.m2\repository\org\apache\logging\log4j\log4j-to-slf4j\2.25.5\log4j-to-slf4j-2.25.5.jar;C:\Users\jorge\.m2\repository\org\apache\logging\log4j\log4j-api\2.25.5\log4j-api-2.25.5.jar;C:\Users\jorge\.m2\repository\org\slf4j\jul-to-slf4j\2.0.18\jul-to-slf4j-2.0.18.jar;C:\Users\jorge\.m2\repository\jakarta\annotation\jakarta.annotation-api\3.0.0\jakarta.annotation-api-3.0.0.jar;C:\Users\jorge\.m2\repository\org\yaml\snakeyaml\2.6\snakeyaml-2.6.jar;C:\Users\jorge\.m2\repository\org\springframework\boot\spring-boot-starter-jdbc\4.1.1\spring-boot-starter-jdbc-4.1.1.jar;C:\Users\jorge\.m2\repository\com\zaxxer\HikariCP\7.0.2\HikariCP-7.0.2.jar;C:\Users\jorge\.m2\repository\org\springframework\boot\spring-boot-data-jpa\4.1.1\spring-boot-data-jpa-4.1.1.jar;C:\Users\jorge\.m2\repository\org\springframework\boot\spring-boot-data-commons\4.1.1\spring-boot-data-commons-4.1.1.jar;C:\Users\jorge\.m2\repository\org\springframework\boot\spring-boot-persistence\4.1.1\spring-boot-persistence-4.1.1.jar;C:\Users\jorge\.m2\repository\org\springframework\data\spring-data-commons\4.1.1\spring-data-commons-4.1.1.jar;C:\Users\jorge\.m2\repository\org\springframework\boot\spring-boot-hibernate\4.1.1\spring-boot-hibernate-4.1.1.jar;C:\Users\jorge\.m2\repository\org\springframework\boot\spring-boot-jpa\4.1.1\spring-boot-jpa-4.1.1.jar;C:\Users\jorge\.m2\repository\jakarta\persistence\jakarta.persistence-api\3.2.0\jakarta.persistence-api-3.2.0.jar;C:\Users\jorge\.m2\repository\org\hibernate\orm\hibernate-core\7.4.5.Final\hibernate-core-7.4.5.Final.jar;C:\Users\jorge\.m2\repository\jakarta\transaction\jakarta.transaction-api\2.0.1\jakarta.transaction-api-2.0.1.jar;C:\Users\jorge\.m2\repository\org\springframework\spring-orm\7.0.9\spring-orm-7.0.9.jar;C:\Users\jorge\.m2\repository\org\springframework\data\spring-data-jpa\4.1.1\spring-data-jpa-4.1.1.jar;C:\Users\jorge\.m2\repository\org\springframework\spring-aop\7.0.9\spring-aop-7.0.9.jar;C:\Users\jorge\.m2\repository\org\springframework\spring-tx\7.0.9\spring-tx-7.0.9.jar;C:\Users\jorge\.m2\repository\org\antlr\antlr4-runtime\4.13.2\antlr4-runtime-4.13.2.jar;C:\Users\jorge\.m2\repository\org\springframework\spring-aspects\7.0.9\spring-aspects-7.0.9.jar;C:\Users\jorge\.m2\repository\org\aspectj\aspectjweaver\1.9.25.1\aspectjweaver-1.9.25.1.jar;C:\Users\jorge\.m2\repository\org\springframework\boot\spring-boot-jdbc\4.1.1\spring-boot-jdbc-4.1.1.jar;C:\Users\jorge\.m2\repository\org\springframework\boot\spring-boot-sql\4.1.1\spring-boot-sql-4.1.1.jar;C:\Users\jorge\.m2\repository\org\springframework\boot\spring-boot-transaction\4.1.1\spring-boot-transaction-4.1.1.jar;C:\Users\jorge\.m2\repository\org\springframework\spring-jdbc\7.0.9\spring-jdbc-7.0.9.jar;C:\Users\jorge\.m2\repository\org\springframework\boot\spring-boot-starter-flyway\4.1.1\spring-boot-starter-flyway-4.1.1.jar;C:\Users\jorge\.m2\repository\org\springframework\boot\spring-boot-flyway\4.1.1\spring-boot-flyway-4.1.1.jar;C:\Users\jorge\.m2\repository\org\springframework\boot\spring-boot-starter-validation\4.1.1\spring-boot-starter-validation-4.1.1.jar;C:\Users\jorge\.m2\repository\org\springframework\boot\spring-boot-validation\4.1.1\spring-boot-validation-4.1.1.jar;C:\Users\jorge\.m2\repository\org\apache\tomcat\embed\tomcat-embed-el\11.0.24\tomcat-embed-el-11.0.24.jar;C:\Users\jorge\.m2\repository\org\hibernate\validator\hibernate-validator\9.1.3.Final\hibernate-validator-9.1.3.Final.jar;C:\Users\jorge\.m2\repository\jakarta\validation\jakarta.validation-api\3.1.1\jakarta.validation-api-3.1.1.jar;C:\Users\jorge\.m2\repository\org\jboss\logging\jboss-logging\3.6.3.Final\jboss-logging-3.6.3.Final.jar;C:\Users\jorge\.m2\repository\com\fasterxml\classmate\1.7.3\classmate-1.7.3.jar;C:\Users\jorge\.m2\repository\org\springframework\boot\spring-boot-starter-json\4.1.1\spring-boot-starter-json-4.1.1.jar;C:\Users\jorge\.m2\repository\org\springframework\boot\spring-boot-jackson\4.1.1\spring-boot-jackson-4.1.1.jar;C:\Users\jorge\.m2\repository\tools\jackson\core\jackson-databind\3.1.5\jackson-databind-3.1.5.jar;C:\Users\jorge\.m2\repository\com\fasterxml\jackson\core\jackson-annotations\2.21\jackson-annotations-2.21.jar;C:\Users\jorge\.m2\repository\tools\jackson\core\jackson-core\3.1.5\jackson-core-3.1.5.jar;C:\Users\jorge\.m2\repository\org\springframework\boot\spring-boot-starter-webmvc\4.1.1\spring-boot-starter-webmvc-4.1.1.jar;C:\Users\jorge\.m2\repository\org\springframework\boot\spring-boot-starter-jackson\4.1.1\spring-boot-starter-jackson-4.1.1.jar;C:\Users\jorge\.m2\repository\org\springframework\boot\spring-boot-starter-tomcat\4.1.1\spring-boot-starter-tomcat-4.1.1.jar;C:\Users\jorge\.m2\repository\org\springframework\boot\spring-boot-starter-tomcat-runtime\4.1.1\spring-boot-starter-tomcat-runtime-4.1.1.jar;C:\Users\jorge\.m2\repository\org\apache\tomcat\embed\tomcat-embed-core\11.0.24\tomcat-embed-core-11.0.24.jar;C:\Users\jorge\.m2\repository\org\apache\tomcat\embed\tomcat-embed-websocket\11.0.24\tomcat-embed-websocket-11.0.24.jar;C:\Users\jorge\.m2\repository\org\springframework\boot\spring-boot-tomcat\4.1.1\spring-boot-tomcat-4.1.1.jar;C:\Users\jorge\.m2\repository\org\springframework\boot\spring-boot-http-converter\4.1.1\spring-boot-http-converter-4.1.1.jar;C:\Users\jorge\.m2\repository\org\springframework\boot\spring-boot-webmvc\4.1.1\spring-boot-webmvc-4.1.1.jar;C:\Users\jorge\.m2\repository\org\springframework\boot\spring-boot-servlet\4.1.1\spring-boot-servlet-4.1.1.jar;C:\Users\jorge\.m2\repository\org\springframework\spring-webmvc\7.0.9\spring-webmvc-7.0.9.jar;C:\Users\jorge\.m2\repository\org\springframework\spring-expression\7.0.9\spring-expression-7.0.9.jar;C:\Users\jorge\.m2\repository\org\flywaydb\flyway-database-postgresql\12.4.0\flyway-database-postgresql-12.4.0.jar;C:\Users\jorge\.m2\repository\org\flywaydb\flyway-core\12.4.0\flyway-core-12.4.0.jar;C:\Users\jorge\.m2\repository\org\projectlombok\lombok\1.18.46\lombok-1.18.46.jar;C:\Users\jorge\.m2\repository\org\springframework\spring-core\7.0.9\spring-core-7.0.9.jar;C:\Users\jorge\.m2\repository\commons-logging\commons-logging\1.3.6\commons-logging-1.3.6.jar;C:\Users\jorge\.m2\repository\org\jspecify\jspecify\1.0.1\jspecify-1.0.1.jar;C:\Users\jorge\.m2\repository\org\springframework\boot\spring-boot-web-server\4.1.1\spring-boot-web-server-4.1.1.jar;C:\Users\jorge\.m2\repository\org\slf4j\slf4j-api\2.0.18\slf4j-api-2.0.18.jar;C:\Users\jorge\.m2\repository\org\springframework\boot\spring-boot-autoconfigure\4.1.1\spring-boot-autoconfigure-4.1.1.jar;C:\Users\jorge\.m2\repository\org\springframework\spring-web\7.0.9\spring-web-7.0.9.jar;C:\Users\jorge\.m2\repository\org\springframework\spring-beans\7.0.9\spring-beans-7.0.9.jar;C:\Users\jorge\.m2\repository\io\micrometer\micrometer-observation\1.17.1\micrometer-observation-1.17.1.jar;C:\Users\jorge\.m2\repository\io\micrometer\micrometer-commons\1.17.1\micrometer-commons-1.17.1.jar;C:\Users\jorge\.m2\repository\org\springframework\boot\spring-boot\4.1.1\spring-boot-4.1.1.jar;C:\Users\jorge\.m2\repository\org\springframework\spring-context\7.0.9\spring-context-7.0.9.jar; -sourcepath C:\Users\jorge\Escritorio\Certero_API\src\main\java; -s C:\Users\jorge\Escritorio\Certero_API\target\generated-sources\annotations -processorpath C:\Users\jorge\.m2\repository\org\projectlombok\lombok\1.18.46\lombok-1.18.46.jar; -g -parameters --release 17 -encoding UTF-8 -XDuseUnsharedTable=true
[DEBUG] incrementalBuildHelper#beforeRebuildExecution
[INFO] Compiling 28 source files with javac [debug parameters release 17] to target\classes
[DEBUG] incrementalBuildHelper#afterRebuildExecution
[INFO] /C:/Users/jorge/Escritorio/Certero_API/src/main/java/com/example/bank/service/TransferPersistence.java: Some input files use or override a deprecated API.
[INFO] /C:/Users/jorge/Escritorio/Certero_API/src/main/java/com/example/bank/service/TransferPersistence.java: Recompile with -Xlint:deprecation for details.
[DEBUG] Adding C:\Users\jorge\Escritorio\Certero_API\target\generated-sources\annotations to the project compile source roots but NOT the actual compile source roots:
  C:\Users\jorge\Escritorio\Certero_API\src\main\java
[INFO] 
[INFO] --- resources:3.5.0:testResources (default-testResources) @ bank ---
[DEBUG] Loading mojo org.apache.maven.plugins:maven-resources-plugin:3.5.0:testResources from plugin realm ClassRealm[plugin>org.apache.maven.plugins:maven-resources-plugin:3.5.0, parent: jdk.internal.loader.ClassLoaders$AppClassLoader@73d16e93]
[DEBUG] Configuring mojo execution 'org.apache.maven.plugins:maven-resources-plugin:3.5.0:testResources:default-testResources' with basic configurator -->
[DEBUG]   (f) addDefaultExcludes = true
[DEBUG]   (f) buildFilters = []
[DEBUG]   (s) delimiters = [@]
[DEBUG]   (f) encoding = UTF-8
[DEBUG]   (f) escapeWindowsPaths = true
[DEBUG]   (f) fileNameFiltering = false
[DEBUG]   (s) includeEmptyDirs = false
[DEBUG]   (s) outputDirectory = C:\Users\jorge\Escritorio\Certero_API\target\test-classes
[DEBUG]   (s) overwrite = false
[DEBUG]   (f) project = MavenProject: com.example:bank:0.0.1-SNAPSHOT @ C:\Users\jorge\Escritorio\Certero_API\pom.xml
[DEBUG]   (f) propertiesEncoding = UTF-8
[DEBUG]   (s) resources = [Resource {targetPath: null, filtering: false, FileSet {directory: C:\Users\jorge\Escritorio\Certero_API\src\test\resources, PatternSet [includes: {}, excludes: {}]}}]
[DEBUG]   (f) session = org.apache.maven.execution.MavenSession@4317850d
[DEBUG]   (f) skip = false
[DEBUG]   (f) supportMultiLineFiltering = false
[DEBUG]   (f) useBuildFilters = true
[DEBUG]   (s) useDefaultDelimiters = false
[DEBUG] -- end configuration --
[DEBUG] properties used:
[DEBUG] activemq.version: 6.2.9
[DEBUG] angus-mail.version: 2.0.5
[DEBUG] artemis.version: 2.53.0
[DEBUG] aspectj.version: 1.9.25.1
[DEBUG] assertj.version: 3.27.7
[DEBUG] awaitility.version: 4.3.0
[DEBUG] brave.version: 6.3.1
[DEBUG] build-helper-maven-plugin.version: 3.6.1
[DEBUG] byte-buddy.version: 1.18.11
[DEBUG] cache2k.version: 2.6.1.Final
[DEBUG] caffeine.version: 3.2.4
[DEBUG] cassandra-driver.version: 4.19.3
[DEBUG] classmate.version: 1.7.3
[DEBUG] classworlds.conf: C:\Users\jorge\.m2\wrapper\dists\apache-maven-3.9.16\0daed3be3ebd1c706f0e69e8b07c6b73f5cc4ea3dfce72a8d0ec2e849ca2ddb0\bin\m2.conf
[DEBUG] commons-codec.version: 1.21.0
[DEBUG] commons-dbcp2.version: 2.14.0
[DEBUG] commons-lang3.version: 3.20.0
[DEBUG] commons-logging.version: 1.3.6
[DEBUG] commons-pool.version: 1.6
[DEBUG] commons-pool2.version: 2.13.1
[DEBUG] couchbase-client.version: 3.11.3
[DEBUG] crac.version: 1.5.0
[DEBUG] cyclonedx-maven-plugin.version: 2.9.3
[DEBUG] db2-jdbc.version: 12.1.5.0
[DEBUG] dependency-management-plugin.version: 1.1.7
[DEBUG] derby.version: 10.16.1.1
[DEBUG] ehcache3.version: 3.12.0
[DEBUG] elasticsearch-client.version: 9.4.5
[DEBUG] env.=::: ::\
[DEBUG] env.=C:: C:\Users\jorge\Escritorio\Certero_API
[DEBUG] env.=EXITCODE: 00000000
[DEBUG] env.ACSETUPSVCPORT: 23210
[DEBUG] env.ACSVCPORT: 17532
[DEBUG] env.ALLUSERSPROFILE: C:\ProgramData
[DEBUG] env.APPDATA: C:\Users\jorge\AppData\Roaming
[DEBUG] env.ASL.LOG: Destination=file
[DEBUG] env.CLASSWORLDS_JAR: "C:\Users\jorge\.m2\wrapper\dists\apache-maven-3.9.16\0daed3be3ebd1c706f0e69e8b07c6b73f5cc4ea3dfce72a8d0ec2e849ca2ddb0\boot\plexus-classworlds-2.11.0.jar"
[DEBUG] env.CLASSWORLDS_LAUNCHER: org.codehaus.plexus.classworlds.launcher.Launcher
[DEBUG] env.COMMONPROGRAMFILES: C:\Program Files\Common Files
[DEBUG] env.COMMONPROGRAMFILES(X86): C:\Program Files (x86)\Common Files
[DEBUG] env.COMMONPROGRAMW6432: C:\Program Files\Common Files
[DEBUG] env.COMPUTERNAME: ASUS
[DEBUG] env.COMSPEC: C:\WINDOWS\system32\cmd.exe
[DEBUG] env.DRIVERDATA: C:\Windows\System32\Drivers\DriverData
[DEBUG] env.EFC_19832_1592913036: 1
[DEBUG] env.EFC_19832_2946480783: 1
[DEBUG] env.EFC_19832_344590478: 1
[DEBUG] env.EFC_19832_4126798990: 1
[DEBUG] env.ENABLELOG: INFO
[DEBUG] env.ERROR_CODE: 0
[DEBUG] env.EXEC_DIR: C:\Users\jorge\Escritorio\Certero_API
[DEBUG] env.FNM_ARCH: x64
[DEBUG] env.FNM_COREPACK_ENABLED: false
[DEBUG] env.FNM_DIR: C:\Users\jorge\AppData\Roaming\fnm
[DEBUG] env.FNM_LOGLEVEL: info
[DEBUG] env.FNM_MULTISHELL_PATH: C:\Users\jorge\AppData\Local\fnm_multishells\66448_1790379477858
[DEBUG] env.FNM_NODE_DIST_MIRROR: https://nodejs.org/dist
[DEBUG] env.FNM_RESOLVE_ENGINES: true
[DEBUG] env.FNM_VERSION_FILE_STRATEGY: local
[DEBUG] env.FPS_BROWSER_APP_PROFILE_STRING: Internet Explorer
[DEBUG] env.FPS_BROWSER_USER_PROFILE_STRING: Default
[DEBUG] env.HOMEDRIVE: C:
[DEBUG] env.HOMEPATH: \Users\jorge
[DEBUG] env.INTERNAL_MAVEN_OPTS: --enable-native-access=ALL-UNNAMED 
[DEBUG] env.JAVACMD: C:\Program Files\Java\jdk-17\bin\java.exe
[DEBUG] env.JAVA_HOME: C:\Program Files\Java\jdk-17
[DEBUG] env.JETBRAINS_INTELLIJ_COMMAND_END_MARKER: O4H4mBb3pbBrg4bLRcDUBkWs6gaMQxALLSZxJYDW5xhNZ3IW4iuf0yQeaKusIAwz
[DEBUG] env.JVMCONFIG: \.mvn\jvm.config
[DEBUG] env.LOCALAPPDATA: C:\Users\jorge\AppData\Local
[DEBUG] env.LOGONSERVER: \\ASUS
[DEBUG] env.MAVEN_CMD_LINE_ARGS: test -Dtest=ConcurrencyIT -e -X
[DEBUG] env.MAVEN_HOME: C:\Users\jorge\.m2\wrapper\dists\apache-maven-3.9.16\0daed3be3ebd1c706f0e69e8b07c6b73f5cc4ea3dfce72a8d0ec2e849ca2ddb0
[DEBUG] env.MAVEN_PROJECTBASEDIR: C:\Users\jorge\Escritorio\Certero_API
[DEBUG] env.NUMBER_OF_PROCESSORS: 16
[DEBUG] env.ONEDRIVE: C:\Users\jorge\OneDrive
[DEBUG] env.ONEDRIVECONSUMER: C:\Users\jorge\OneDrive
[DEBUG] env.OS: Windows_NT
[DEBUG] env.PATH: C:\Users\jorge\AppData\Local\fnm_multishells\66448_1790379477858;C:\Program Files\Common Files\Oracle\Java\javapath;C:\Windows\system32;C:\Windows;C:\Windows\System32\Wbem;C:\Windows\System32\WindowsPowerShell\v1.0\;C:\Windows\System32\OpenSSH\;C:\Program Files (x86)\NVIDIA Corporation\PhysX\Common;C:\Program Files\dotnet\;C:\Program Files\Git\cmd;C:\Users\jorge\AppData\Roaming\fnm\node-versions\v20.16.0\installation;C:\Program Files (x86)\Microsoft SQL Server\160\Tools\Binn\;C:\Program Files\Microsoft SQL Server\160\Tools\Binn\;C:\Program Files\Microsoft SQL Server\Client SDK\ODBC\170\Tools\Binn\;C:\Program Files\Microsoft SQL Server\160\DTS\Binn\;C:\Program Files (x86)\Microsoft SQL Server\160\DTS\Binn\;C:\Program Files\Java\jdk-17\bin;C:\WINDOWS\system32;C:\WINDOWS;C:\WINDOWS\System32\Wbem;C:\WINDOWS\System32\WindowsPowerShell\v1.0\;C:\WINDOWS\System32\OpenSSH\;C:\Program Files\apache-maven-3.9.9\bin;;C:\Program Files\Docker\Docker\resources\bin;C:\Program Files\NVIDIA Corporation\NVIDIA App\NvDLISR;C:\Users\jorge\AppData\Local\Programs\Python\Python313\Scripts\;C:\Users\jorge\AppData\Local\Programs\Python\Python313\;C:\Users\jorge\AppData\Local\Programs\Python\Launcher\;C:\Users\jorge\AppData\Local\Microsoft\WindowsApps;C:\Users\jorge\AppData\Local\Programs\Microsoft VS Code\bin;C:\Users\jorge\AppData\Local\Microsoft\WinGet\Packages\Schniz.fnm_Microsoft.Winget.Source_8wekyb3d8bbwe;C:\Program Files\Java\jdk-17;C:\Program Files\PostgreSQL\17\bin;C:\Program Files\spring-3.4.3\bin;C:\Program Files\JetBrains\PyCharm 2025.3.1.1\bin
[DEBUG] env.PATHEXT: .COM;.EXE;.BAT;.CMD;.VBS;.VBE;.JS;.JSE;.WSF;.WSH;.MSC;.CPL
[DEBUG] env.PROCESSOR_ARCHITECTURE: AMD64
[DEBUG] env.PROCESSOR_IDENTIFIER: AMD64 Family 25 Model 68 Stepping 1, AuthenticAMD
[DEBUG] env.PROCESSOR_LEVEL: 25
[DEBUG] env.PROCESSOR_REVISION: 4401
[DEBUG] env.PROGRAMDATA: C:\ProgramData
[DEBUG] env.PROGRAMFILES: C:\Program Files
[DEBUG] env.PROGRAMFILES(X86): C:\Program Files (x86)
[DEBUG] env.PROGRAMW6432: C:\Program Files
[DEBUG] env.PROMPT: $P$G
[DEBUG] env.PSEXECUTIONPOLICYPREFERENCE: Bypass
[DEBUG] env.PSMODULEPATH: C:\Users\jorge\Documentos\WindowsPowerShell\Modules;C:\Program Files\WindowsPowerShell\Modules;C:\WINDOWS\system32\WindowsPowerShell\v1.0\Modules;C:\Program Files (x86)\Microsoft SQL Server\160\Tools\PowerShell\Modules\
[DEBUG] env.PUBLIC: C:\Users\Public
[DEBUG] env.PYCHARM: C:\Program Files\JetBrains\PyCharm 2025.3.1.1\bin
[DEBUG] env.RLSSVCPORT: 22112
[DEBUG] env.SESSIONNAME: Console
[DEBUG] env.SYSTEMDRIVE: C:
[DEBUG] env.SYSTEMROOT: C:\WINDOWS
[DEBUG] env.TEMP: C:\Users\jorge\AppData\Local\Temp
[DEBUG] env.TERMINAL_EMULATOR: JetBrains-JediTerm
[DEBUG] env.TERM_SESSION_ID: 7d67a2c3-83b6-47f1-8df4-d60db0b28db5
[DEBUG] env.TMP: C:\Users\jorge\AppData\Local\Temp
[DEBUG] env.USERDOMAIN: ASUS
[DEBUG] env.USERDOMAIN_ROAMINGPROFILE: ASUS
[DEBUG] env.USERNAME: jorge
[DEBUG] env.USERPROFILE: C:\Users\jorge
[DEBUG] env.VAAR: Uno
[DEBUG] env.WDIR: C:\Users\jorge\Escritorio\Certero_API
[DEBUG] env.WINDIR: C:\WINDOWS
[DEBUG] env.__MVNW_CMD__: C:\Users\jorge/.m2/wrapper/dists/apache-maven-3.9.16/0daed3be3ebd1c706f0e69e8b07c6b73f5cc4ea3dfce72a8d0ec2e849ca2ddb0/bin/mvn.cmd
[DEBUG] file.encoding: Cp1252
[DEBUG] file.separator: \
[DEBUG] flyway.version: 12.4.0
[DEBUG] freemarker.version: 2.3.34
[DEBUG] git-commit-id-maven-plugin.version: 9.2.0
[DEBUG] glassfish-jaxb.version: 4.0.9
[DEBUG] glassfish-jstl.version: 3.0.1
[DEBUG] graphql-java.version: 25.0
[DEBUG] groovy.version: 5.0.8
[DEBUG] grpc-java.version: 1.83.1
[DEBUG] grpc-kotlin.version: 1.5.0
[DEBUG] gson.version: 2.13.2
[DEBUG] h2.version: 2.4.240
[DEBUG] hamcrest.version: 3.0
[DEBUG] hazelcast.version: 5.5.0
[DEBUG] hibernate-validator.version: 9.1.3.Final
[DEBUG] hibernate.version: 7.4.5.Final
[DEBUG] hikaricp.version: 7.0.2
[DEBUG] hsqldb.version: 2.7.3
[DEBUG] htmlunit.version: 4.21.0
[DEBUG] httpasyncclient.version: 4.1.5
[DEBUG] httpclient5.version: 5.6.4
[DEBUG] httpcore.version: 4.4.16
[DEBUG] httpcore5.version: 5.4.3
[DEBUG] infinispan.version: 16.1.4
[DEBUG] influxdb-java.version: 2.25
[DEBUG] jackson-2-bom.version: 2.21.5
[DEBUG] jackson-bom.version: 3.1.5
[DEBUG] jakarta-activation.version: 2.1.4
[DEBUG] jakarta-annotation.version: 3.0.0
[DEBUG] jakarta-inject.version: 2.0.1
[DEBUG] jakarta-jms.version: 3.1.0
[DEBUG] jakarta-json-bind.version: 3.0.2
[DEBUG] jakarta-json.version: 2.1.3
[DEBUG] jakarta-mail.version: 2.1.5
[DEBUG] jakarta-management.version: 1.1.4
[DEBUG] jakarta-persistence.version: 3.2.0
[DEBUG] jakarta-servlet-jsp-jstl.version: 3.0.2
[DEBUG] jakarta-servlet.version: 6.1.0
[DEBUG] jakarta-transaction.version: 2.0.1
[DEBUG] jakarta-validation.version: 3.1.1
[DEBUG] jakarta-websocket.version: 2.2.0
[DEBUG] jakarta-ws-rs.version: 4.0.0
[DEBUG] jakarta-xml-bind.version: 4.0.5
[DEBUG] jakarta-xml-soap.version: 3.0.2
[DEBUG] jakarta-xml-ws.version: 4.0.3
[DEBUG] janino.version: 3.1.12
[DEBUG] java.class.path: C:\Users\jorge\.m2\wrapper\dists\apache-maven-3.9.16\0daed3be3ebd1c706f0e69e8b07c6b73f5cc4ea3dfce72a8d0ec2e849ca2ddb0\boot\plexus-classworlds-2.11.0.jar
[DEBUG] java.class.version: 61.0
[DEBUG] java.home: C:\Program Files\Java\jdk-17
[DEBUG] java.io.tmpdir: C:\Users\jorge\AppData\Local\Temp\
[DEBUG] java.library.path: C:\Program Files\Java\jdk-17\bin;C:\WINDOWS\Sun\Java\bin;C:\WINDOWS\system32;C:\WINDOWS;C:\Users\jorge\AppData\Local\fnm_multishells\66448_1790379477858;C:\Program Files\Common Files\Oracle\Java\javapath;C:\Windows\system32;C:\Windows;C:\Windows\System32\Wbem;C:\Windows\System32\WindowsPowerShell\v1.0\;C:\Windows\System32\OpenSSH\;C:\Program Files (x86)\NVIDIA Corporation\PhysX\Common;C:\Program Files\dotnet\;C:\Program Files\Git\cmd;C:\Users\jorge\AppData\Roaming\fnm\node-versions\v20.16.0\installation;C:\Program Files (x86)\Microsoft SQL Server\160\Tools\Binn\;C:\Program Files\Microsoft SQL Server\160\Tools\Binn\;C:\Program Files\Microsoft SQL Server\Client SDK\ODBC\170\Tools\Binn\;C:\Program Files\Microsoft SQL Server\160\DTS\Binn\;C:\Program Files (x86)\Microsoft SQL Server\160\DTS\Binn\;C:\Program Files\Java\jdk-17\bin;C:\WINDOWS\system32;C:\WINDOWS;C:\WINDOWS\System32\Wbem;C:\WINDOWS\System32\WindowsPowerShell\v1.0\;C:\WINDOWS\System32\OpenSSH\;C:\Program Files\apache-maven-3.9.9\bin;;C:\Program Files\Docker\Docker\resources\bin;C:\Program Files\NVIDIA Corporation\NVIDIA App\NvDLISR;C:\Users\jorge\AppData\Local\Programs\Python\Python313\Scripts\;C:\Users\jorge\AppData\Local\Programs\Python\Python313\;C:\Users\jorge\AppData\Local\Programs\Python\Launcher\;C:\Users\jorge\AppData\Local\Microsoft\WindowsApps;C:\Users\jorge\AppData\Local\Programs\Microsoft VS Code\bin;C:\Users\jorge\AppData\Local\Microsoft\WinGet\Packages\Schniz.fnm_Microsoft.Winget.Source_8wekyb3d8bbwe;C:\Program Files\Java\jdk-17;C:\Program Files\PostgreSQL\17\bin;C:\Program Files\spring-3.4.3\bin;C:\Program Files\JetBrains\PyCharm 2025.3.1.1\bin;.
[DEBUG] java.runtime.name: Java(TM) SE Runtime Environment
[DEBUG] java.runtime.version: 17.0.12+8-LTS-286
[DEBUG] java.specification.name: Java Platform API Specification
[DEBUG] java.specification.vendor: Oracle Corporation
[DEBUG] java.specification.version: 17
[DEBUG] java.vendor: Oracle Corporation
[DEBUG] java.vendor.url: https://java.oracle.com/
[DEBUG] java.vendor.url.bug: https://bugreport.java.com/bugreport/
[DEBUG] java.version: 17.0.12
[DEBUG] java.version.date: 2024-07-16
[DEBUG] java.vm.compressedOopsMode: Zero based
[DEBUG] java.vm.info: mixed mode, sharing
[DEBUG] java.vm.name: Java HotSpot(TM) 64-Bit Server VM
[DEBUG] java.vm.specification.name: Java Virtual Machine Specification
[DEBUG] java.vm.specification.vendor: Oracle Corporation
[DEBUG] java.vm.specification.version: 17
[DEBUG] java.vm.vendor: Oracle Corporation
[DEBUG] java.vm.version: 17.0.12+8-LTS-286
[DEBUG] javax-cache.version: 1.1.1
[DEBUG] javax-money.version: 1.1
[DEBUG] jaxen.version: 2.0.6
[DEBUG] jaybird.version: 6.0.5
[DEBUG] jboss-logging.version: 3.6.3.Final
[DEBUG] jdk.debug: release
[DEBUG] jdom2.version: 2.0.6.1
[DEBUG] jedis.version: 7.4.1
[DEBUG] jersey.version: 4.0.2
[DEBUG] jetty-reactive-httpclient.version: 4.1.5
[DEBUG] jetty.version: 12.1.12
[DEBUG] jmustache.version: 1.16
[DEBUG] jooq.version: 3.21.7
[DEBUG] json-path.version: 2.10.0
[DEBUG] json-smart.version: 2.6.0
[DEBUG] jsonassert.version: 1.5.3
[DEBUG] jspecify.version: 1.0.1
[DEBUG] jtds.version: 1.3.1
[DEBUG] junit-jupiter.version: 6.0.3
[DEBUG] junit.version: 4.13.2
[DEBUG] kafka.version: 4.2.1
[DEBUG] kotlin-coroutines.version: 1.10.2
[DEBUG] kotlin-serialization.version: 1.11.0
[DEBUG] kotlin.version: 2.3.21
[DEBUG] lettuce.version: 7.5.2.RELEASE
[DEBUG] library.jansi.path: C:\Users\jorge\.m2\wrapper\dists\apache-maven-3.9.16\0daed3be3ebd1c706f0e69e8b07c6b73f5cc4ea3dfce72a8d0ec2e849ca2ddb0\lib\jansi-native
[DEBUG] line.separator: 

[DEBUG] liquibase.version: 5.0.3
[DEBUG] log4j2.version: 2.25.5
[DEBUG] logback.version: 1.5.38
[DEBUG] lombok.version: 1.18.46
[DEBUG] mariadb.version: 3.5.10
[DEBUG] maven-antrun-plugin.version: 3.2.0
[DEBUG] maven-assembly-plugin.version: 3.8.0
[DEBUG] maven-clean-plugin.version: 3.5.0
[DEBUG] maven-compiler-plugin.version: 3.15.0
[DEBUG] maven-dependency-plugin.version: 3.10.0
[DEBUG] maven-deploy-plugin.version: 3.1.4
[DEBUG] maven-enforcer-plugin.version: 3.6.3
[DEBUG] maven-failsafe-plugin.version: 3.5.6
[DEBUG] maven-help-plugin.version: 3.5.2
[DEBUG] maven-install-plugin.version: 3.1.4
[DEBUG] maven-invoker-plugin.version: 3.9.1
[DEBUG] maven-jar-plugin.version: 3.5.1
[DEBUG] maven-javadoc-plugin.version: 3.12.0
[DEBUG] maven-resources-plugin.version: 3.5.0
[DEBUG] maven-shade-plugin.version: 3.6.2
[DEBUG] maven-source-plugin.version: 3.4.0
[DEBUG] maven-surefire-plugin.version: 3.5.6
[DEBUG] maven-war-plugin.version: 3.5.1
[DEBUG] maven.build.timestamp: 2026-09-26T03:30:47Z
[DEBUG] maven.build.version: Apache Maven 3.9.16 (2bdd9fddda4b155ebf8000e807eb73fd829a51d5)
[DEBUG] maven.compiler.release: 17
[DEBUG] maven.conf: C:\Users\jorge\.m2\wrapper\dists\apache-maven-3.9.16\0daed3be3ebd1c706f0e69e8b07c6b73f5cc4ea3dfce72a8d0ec2e849ca2ddb0/conf
[DEBUG] maven.home: C:\Users\jorge\.m2\wrapper\dists\apache-maven-3.9.16\0daed3be3ebd1c706f0e69e8b07c6b73f5cc4ea3dfce72a8d0ec2e849ca2ddb0
[DEBUG] maven.multiModuleProjectDirectory: C:\Users\jorge\Escritorio\Certero_API
[DEBUG] maven.version: 3.9.16
[DEBUG] micrometer-tracing.version: 1.7.1
[DEBUG] micrometer.version: 1.17.1
[DEBUG] mockito.version: 5.23.0
[DEBUG] mongodb.version: 5.8.1
[DEBUG] mssql-jdbc.version: 13.4.0.jre11
[DEBUG] mysql.version: 9.7.0
[DEBUG] native-build-tools-plugin.version: 1.1.8
[DEBUG] native.encoding: Cp1252
[DEBUG] nekohtml.version: 1.9.22
[DEBUG] neo4j-java-driver.version: 6.1.0
[DEBUG] netty.version: 4.2.17.Final
[DEBUG] opentelemetry.version: 1.62.0
[DEBUG] oracle-database.version: 23.26.3.0.0
[DEBUG] oracle-r2dbc.version: 1.3.0
[DEBUG] os.arch: amd64
[DEBUG] os.name: Windows 11
[DEBUG] os.version: 10.0
[DEBUG] path.separator: ;
[DEBUG] pooled-jms.version: 3.2.3
[DEBUG] postgresql.version: 42.7.13
[DEBUG] project.baseUri: file:/C:/Users/jorge/Escritorio/Certero_API/
[DEBUG] project.build.sourceEncoding: UTF-8
[DEBUG] project.reporting.outputEncoding: UTF-8
[DEBUG] prometheus-client.version: 1.7.0
[DEBUG] prometheus-simpleclient.version: 0.16.0
[DEBUG] protobuf-java.version: 4.35.1
[DEBUG] protobuf-maven-plugin.version: 5.1.8
[DEBUG] pulsar.version: 4.2.4
[DEBUG] qpid-protonj2.version: 1.1.0
[DEBUG] quartz.version: 2.5.2
[DEBUG] querydsl.version: 5.1.0
[DEBUG] r2dbc-h2.version: 1.1.0.RELEASE
[DEBUG] r2dbc-mariadb.version: 1.4.1
[DEBUG] r2dbc-mssql.version: 1.0.5.RELEASE
[DEBUG] r2dbc-mysql.version: 1.4.3
[DEBUG] r2dbc-pool.version: 1.0.2.RELEASE
[DEBUG] r2dbc-postgresql.version: 1.1.2.RELEASE
[DEBUG] r2dbc-proxy.version: 1.1.6.RELEASE
[DEBUG] r2dbc-spi.version: 1.0.0.RELEASE
[DEBUG] rabbit-amqp-client.version: 5.30.0
[DEBUG] rabbit-stream-client.version: 1.6.0
[DEBUG] reactive-streams.version: 1.0.4
[DEBUG] reactor-bom.version: 2025.0.7
[DEBUG] resource.delimiter: @
[DEBUG] rsocket.version: 1.1.5
[DEBUG] rxjava3.version: 3.1.12
[DEBUG] saaj-impl.version: 3.0.6
[DEBUG] selenium-htmlunit.version: 4.43.0
[DEBUG] selenium.version: 4.43.0
[DEBUG] sendgrid.version: 4.10.3
[DEBUG] slf4j.version: 2.0.18
[DEBUG] snakeyaml.version: 2.6
[DEBUG] spring-amqp.version: 4.1.1
[DEBUG] spring-batch.version: 6.0.5
[DEBUG] spring-boot.run.main-class: ${start-class}
[DEBUG] spring-data-bom.version: 2026.0.1
[DEBUG] spring-framework.version: 7.0.9
[DEBUG] spring-graphql.version: 2.0.5
[DEBUG] spring-grpc.version: 1.1.1
[DEBUG] spring-hateoas.version: 3.1.2
[DEBUG] spring-integration.version: 7.1.1
[DEBUG] spring-kafka.version: 4.1.1
[DEBUG] spring-ldap.version: 4.1.1
[DEBUG] spring-pulsar.version: 2.0.7
[DEBUG] spring-restdocs.version: 4.0.1
[DEBUG] spring-security.version: 7.1.1
[DEBUG] spring-session.version: 4.1.1
[DEBUG] spring-ws.version: 5.0.2
[DEBUG] sqlite-jdbc.version: 3.53.2.1
[DEBUG] sun.arch.data.model: 64
[DEBUG] sun.boot.library.path: C:\Program Files\Java\jdk-17\bin
[DEBUG] sun.cpu.endian: little
[DEBUG] sun.cpu.isalist: amd64
[DEBUG] sun.io.unicode.encoding: UnicodeLittle
[DEBUG] sun.java.command: org.codehaus.plexus.classworlds.launcher.Launcher test -Dtest=ConcurrencyIT -e -X
[DEBUG] sun.java.launcher: SUN_STANDARD
[DEBUG] sun.jnu.encoding: Cp1252
[DEBUG] sun.management.compiler: HotSpot 64-Bit Tiered Compilers
[DEBUG] sun.os.patch.level: 
[DEBUG] test: ConcurrencyIT
[DEBUG] testcontainers-redis-module.version: 2.2.4
[DEBUG] testcontainers.version: 2.0.5
[DEBUG] thymeleaf-extras-data-attribute.version: 2.0.1
[DEBUG] thymeleaf-extras-springsecurity.version: 3.1.5.RELEASE
[DEBUG] thymeleaf-layout-dialect.version: 4.0.1
[DEBUG] thymeleaf.version: 3.1.5.RELEASE
[DEBUG] tomcat.version: 11.0.24
[DEBUG] unboundid-ldapsdk.version: 7.0.5
[DEBUG] user.country: US
[DEBUG] user.country.format: AS
[DEBUG] user.dir: C:\Users\jorge\Escritorio\Certero_API
[DEBUG] user.home: C:\Users\jorge
[DEBUG] user.language: en
[DEBUG] user.name: jorge
[DEBUG] user.script: 
[DEBUG] user.variant: 
[DEBUG] versions-maven-plugin.version: 2.21.0
[DEBUG] vibur.version: 26.0
[DEBUG] webjars-locator-core.version: 0.59
[DEBUG] webjars-locator-lite.version: 1.1.4
[DEBUG] wsdl4j.version: 1.6.3
[DEBUG] xml-maven-plugin.version: 1.2.1
[DEBUG] xmlunit2.version: 2.11.0
[DEBUG] yasson.version: 3.0.5
[DEBUG] zipkin-reporter.version: 3.5.3
[DEBUG] Using 'UTF-8' encoding to copy filtered resources.
[DEBUG] Using 'UTF-8' encoding to copy filtered properties files.
[DEBUG] resource with targetPath null
directory C:\Users\jorge\Escritorio\Certero_API\src\test\resources
excludes []
includes []
[INFO] Copying 1 resource from src\test\resources to target\test-classes
[DEBUG] Copying file application-test.yml
[DEBUG] file application-test.yml has a filtered file extension
[DEBUG] Using 'UTF-8' encoding to copy filtered resource 'application-test.yml'.
[DEBUG] copy C:\Users\jorge\Escritorio\Certero_API\src\test\resources\application-test.yml to C:\Users\jorge\Escritorio\Certero_API\target\test-classes\application-test.yml
[DEBUG] no user filter components
[INFO] 
[INFO] --- compiler:3.15.0:testCompile (default-testCompile) @ bank ---
[DEBUG] Loading mojo org.apache.maven.plugins:maven-compiler-plugin:3.15.0:testCompile from plugin realm ClassRealm[plugin>org.apache.maven.plugins:maven-compiler-plugin:3.15.0, parent: jdk.internal.loader.ClassLoaders$AppClassLoader@73d16e93]
[DEBUG] Configuring mojo execution 'org.apache.maven.plugins:maven-compiler-plugin:3.15.0:testCompile:default-testCompile' with basic configurator -->
[DEBUG]   (s) groupId = org.projectlombok
[DEBUG]   (s) artifactId = lombok
[DEBUG]   (f) annotationProcessorPaths = [org.projectlombok:lombok.jar]
[DEBUG]   (f) annotationProcessorPathsUseDepMgmt = false
[DEBUG]   (f) basedir = C:\Users\jorge\Escritorio\Certero_API
[DEBUG]   (f) buildDirectory = C:\Users\jorge\Escritorio\Certero_API\target
[DEBUG]   (f) compileSourceRoots = [C:\Users\jorge\Escritorio\Certero_API\src\test\java]
[DEBUG]   (f) compilerId = javac
[DEBUG]   (f) createMissingPackageInfoClass = true
[DEBUG]   (f) debug = true
[DEBUG]   (f) debugFileName = javac-test
[DEBUG]   (f) enablePreview = false
[DEBUG]   (f) encoding = UTF-8
[DEBUG]   (f) failOnError = true
[DEBUG]   (f) failOnWarning = false
[DEBUG]   (f) fileExtensions = [jar, class]
[DEBUG]   (f) forceJavacCompilerUse = false
[DEBUG]   (f) forceLegacyJavacApi = false
[DEBUG]   (f) fork = false
[DEBUG]   (f) generatedTestSourcesDirectory = C:\Users\jorge\Escritorio\Certero_API\target\generated-test-sources\test-annotations
[DEBUG]   (f) mojoExecution = org.apache.maven.plugins:maven-compiler-plugin:3.15.0:testCompile {execution: default-testCompile}
[DEBUG]   (f) optimize = false
[DEBUG]   (f) outputDirectory = C:\Users\jorge\Escritorio\Certero_API\target\test-classes
[DEBUG]   (f) parameters = true
[DEBUG]   (f) project = MavenProject: com.example:bank:0.0.1-SNAPSHOT @ C:\Users\jorge\Escritorio\Certero_API\pom.xml
[DEBUG]   (s) release = 17
[DEBUG]   (f) session = org.apache.maven.execution.MavenSession@4317850d
[DEBUG]   (f) showCompilationChanges = false
[DEBUG]   (f) showDeprecation = false
[DEBUG]   (f) showWarnings = true
[DEBUG]   (f) skipMultiThreadWarning = false
[DEBUG]   (f) source = 1.8
[DEBUG]   (f) staleMillis = 0
[DEBUG]   (s) target = 1.8
[DEBUG]   (f) testPath = [C:\Users\jorge\Escritorio\Certero_API\target\test-classes, C:\Users\jorge\Escritorio\Certero_API\target\classes, C:\Users\jorge\.m2\repository\org\springframework\boot\spring-boot-starter-data-jpa\4.1.1\spring-boot-starter-data-jpa-4.1.1.jar, C:\Users\jorge\.m2\repository\org\springframework\boot\spring-boot-starter\4.1.1\spring-boot-starter-4.1.1.jar, C:\Users\jorge\.m2\repository\org\springframework\boot\spring-boot-starter-logging\4.1.1\spring-boot-starter-logging-4.1.1.jar, C:\Users\jorge\.m2\repository\ch\qos\logback\logback-classic\1.5.38\logback-classic-1.5.38.jar, C:\Users\jorge\.m2\repository\ch\qos\logback\logback-core\1.5.38\logback-core-1.5.38.jar, C:\Users\jorge\.m2\repository\org\apache\logging\log4j\log4j-to-slf4j\2.25.5\log4j-to-slf4j-2.25.5.jar, C:\Users\jorge\.m2\repository\org\apache\logging\log4j\log4j-api\2.25.5\log4j-api-2.25.5.jar, C:\Users\jorge\.m2\repository\org\slf4j\jul-to-slf4j\2.0.18\jul-to-slf4j-2.0.18.jar, C:\Users\jorge\.m2\repository\jakarta\annotation\jakarta.annotation-api\3.0.0\jakarta.annotation-api-3.0.0.jar, C:\Users\jorge\.m2\repository\org\yaml\snakeyaml\2.6\snakeyaml-2.6.jar, C:\Users\jorge\.m2\repository\org\springframework\boot\spring-boot-starter-jdbc\4.1.1\spring-boot-starter-jdbc-4.1.1.jar, C:\Users\jorge\.m2\repository\com\zaxxer\HikariCP\7.0.2\HikariCP-7.0.2.jar, C:\Users\jorge\.m2\repository\org\springframework\boot\spring-boot-data-jpa\4.1.1\spring-boot-data-jpa-4.1.1.jar, C:\Users\jorge\.m2\repository\org\springframework\boot\spring-boot-data-commons\4.1.1\spring-boot-data-commons-4.1.1.jar, C:\Users\jorge\.m2\repository\org\springframework\boot\spring-boot-persistence\4.1.1\spring-boot-persistence-4.1.1.jar, C:\Users\jorge\.m2\repository\org\springframework\data\spring-data-commons\4.1.1\spring-data-commons-4.1.1.jar, C:\Users\jorge\.m2\repository\org\springframework\boot\spring-boot-hibernate\4.1.1\spring-boot-hibernate-4.1.1.jar, C:\Users\jorge\.m2\repository\org\springframework\boot\spring-boot-jpa\4.1.1\spring-boot-jpa-4.1.1.jar, C:\Users\jorge\.m2\repository\jakarta\persistence\jakarta.persistence-api\3.2.0\jakarta.persistence-api-3.2.0.jar, C:\Users\jorge\.m2\repository\org\hibernate\orm\hibernate-core\7.4.5.Final\hibernate-core-7.4.5.Final.jar, C:\Users\jorge\.m2\repository\jakarta\transaction\jakarta.transaction-api\2.0.1\jakarta.transaction-api-2.0.1.jar, C:\Users\jorge\.m2\repository\org\hibernate\models\hibernate-models\1.1.1\hibernate-models-1.1.1.jar, C:\Users\jorge\.m2\repository\org\glassfish\jaxb\jaxb-runtime\4.0.9\jaxb-runtime-4.0.9.jar, C:\Users\jorge\.m2\repository\org\glassfish\jaxb\jaxb-core\4.0.9\jaxb-core-4.0.9.jar, C:\Users\jorge\.m2\repository\org\eclipse\angus\angus-activation\2.0.3\angus-activation-2.0.3.jar, C:\Users\jorge\.m2\repository\org\glassfish\jaxb\txw2\4.0.9\txw2-4.0.9.jar, C:\Users\jorge\.m2\repository\com\sun\istack\istack-commons-runtime\4.1.2\istack-commons-runtime-4.1.2.jar, C:\Users\jorge\.m2\repository\jakarta\inject\jakarta.inject-api\2.0.1\jakarta.inject-api-2.0.1.jar, C:\Users\jorge\.m2\repository\org\springframework\spring-orm\7.0.9\spring-orm-7.0.9.jar, C:\Users\jorge\.m2\repository\org\springframework\data\spring-data-jpa\4.1.1\spring-data-jpa-4.1.1.jar, C:\Users\jorge\.m2\repository\org\springframework\spring-aop\7.0.9\spring-aop-7.0.9.jar, C:\Users\jorge\.m2\repository\org\springframework\spring-tx\7.0.9\spring-tx-7.0.9.jar, C:\Users\jorge\.m2\repository\org\antlr\antlr4-runtime\4.13.2\antlr4-runtime-4.13.2.jar, C:\Users\jorge\.m2\repository\org\springframework\spring-aspects\7.0.9\spring-aspects-7.0.9.jar, C:\Users\jorge\.m2\repository\org\aspectj\aspectjweaver\1.9.25.1\aspectjweaver-1.9.25.1.jar, C:\Users\jorge\.m2\repository\org\springframework\boot\spring-boot-jdbc\4.1.1\spring-boot-jdbc-4.1.1.jar, C:\Users\jorge\.m2\repository\org\springframework\boot\spring-boot-sql\4.1.1\spring-boot-sql-4.1.1.jar, C:\Users\jorge\.m2\repository\org\springframework\boot\spring-boot-transaction\4.1.1\spring-boot-transaction-4.1.1.jar, C:\Users\jorge\.m2\repository\org\springframework\spring-jdbc\7.0.9\spring-jdbc-7.0.9.jar, C:\Users\jorge\.m2\repository\org\springframework\boot\spring-boot-starter-flyway\4.1.1\spring-boot-starter-flyway-4.1.1.jar, C:\Users\jorge\.m2\repository\org\springframework\boot\spring-boot-flyway\4.1.1\spring-boot-flyway-4.1.1.jar, C:\Users\jorge\.m2\repository\org\springframework\boot\spring-boot-starter-validation\4.1.1\spring-boot-starter-validation-4.1.1.jar, C:\Users\jorge\.m2\repository\org\springframework\boot\spring-boot-validation\4.1.1\spring-boot-validation-4.1.1.jar, C:\Users\jorge\.m2\repository\org\apache\tomcat\embed\tomcat-embed-el\11.0.24\tomcat-embed-el-11.0.24.jar, C:\Users\jorge\.m2\repository\org\hibernate\validator\hibernate-validator\9.1.3.Final\hibernate-validator-9.1.3.Final.jar, C:\Users\jorge\.m2\repository\jakarta\validation\jakarta.validation-api\3.1.1\jakarta.validation-api-3.1.1.jar, C:\Users\jorge\.m2\repository\org\jboss\logging\jboss-logging\3.6.3.Final\jboss-logging-3.6.3.Final.jar, C:\Users\jorge\.m2\repository\com\fasterxml\classmate\1.7.3\classmate-1.7.3.jar, C:\Users\jorge\.m2\repository\org\springframework\boot\spring-boot-starter-json\4.1.1\spring-boot-starter-json-4.1.1.jar, C:\Users\jorge\.m2\repository\org\springframework\boot\spring-boot-jackson\4.1.1\spring-boot-jackson-4.1.1.jar, C:\Users\jorge\.m2\repository\tools\jackson\core\jackson-databind\3.1.5\jackson-databind-3.1.5.jar, C:\Users\jorge\.m2\repository\com\fasterxml\jackson\core\jackson-annotations\2.21\jackson-annotations-2.21.jar, C:\Users\jorge\.m2\repository\tools\jackson\core\jackson-core\3.1.5\jackson-core-3.1.5.jar, C:\Users\jorge\.m2\repository\org\springframework\boot\spring-boot-starter-webmvc\4.1.1\spring-boot-starter-webmvc-4.1.1.jar, C:\Users\jorge\.m2\repository\org\springframework\boot\spring-boot-starter-jackson\4.1.1\spring-boot-starter-jackson-4.1.1.jar, C:\Users\jorge\.m2\repository\org\springframework\boot\spring-boot-starter-tomcat\4.1.1\spring-boot-starter-tomcat-4.1.1.jar, C:\Users\jorge\.m2\repository\org\springframework\boot\spring-boot-starter-tomcat-runtime\4.1.1\spring-boot-starter-tomcat-runtime-4.1.1.jar, C:\Users\jorge\.m2\repository\org\apache\tomcat\embed\tomcat-embed-core\11.0.24\tomcat-embed-core-11.0.24.jar, C:\Users\jorge\.m2\repository\org\apache\tomcat\embed\tomcat-embed-websocket\11.0.24\tomcat-embed-websocket-11.0.24.jar, C:\Users\jorge\.m2\repository\org\springframework\boot\spring-boot-tomcat\4.1.1\spring-boot-tomcat-4.1.1.jar, C:\Users\jorge\.m2\repository\org\springframework\boot\spring-boot-http-converter\4.1.1\spring-boot-http-converter-4.1.1.jar, C:\Users\jorge\.m2\repository\org\springframework\boot\spring-boot-webmvc\4.1.1\spring-boot-webmvc-4.1.1.jar, C:\Users\jorge\.m2\repository\org\springframework\boot\spring-boot-servlet\4.1.1\spring-boot-servlet-4.1.1.jar, C:\Users\jorge\.m2\repository\org\springframework\spring-webmvc\7.0.9\spring-webmvc-7.0.9.jar, C:\Users\jorge\.m2\repository\org\springframework\spring-expression\7.0.9\spring-expression-7.0.9.jar, C:\Users\jorge\.m2\repository\org\flywaydb\flyway-database-postgresql\12.4.0\flyway-database-postgresql-12.4.0.jar, C:\Users\jorge\.m2\repository\org\flywaydb\flyway-core\12.4.0\flyway-core-12.4.0.jar, C:\Users\jorge\.m2\repository\org\postgresql\postgresql\42.7.13\postgresql-42.7.13.jar, C:\Users\jorge\.m2\repository\org\checkerframework\checker-qual\3.55.1\checker-qual-3.55.1.jar, C:\Users\jorge\.m2\repository\org\projectlombok\lombok\1.18.46\lombok-1.18.46.jar, C:\Users\jorge\.m2\repository\org\springframework\boot\spring-boot-starter-data-jpa-test\4.1.1\spring-boot-starter-data-jpa-test-4.1.1.jar, C:\Users\jorge\.m2\repository\org\springframework\boot\spring-boot-starter-test\4.1.1\spring-boot-starter-test-4.1.1.jar, C:\Users\jorge\.m2\repository\org\springframework\boot\spring-boot-test-autoconfigure\4.1.1\spring-boot-test-autoconfigure-4.1.1.jar, C:\Users\jorge\.m2\repository\com\jayway\jsonpath\json-path\2.10.0\json-path-2.10.0.jar, C:\Users\jorge\.m2\repository\jakarta\xml\bind\jakarta.xml.bind-api\4.0.5\jakarta.xml.bind-api-4.0.5.jar, C:\Users\jorge\.m2\repository\jakarta\activation\jakarta.activation-api\2.1.4\jakarta.activation-api-2.1.4.jar, C:\Users\jorge\.m2\repository\net\minidev\json-smart\2.6.0\json-smart-2.6.0.jar, C:\Users\jorge\.m2\repository\net\minidev\accessors-smart\2.6.0\accessors-smart-2.6.0.jar, C:\Users\jorge\.m2\repository\org\ow2\asm\asm\9.7.1\asm-9.7.1.jar, C:\Users\jorge\.m2\repository\org\assertj\assertj-core\3.27.7\assertj-core-3.27.7.jar, C:\Users\jorge\.m2\repository\net\bytebuddy\byte-buddy\1.18.11\byte-buddy-1.18.11.jar, C:\Users\jorge\.m2\repository\org\awaitility\awaitility\4.3.0\awaitility-4.3.0.jar, C:\Users\jorge\.m2\repository\org\hamcrest\hamcrest\3.0\hamcrest-3.0.jar, C:\Users\jorge\.m2\repository\org\junit\jupiter\junit-jupiter\6.0.3\junit-jupiter-6.0.3.jar, C:\Users\jorge\.m2\repository\org\junit\jupiter\junit-jupiter-api\6.0.3\junit-jupiter-api-6.0.3.jar, C:\Users\jorge\.m2\repository\org\opentest4j\opentest4j\1.3.0\opentest4j-1.3.0.jar, C:\Users\jorge\.m2\repository\org\junit\platform\junit-platform-commons\6.0.3\junit-platform-commons-6.0.3.jar, C:\Users\jorge\.m2\repository\org\apiguardian\apiguardian-api\1.1.2\apiguardian-api-1.1.2.jar, C:\Users\jorge\.m2\repository\org\junit\jupiter\junit-jupiter-params\6.0.3\junit-jupiter-params-6.0.3.jar, C:\Users\jorge\.m2\repository\org\junit\jupiter\junit-jupiter-engine\6.0.3\junit-jupiter-engine-6.0.3.jar, C:\Users\jorge\.m2\repository\org\junit\platform\junit-platform-engine\6.0.3\junit-platform-engine-6.0.3.jar, C:\Users\jorge\.m2\repository\org\mockito\mockito-core\5.23.0\mockito-core-5.23.0.jar, C:\Users\jorge\.m2\repository\net\bytebuddy\byte-buddy-agent\1.18.11\byte-buddy-agent-1.18.11.jar, C:\Users\jorge\.m2\repository\org\objenesis\objenesis\3.3\objenesis-3.3.jar, C:\Users\jorge\.m2\repository\org\mockito\mockito-junit-jupiter\5.23.0\mockito-junit-jupiter-5.23.0.jar, C:\Users\jorge\.m2\repository\org\skyscreamer\jsonassert\1.5.3\jsonassert-1.5.3.jar, C:\Users\jorge\.m2\repository\com\vaadin\external\google\android-json\0.0.20131108.vaadin1\android-json-0.0.20131108.vaadin1.jar, C:\Users\jorge\.m2\repository\org\springframework\spring-core\7.0.9\spring-core-7.0.9.jar, C:\Users\jorge\.m2\repository\commons-logging\commons-logging\1.3.6\commons-logging-1.3.6.jar, C:\Users\jorge\.m2\repository\org\jspecify\jspecify\1.0.1\jspecify-1.0.1.jar, C:\Users\jorge\.m2\repository\org\springframework\spring-test\7.0.9\spring-test-7.0.9.jar, C:\Users\jorge\.m2\repository\org\xmlunit\xmlunit-core\2.11.0\xmlunit-core-2.11.0.jar, C:\Users\jorge\.m2\repository\org\springframework\boot\spring-boot-starter-jdbc-test\4.1.1\spring-boot-starter-jdbc-test-4.1.1.jar, C:\Users\jorge\.m2\repository\org\springframework\boot\spring-boot-jdbc-test\4.1.1\spring-boot-jdbc-test-4.1.1.jar, C:\Users\jorge\.m2\repository\org\springframework\boot\spring-boot-data-jpa-test\4.1.1\spring-boot-data-jpa-test-4.1.1.jar, C:\Users\jorge\.m2\repository\org\springframework\boot\spring-boot-jpa-test\4.1.1\spring-boot-jpa-test-4.1.1.jar, C:\Users\jorge\.m2\repository\org\springframework\boot\spring-boot-starter-flyway-test\4.1.1\spring-boot-starter-flyway-test-4.1.1.jar, C:\Users\jorge\.m2\repository\org\springframework\boot\spring-boot-starter-validation-test\4.1.1\spring-boot-starter-validation-test-4.1.1.jar, C:\Users\jorge\.m2\repository\org\springframework\boot\spring-boot-starter-webmvc-test\4.1.1\spring-boot-starter-webmvc-test-4.1.1.jar, C:\Users\jorge\.m2\repository\org\springframework\boot\spring-boot-starter-jackson-test\4.1.1\spring-boot-starter-jackson-test-4.1.1.jar, C:\Users\jorge\.m2\repository\org\springframework\boot\spring-boot-webmvc-test\4.1.1\spring-boot-webmvc-test-4.1.1.jar, C:\Users\jorge\.m2\repository\org\springframework\boot\spring-boot-web-server\4.1.1\spring-boot-web-server-4.1.1.jar, C:\Users\jorge\.m2\repository\org\testcontainers\testcontainers-junit-jupiter\2.0.5\testcontainers-junit-jupiter-2.0.5.jar, C:\Users\jorge\.m2\repository\org\testcontainers\testcontainers\2.0.5\testcontainers-2.0.5.jar, C:\Users\jorge\.m2\repository\org\slf4j\slf4j-api\2.0.18\slf4j-api-2.0.18.jar, C:\Users\jorge\.m2\repository\org\apache\commons\commons-compress\1.28.0\commons-compress-1.28.0.jar, C:\Users\jorge\.m2\repository\commons-codec\commons-codec\1.21.0\commons-codec-1.21.0.jar, C:\Users\jorge\.m2\repository\commons-io\commons-io\2.20.0\commons-io-2.20.0.jar, C:\Users\jorge\.m2\repository\org\apache\commons\commons-lang3\3.20.0\commons-lang3-3.20.0.jar, C:\Users\jorge\.m2\repository\org\rnorth\duct-tape\duct-tape\1.0.8\duct-tape-1.0.8.jar, C:\Users\jorge\.m2\repository\org\jetbrains\annotations\17.0.0\annotations-17.0.0.jar, C:\Users\jorge\.m2\repository\com\github\docker-java\docker-java-api\3.7.1\docker-java-api-3.7.1.jar, C:\Users\jorge\.m2\repository\com\github\docker-java\docker-java-transport-zerodep\3.7.1\docker-java-transport-zerodep-3.7.1.jar, C:\Users\jorge\.m2\repository\com\github\docker-java\docker-java-transport\3.7.1\docker-java-transport-3.7.1.jar, C:\Users\jorge\.m2\repository\net\java\dev\jna\jna\5.18.1\jna-5.18.1.jar, C:\Users\jorge\.m2\repository\org\testcontainers\testcontainers-postgresql\2.0.5\testcontainers-postgresql-2.0.5.jar, C:\Users\jorge\.m2\repository\org\testcontainers\testcontainers-jdbc\2.0.5\testcontainers-jdbc-2.0.5.jar, C:\Users\jorge\.m2\repository\org\testcontainers\testcontainers-database-commons\2.0.5\testcontainers-database-commons-2.0.5.jar, C:\Users\jorge\.m2\repository\org\springframework\boot\spring-boot-testcontainers\4.1.1\spring-boot-testcontainers-4.1.1.jar, C:\Users\jorge\.m2\repository\org\springframework\boot\spring-boot-autoconfigure\4.1.1\spring-boot-autoconfigure-4.1.1.jar, C:\Users\jorge\.m2\repository\org\springframework\boot\spring-boot-resttestclient\4.1.1\spring-boot-resttestclient-4.1.1.jar, C:\Users\jorge\.m2\repository\org\springframework\boot\spring-boot-test\4.1.1\spring-boot-test-4.1.1.jar, C:\Users\jorge\.m2\repository\org\springframework\spring-web\7.0.9\spring-web-7.0.9.jar, C:\Users\jorge\.m2\repository\org\springframework\spring-beans\7.0.9\spring-beans-7.0.9.jar, C:\Users\jorge\.m2\repository\io\micrometer\micrometer-observation\1.17.1\micrometer-observation-1.17.1.jar, C:\Users\jorge\.m2\repository\io\micrometer\micrometer-commons\1.17.1\micrometer-commons-1.17.1.jar, C:\Users\jorge\.m2\repository\org\springframework\boot\spring-boot-restclient\4.1.1\spring-boot-restclient-4.1.1.jar, C:\Users\jorge\.m2\repository\org\springframework\boot\spring-boot\4.1.1\spring-boot-4.1.1.jar, C:\Users\jorge\.m2\repository\org\springframework\spring-context\7.0.9\spring-context-7.0.9.jar, C:\Users\jorge\.m2\repository\org\springframework\boot\spring-boot-http-client\4.1.1\spring-boot-http-client-4.1.1.jar]
[DEBUG]   (f) useIncrementalCompilation = true
[DEBUG]   (f) useModulePath = true
[DEBUG]   (f) verbose = false
[DEBUG] -- end configuration --
[DEBUG] Using compiler 'javac'.
[DEBUG] Dependency collection stats {ConflictMarker.analyzeTime=16200, ConflictMarker.markTime=10200, ConflictMarker.nodeCount=2, ConflictIdSorter.graphTime=6800, ConflictIdSorter.topsortTime=8000, ConflictIdSorter.conflictIdCount=1, ConflictIdSorter.conflictIdCycleCount=0, ConflictResolver.totalTime=44200, ConflictResolver.conflictItemCount=1, DfDependencyCollector.collectTime=350300, DfDependencyCollector.transformTime=99700}
[DEBUG] CompilerReuseStrategy: reuseCreated
[DEBUG] useIncrementalCompilation enabled
[INFO] 	New dependency detected: C:\Users\jorge\Escritorio\Certero_API\target\classes\com\example\bank\BankApplication.class
[INFO] 	Stale source detected: C:\Users\jorge\Escritorio\Certero_API\src\test\java\com\example\bank\web\concurrency\ConcurrencyIT.java
[INFO] 	Stale source detected: C:\Users\jorge\Escritorio\Certero_API\src\test\java\AbstractIntegrationTest.java
[INFO] Recompiling the module because of changed dependency.
[DEBUG] Classpath:
[DEBUG]  C:\Users\jorge\Escritorio\Certero_API\target\test-classes
[DEBUG]  C:\Users\jorge\Escritorio\Certero_API\target\classes
[DEBUG]  C:\Users\jorge\.m2\repository\org\springframework\boot\spring-boot-starter-data-jpa\4.1.1\spring-boot-starter-data-jpa-4.1.1.jar
[DEBUG]  C:\Users\jorge\.m2\repository\org\springframework\boot\spring-boot-starter\4.1.1\spring-boot-starter-4.1.1.jar
[DEBUG]  C:\Users\jorge\.m2\repository\org\springframework\boot\spring-boot-starter-logging\4.1.1\spring-boot-starter-logging-4.1.1.jar
[DEBUG]  C:\Users\jorge\.m2\repository\ch\qos\logback\logback-classic\1.5.38\logback-classic-1.5.38.jar
[DEBUG]  C:\Users\jorge\.m2\repository\ch\qos\logback\logback-core\1.5.38\logback-core-1.5.38.jar
[DEBUG]  C:\Users\jorge\.m2\repository\org\apache\logging\log4j\log4j-to-slf4j\2.25.5\log4j-to-slf4j-2.25.5.jar
[DEBUG]  C:\Users\jorge\.m2\repository\org\apache\logging\log4j\log4j-api\2.25.5\log4j-api-2.25.5.jar
[DEBUG]  C:\Users\jorge\.m2\repository\org\slf4j\jul-to-slf4j\2.0.18\jul-to-slf4j-2.0.18.jar
[DEBUG]  C:\Users\jorge\.m2\repository\jakarta\annotation\jakarta.annotation-api\3.0.0\jakarta.annotation-api-3.0.0.jar
[DEBUG]  C:\Users\jorge\.m2\repository\org\yaml\snakeyaml\2.6\snakeyaml-2.6.jar
[DEBUG]  C:\Users\jorge\.m2\repository\org\springframework\boot\spring-boot-starter-jdbc\4.1.1\spring-boot-starter-jdbc-4.1.1.jar
[DEBUG]  C:\Users\jorge\.m2\repository\com\zaxxer\HikariCP\7.0.2\HikariCP-7.0.2.jar
[DEBUG]  C:\Users\jorge\.m2\repository\org\springframework\boot\spring-boot-data-jpa\4.1.1\spring-boot-data-jpa-4.1.1.jar
[DEBUG]  C:\Users\jorge\.m2\repository\org\springframework\boot\spring-boot-data-commons\4.1.1\spring-boot-data-commons-4.1.1.jar
[DEBUG]  C:\Users\jorge\.m2\repository\org\springframework\boot\spring-boot-persistence\4.1.1\spring-boot-persistence-4.1.1.jar
[DEBUG]  C:\Users\jorge\.m2\repository\org\springframework\data\spring-data-commons\4.1.1\spring-data-commons-4.1.1.jar
[DEBUG]  C:\Users\jorge\.m2\repository\org\springframework\boot\spring-boot-hibernate\4.1.1\spring-boot-hibernate-4.1.1.jar
[DEBUG]  C:\Users\jorge\.m2\repository\org\springframework\boot\spring-boot-jpa\4.1.1\spring-boot-jpa-4.1.1.jar
[DEBUG]  C:\Users\jorge\.m2\repository\jakarta\persistence\jakarta.persistence-api\3.2.0\jakarta.persistence-api-3.2.0.jar
[DEBUG]  C:\Users\jorge\.m2\repository\org\hibernate\orm\hibernate-core\7.4.5.Final\hibernate-core-7.4.5.Final.jar
[DEBUG]  C:\Users\jorge\.m2\repository\jakarta\transaction\jakarta.transaction-api\2.0.1\jakarta.transaction-api-2.0.1.jar
[DEBUG]  C:\Users\jorge\.m2\repository\org\hibernate\models\hibernate-models\1.1.1\hibernate-models-1.1.1.jar
[DEBUG]  C:\Users\jorge\.m2\repository\org\glassfish\jaxb\jaxb-runtime\4.0.9\jaxb-runtime-4.0.9.jar
[DEBUG]  C:\Users\jorge\.m2\repository\org\glassfish\jaxb\jaxb-core\4.0.9\jaxb-core-4.0.9.jar
[DEBUG]  C:\Users\jorge\.m2\repository\org\eclipse\angus\angus-activation\2.0.3\angus-activation-2.0.3.jar
[DEBUG]  C:\Users\jorge\.m2\repository\org\glassfish\jaxb\txw2\4.0.9\txw2-4.0.9.jar
[DEBUG]  C:\Users\jorge\.m2\repository\com\sun\istack\istack-commons-runtime\4.1.2\istack-commons-runtime-4.1.2.jar
[DEBUG]  C:\Users\jorge\.m2\repository\jakarta\inject\jakarta.inject-api\2.0.1\jakarta.inject-api-2.0.1.jar
[DEBUG]  C:\Users\jorge\.m2\repository\org\springframework\spring-orm\7.0.9\spring-orm-7.0.9.jar
[DEBUG]  C:\Users\jorge\.m2\repository\org\springframework\data\spring-data-jpa\4.1.1\spring-data-jpa-4.1.1.jar
[DEBUG]  C:\Users\jorge\.m2\repository\org\springframework\spring-aop\7.0.9\spring-aop-7.0.9.jar
[DEBUG]  C:\Users\jorge\.m2\repository\org\springframework\spring-tx\7.0.9\spring-tx-7.0.9.jar
[DEBUG]  C:\Users\jorge\.m2\repository\org\antlr\antlr4-runtime\4.13.2\antlr4-runtime-4.13.2.jar
[DEBUG]  C:\Users\jorge\.m2\repository\org\springframework\spring-aspects\7.0.9\spring-aspects-7.0.9.jar
[DEBUG]  C:\Users\jorge\.m2\repository\org\aspectj\aspectjweaver\1.9.25.1\aspectjweaver-1.9.25.1.jar
[DEBUG]  C:\Users\jorge\.m2\repository\org\springframework\boot\spring-boot-jdbc\4.1.1\spring-boot-jdbc-4.1.1.jar
[DEBUG]  C:\Users\jorge\.m2\repository\org\springframework\boot\spring-boot-sql\4.1.1\spring-boot-sql-4.1.1.jar
[DEBUG]  C:\Users\jorge\.m2\repository\org\springframework\boot\spring-boot-transaction\4.1.1\spring-boot-transaction-4.1.1.jar
[DEBUG]  C:\Users\jorge\.m2\repository\org\springframework\spring-jdbc\7.0.9\spring-jdbc-7.0.9.jar
[DEBUG]  C:\Users\jorge\.m2\repository\org\springframework\boot\spring-boot-starter-flyway\4.1.1\spring-boot-starter-flyway-4.1.1.jar
[DEBUG]  C:\Users\jorge\.m2\repository\org\springframework\boot\spring-boot-flyway\4.1.1\spring-boot-flyway-4.1.1.jar
[DEBUG]  C:\Users\jorge\.m2\repository\org\springframework\boot\spring-boot-starter-validation\4.1.1\spring-boot-starter-validation-4.1.1.jar
[DEBUG]  C:\Users\jorge\.m2\repository\org\springframework\boot\spring-boot-validation\4.1.1\spring-boot-validation-4.1.1.jar
[DEBUG]  C:\Users\jorge\.m2\repository\org\apache\tomcat\embed\tomcat-embed-el\11.0.24\tomcat-embed-el-11.0.24.jar
[DEBUG]  C:\Users\jorge\.m2\repository\org\hibernate\validator\hibernate-validator\9.1.3.Final\hibernate-validator-9.1.3.Final.jar
[DEBUG]  C:\Users\jorge\.m2\repository\jakarta\validation\jakarta.validation-api\3.1.1\jakarta.validation-api-3.1.1.jar
[DEBUG]  C:\Users\jorge\.m2\repository\org\jboss\logging\jboss-logging\3.6.3.Final\jboss-logging-3.6.3.Final.jar
[DEBUG]  C:\Users\jorge\.m2\repository\com\fasterxml\classmate\1.7.3\classmate-1.7.3.jar
[DEBUG]  C:\Users\jorge\.m2\repository\org\springframework\boot\spring-boot-starter-json\4.1.1\spring-boot-starter-json-4.1.1.jar
[DEBUG]  C:\Users\jorge\.m2\repository\org\springframework\boot\spring-boot-jackson\4.1.1\spring-boot-jackson-4.1.1.jar
[DEBUG]  C:\Users\jorge\.m2\repository\tools\jackson\core\jackson-databind\3.1.5\jackson-databind-3.1.5.jar
[DEBUG]  C:\Users\jorge\.m2\repository\com\fasterxml\jackson\core\jackson-annotations\2.21\jackson-annotations-2.21.jar
[DEBUG]  C:\Users\jorge\.m2\repository\tools\jackson\core\jackson-core\3.1.5\jackson-core-3.1.5.jar
[DEBUG]  C:\Users\jorge\.m2\repository\org\springframework\boot\spring-boot-starter-webmvc\4.1.1\spring-boot-starter-webmvc-4.1.1.jar
[DEBUG]  C:\Users\jorge\.m2\repository\org\springframework\boot\spring-boot-starter-jackson\4.1.1\spring-boot-starter-jackson-4.1.1.jar
[DEBUG]  C:\Users\jorge\.m2\repository\org\springframework\boot\spring-boot-starter-tomcat\4.1.1\spring-boot-starter-tomcat-4.1.1.jar
[DEBUG]  C:\Users\jorge\.m2\repository\org\springframework\boot\spring-boot-starter-tomcat-runtime\4.1.1\spring-boot-starter-tomcat-runtime-4.1.1.jar
[DEBUG]  C:\Users\jorge\.m2\repository\org\apache\tomcat\embed\tomcat-embed-core\11.0.24\tomcat-embed-core-11.0.24.jar
[DEBUG]  C:\Users\jorge\.m2\repository\org\apache\tomcat\embed\tomcat-embed-websocket\11.0.24\tomcat-embed-websocket-11.0.24.jar
[DEBUG]  C:\Users\jorge\.m2\repository\org\springframework\boot\spring-boot-tomcat\4.1.1\spring-boot-tomcat-4.1.1.jar
[DEBUG]  C:\Users\jorge\.m2\repository\org\springframework\boot\spring-boot-http-converter\4.1.1\spring-boot-http-converter-4.1.1.jar
[DEBUG]  C:\Users\jorge\.m2\repository\org\springframework\boot\spring-boot-webmvc\4.1.1\spring-boot-webmvc-4.1.1.jar
[DEBUG]  C:\Users\jorge\.m2\repository\org\springframework\boot\spring-boot-servlet\4.1.1\spring-boot-servlet-4.1.1.jar
[DEBUG]  C:\Users\jorge\.m2\repository\org\springframework\spring-webmvc\7.0.9\spring-webmvc-7.0.9.jar
[DEBUG]  C:\Users\jorge\.m2\repository\org\springframework\spring-expression\7.0.9\spring-expression-7.0.9.jar
[DEBUG]  C:\Users\jorge\.m2\repository\org\flywaydb\flyway-database-postgresql\12.4.0\flyway-database-postgresql-12.4.0.jar
[DEBUG]  C:\Users\jorge\.m2\repository\org\flywaydb\flyway-core\12.4.0\flyway-core-12.4.0.jar
[DEBUG]  C:\Users\jorge\.m2\repository\org\postgresql\postgresql\42.7.13\postgresql-42.7.13.jar
[DEBUG]  C:\Users\jorge\.m2\repository\org\checkerframework\checker-qual\3.55.1\checker-qual-3.55.1.jar
[DEBUG]  C:\Users\jorge\.m2\repository\org\projectlombok\lombok\1.18.46\lombok-1.18.46.jar
[DEBUG]  C:\Users\jorge\.m2\repository\org\springframework\boot\spring-boot-starter-data-jpa-test\4.1.1\spring-boot-starter-data-jpa-test-4.1.1.jar
[DEBUG]  C:\Users\jorge\.m2\repository\org\springframework\boot\spring-boot-starter-test\4.1.1\spring-boot-starter-test-4.1.1.jar
[DEBUG]  C:\Users\jorge\.m2\repository\org\springframework\boot\spring-boot-test-autoconfigure\4.1.1\spring-boot-test-autoconfigure-4.1.1.jar
[DEBUG]  C:\Users\jorge\.m2\repository\com\jayway\jsonpath\json-path\2.10.0\json-path-2.10.0.jar
[DEBUG]  C:\Users\jorge\.m2\repository\jakarta\xml\bind\jakarta.xml.bind-api\4.0.5\jakarta.xml.bind-api-4.0.5.jar
[DEBUG]  C:\Users\jorge\.m2\repository\jakarta\activation\jakarta.activation-api\2.1.4\jakarta.activation-api-2.1.4.jar
[DEBUG]  C:\Users\jorge\.m2\repository\net\minidev\json-smart\2.6.0\json-smart-2.6.0.jar
[DEBUG]  C:\Users\jorge\.m2\repository\net\minidev\accessors-smart\2.6.0\accessors-smart-2.6.0.jar
[DEBUG]  C:\Users\jorge\.m2\repository\org\ow2\asm\asm\9.7.1\asm-9.7.1.jar
[DEBUG]  C:\Users\jorge\.m2\repository\org\assertj\assertj-core\3.27.7\assertj-core-3.27.7.jar
[DEBUG]  C:\Users\jorge\.m2\repository\net\bytebuddy\byte-buddy\1.18.11\byte-buddy-1.18.11.jar
[DEBUG]  C:\Users\jorge\.m2\repository\org\awaitility\awaitility\4.3.0\awaitility-4.3.0.jar
[DEBUG]  C:\Users\jorge\.m2\repository\org\hamcrest\hamcrest\3.0\hamcrest-3.0.jar
[DEBUG]  C:\Users\jorge\.m2\repository\org\junit\jupiter\junit-jupiter\6.0.3\junit-jupiter-6.0.3.jar
[DEBUG]  C:\Users\jorge\.m2\repository\org\junit\jupiter\junit-jupiter-api\6.0.3\junit-jupiter-api-6.0.3.jar
[DEBUG]  C:\Users\jorge\.m2\repository\org\opentest4j\opentest4j\1.3.0\opentest4j-1.3.0.jar
[DEBUG]  C:\Users\jorge\.m2\repository\org\junit\platform\junit-platform-commons\6.0.3\junit-platform-commons-6.0.3.jar
[DEBUG]  C:\Users\jorge\.m2\repository\org\apiguardian\apiguardian-api\1.1.2\apiguardian-api-1.1.2.jar
[DEBUG]  C:\Users\jorge\.m2\repository\org\junit\jupiter\junit-jupiter-params\6.0.3\junit-jupiter-params-6.0.3.jar
[DEBUG]  C:\Users\jorge\.m2\repository\org\junit\jupiter\junit-jupiter-engine\6.0.3\junit-jupiter-engine-6.0.3.jar
[DEBUG]  C:\Users\jorge\.m2\repository\org\junit\platform\junit-platform-engine\6.0.3\junit-platform-engine-6.0.3.jar
[DEBUG]  C:\Users\jorge\.m2\repository\org\mockito\mockito-core\5.23.0\mockito-core-5.23.0.jar
[DEBUG]  C:\Users\jorge\.m2\repository\net\bytebuddy\byte-buddy-agent\1.18.11\byte-buddy-agent-1.18.11.jar
[DEBUG]  C:\Users\jorge\.m2\repository\org\objenesis\objenesis\3.3\objenesis-3.3.jar
[DEBUG]  C:\Users\jorge\.m2\repository\org\mockito\mockito-junit-jupiter\5.23.0\mockito-junit-jupiter-5.23.0.jar
[DEBUG]  C:\Users\jorge\.m2\repository\org\skyscreamer\jsonassert\1.5.3\jsonassert-1.5.3.jar
[DEBUG]  C:\Users\jorge\.m2\repository\com\vaadin\external\google\android-json\0.0.20131108.vaadin1\android-json-0.0.20131108.vaadin1.jar
[DEBUG]  C:\Users\jorge\.m2\repository\org\springframework\spring-core\7.0.9\spring-core-7.0.9.jar
[DEBUG]  C:\Users\jorge\.m2\repository\commons-logging\commons-logging\1.3.6\commons-logging-1.3.6.jar
[DEBUG]  C:\Users\jorge\.m2\repository\org\jspecify\jspecify\1.0.1\jspecify-1.0.1.jar
[DEBUG]  C:\Users\jorge\.m2\repository\org\springframework\spring-test\7.0.9\spring-test-7.0.9.jar
[DEBUG]  C:\Users\jorge\.m2\repository\org\xmlunit\xmlunit-core\2.11.0\xmlunit-core-2.11.0.jar
[DEBUG]  C:\Users\jorge\.m2\repository\org\springframework\boot\spring-boot-starter-jdbc-test\4.1.1\spring-boot-starter-jdbc-test-4.1.1.jar
[DEBUG]  C:\Users\jorge\.m2\repository\org\springframework\boot\spring-boot-jdbc-test\4.1.1\spring-boot-jdbc-test-4.1.1.jar
[DEBUG]  C:\Users\jorge\.m2\repository\org\springframework\boot\spring-boot-data-jpa-test\4.1.1\spring-boot-data-jpa-test-4.1.1.jar
[DEBUG]  C:\Users\jorge\.m2\repository\org\springframework\boot\spring-boot-jpa-test\4.1.1\spring-boot-jpa-test-4.1.1.jar
[DEBUG]  C:\Users\jorge\.m2\repository\org\springframework\boot\spring-boot-starter-flyway-test\4.1.1\spring-boot-starter-flyway-test-4.1.1.jar
[DEBUG]  C:\Users\jorge\.m2\repository\org\springframework\boot\spring-boot-starter-validation-test\4.1.1\spring-boot-starter-validation-test-4.1.1.jar
[DEBUG]  C:\Users\jorge\.m2\repository\org\springframework\boot\spring-boot-starter-webmvc-test\4.1.1\spring-boot-starter-webmvc-test-4.1.1.jar
[DEBUG]  C:\Users\jorge\.m2\repository\org\springframework\boot\spring-boot-starter-jackson-test\4.1.1\spring-boot-starter-jackson-test-4.1.1.jar
[DEBUG]  C:\Users\jorge\.m2\repository\org\springframework\boot\spring-boot-webmvc-test\4.1.1\spring-boot-webmvc-test-4.1.1.jar
[DEBUG]  C:\Users\jorge\.m2\repository\org\springframework\boot\spring-boot-web-server\4.1.1\spring-boot-web-server-4.1.1.jar
[DEBUG]  C:\Users\jorge\.m2\repository\org\testcontainers\testcontainers-junit-jupiter\2.0.5\testcontainers-junit-jupiter-2.0.5.jar
[DEBUG]  C:\Users\jorge\.m2\repository\org\testcontainers\testcontainers\2.0.5\testcontainers-2.0.5.jar
[DEBUG]  C:\Users\jorge\.m2\repository\org\slf4j\slf4j-api\2.0.18\slf4j-api-2.0.18.jar
[DEBUG]  C:\Users\jorge\.m2\repository\org\apache\commons\commons-compress\1.28.0\commons-compress-1.28.0.jar
[DEBUG]  C:\Users\jorge\.m2\repository\commons-codec\commons-codec\1.21.0\commons-codec-1.21.0.jar
[DEBUG]  C:\Users\jorge\.m2\repository\commons-io\commons-io\2.20.0\commons-io-2.20.0.jar
[DEBUG]  C:\Users\jorge\.m2\repository\org\apache\commons\commons-lang3\3.20.0\commons-lang3-3.20.0.jar
[DEBUG]  C:\Users\jorge\.m2\repository\org\rnorth\duct-tape\duct-tape\1.0.8\duct-tape-1.0.8.jar
[DEBUG]  C:\Users\jorge\.m2\repository\org\jetbrains\annotations\17.0.0\annotations-17.0.0.jar
[DEBUG]  C:\Users\jorge\.m2\repository\com\github\docker-java\docker-java-api\3.7.1\docker-java-api-3.7.1.jar
[DEBUG]  C:\Users\jorge\.m2\repository\com\github\docker-java\docker-java-transport-zerodep\3.7.1\docker-java-transport-zerodep-3.7.1.jar
[DEBUG]  C:\Users\jorge\.m2\repository\com\github\docker-java\docker-java-transport\3.7.1\docker-java-transport-3.7.1.jar
[DEBUG]  C:\Users\jorge\.m2\repository\net\java\dev\jna\jna\5.18.1\jna-5.18.1.jar
[DEBUG]  C:\Users\jorge\.m2\repository\org\testcontainers\testcontainers-postgresql\2.0.5\testcontainers-postgresql-2.0.5.jar
[DEBUG]  C:\Users\jorge\.m2\repository\org\testcontainers\testcontainers-jdbc\2.0.5\testcontainers-jdbc-2.0.5.jar
[DEBUG]  C:\Users\jorge\.m2\repository\org\testcontainers\testcontainers-database-commons\2.0.5\testcontainers-database-commons-2.0.5.jar
[DEBUG]  C:\Users\jorge\.m2\repository\org\springframework\boot\spring-boot-testcontainers\4.1.1\spring-boot-testcontainers-4.1.1.jar
[DEBUG]  C:\Users\jorge\.m2\repository\org\springframework\boot\spring-boot-autoconfigure\4.1.1\spring-boot-autoconfigure-4.1.1.jar
[DEBUG]  C:\Users\jorge\.m2\repository\org\springframework\boot\spring-boot-resttestclient\4.1.1\spring-boot-resttestclient-4.1.1.jar
[DEBUG]  C:\Users\jorge\.m2\repository\org\springframework\boot\spring-boot-test\4.1.1\spring-boot-test-4.1.1.jar
[DEBUG]  C:\Users\jorge\.m2\repository\org\springframework\spring-web\7.0.9\spring-web-7.0.9.jar
[DEBUG]  C:\Users\jorge\.m2\repository\org\springframework\spring-beans\7.0.9\spring-beans-7.0.9.jar
[DEBUG]  C:\Users\jorge\.m2\repository\io\micrometer\micrometer-observation\1.17.1\micrometer-observation-1.17.1.jar
[DEBUG]  C:\Users\jorge\.m2\repository\io\micrometer\micrometer-commons\1.17.1\micrometer-commons-1.17.1.jar
[DEBUG]  C:\Users\jorge\.m2\repository\org\springframework\boot\spring-boot-restclient\4.1.1\spring-boot-restclient-4.1.1.jar
[DEBUG]  C:\Users\jorge\.m2\repository\org\springframework\boot\spring-boot\4.1.1\spring-boot-4.1.1.jar
[DEBUG]  C:\Users\jorge\.m2\repository\org\springframework\spring-context\7.0.9\spring-context-7.0.9.jar
[DEBUG]  C:\Users\jorge\.m2\repository\org\springframework\boot\spring-boot-http-client\4.1.1\spring-boot-http-client-4.1.1.jar
[DEBUG] Source roots:
[DEBUG]  C:\Users\jorge\Escritorio\Certero_API\src\test\java
[DEBUG] Command line options:
[DEBUG] -d C:\Users\jorge\Escritorio\Certero_API\target\test-classes -classpath C:\Users\jorge\Escritorio\Certero_API\target\test-classes;C:\Users\jorge\Escritorio\Certero_API\target\classes;C:\Users\jorge\.m2\repository\org\springframework\boot\spring-boot-starter-data-jpa\4.1.1\spring-boot-starter-data-jpa-4.1.1.jar;C:\Users\jorge\.m2\repository\org\springframework\boot\spring-boot-starter\4.1.1\spring-boot-starter-4.1.1.jar;C:\Users\jorge\.m2\repository\org\springframework\boot\spring-boot-starter-logging\4.1.1\spring-boot-starter-logging-4.1.1.jar;C:\Users\jorge\.m2\repository\ch\qos\logback\logback-classic\1.5.38\logback-classic-1.5.38.jar;C:\Users\jorge\.m2\repository\ch\qos\logback\logback-core\1.5.38\logback-core-1.5.38.jar;C:\Users\jorge\.m2\repository\org\apache\logging\log4j\log4j-to-slf4j\2.25.5\log4j-to-slf4j-2.25.5.jar;C:\Users\jorge\.m2\repository\org\apache\logging\log4j\log4j-api\2.25.5\log4j-api-2.25.5.jar;C:\Users\jorge\.m2\repository\org\slf4j\jul-to-slf4j\2.0.18\jul-to-slf4j-2.0.18.jar;C:\Users\jorge\.m2\repository\jakarta\annotation\jakarta.annotation-api\3.0.0\jakarta.annotation-api-3.0.0.jar;C:\Users\jorge\.m2\repository\org\yaml\snakeyaml\2.6\snakeyaml-2.6.jar;C:\Users\jorge\.m2\repository\org\springframework\boot\spring-boot-starter-jdbc\4.1.1\spring-boot-starter-jdbc-4.1.1.jar;C:\Users\jorge\.m2\repository\com\zaxxer\HikariCP\7.0.2\HikariCP-7.0.2.jar;C:\Users\jorge\.m2\repository\org\springframework\boot\spring-boot-data-jpa\4.1.1\spring-boot-data-jpa-4.1.1.jar;C:\Users\jorge\.m2\repository\org\springframework\boot\spring-boot-data-commons\4.1.1\spring-boot-data-commons-4.1.1.jar;C:\Users\jorge\.m2\repository\org\springframework\boot\spring-boot-persistence\4.1.1\spring-boot-persistence-4.1.1.jar;C:\Users\jorge\.m2\repository\org\springframework\data\spring-data-commons\4.1.1\spring-data-commons-4.1.1.jar;C:\Users\jorge\.m2\repository\org\springframework\boot\spring-boot-hibernate\4.1.1\spring-boot-hibernate-4.1.1.jar;C:\Users\jorge\.m2\repository\org\springframework\boot\spring-boot-jpa\4.1.1\spring-boot-jpa-4.1.1.jar;C:\Users\jorge\.m2\repository\jakarta\persistence\jakarta.persistence-api\3.2.0\jakarta.persistence-api-3.2.0.jar;C:\Users\jorge\.m2\repository\org\hibernate\orm\hibernate-core\7.4.5.Final\hibernate-core-7.4.5.Final.jar;C:\Users\jorge\.m2\repository\jakarta\transaction\jakarta.transaction-api\2.0.1\jakarta.transaction-api-2.0.1.jar;C:\Users\jorge\.m2\repository\org\hibernate\models\hibernate-models\1.1.1\hibernate-models-1.1.1.jar;C:\Users\jorge\.m2\repository\org\glassfish\jaxb\jaxb-runtime\4.0.9\jaxb-runtime-4.0.9.jar;C:\Users\jorge\.m2\repository\org\glassfish\jaxb\jaxb-core\4.0.9\jaxb-core-4.0.9.jar;C:\Users\jorge\.m2\repository\org\eclipse\angus\angus-activation\2.0.3\angus-activation-2.0.3.jar;C:\Users\jorge\.m2\repository\org\glassfish\jaxb\txw2\4.0.9\txw2-4.0.9.jar;C:\Users\jorge\.m2\repository\com\sun\istack\istack-commons-runtime\4.1.2\istack-commons-runtime-4.1.2.jar;C:\Users\jorge\.m2\repository\jakarta\inject\jakarta.inject-api\2.0.1\jakarta.inject-api-2.0.1.jar;C:\Users\jorge\.m2\repository\org\springframework\spring-orm\7.0.9\spring-orm-7.0.9.jar;C:\Users\jorge\.m2\repository\org\springframework\data\spring-data-jpa\4.1.1\spring-data-jpa-4.1.1.jar;C:\Users\jorge\.m2\repository\org\springframework\spring-aop\7.0.9\spring-aop-7.0.9.jar;C:\Users\jorge\.m2\repository\org\springframework\spring-tx\7.0.9\spring-tx-7.0.9.jar;C:\Users\jorge\.m2\repository\org\antlr\antlr4-runtime\4.13.2\antlr4-runtime-4.13.2.jar;C:\Users\jorge\.m2\repository\org\springframework\spring-aspects\7.0.9\spring-aspects-7.0.9.jar;C:\Users\jorge\.m2\repository\org\aspectj\aspectjweaver\1.9.25.1\aspectjweaver-1.9.25.1.jar;C:\Users\jorge\.m2\repository\org\springframework\boot\spring-boot-jdbc\4.1.1\spring-boot-jdbc-4.1.1.jar;C:\Users\jorge\.m2\repository\org\springframework\boot\spring-boot-sql\4.1.1\spring-boot-sql-4.1.1.jar;C:\Users\jorge\.m2\repository\org\springframework\boot\spring-boot-transaction\4.1.1\spring-boot-transaction-4.1.1.jar;C:\Users\jorge\.m2\repository\org\springframework\spring-jdbc\7.0.9\spring-jdbc-7.0.9.jar;C:\Users\jorge\.m2\repository\org\springframework\boot\spring-boot-starter-flyway\4.1.1\spring-boot-starter-flyway-4.1.1.jar;C:\Users\jorge\.m2\repository\org\springframework\boot\spring-boot-flyway\4.1.1\spring-boot-flyway-4.1.1.jar;C:\Users\jorge\.m2\repository\org\springframework\boot\spring-boot-starter-validation\4.1.1\spring-boot-starter-validation-4.1.1.jar;C:\Users\jorge\.m2\repository\org\springframework\boot\spring-boot-validation\4.1.1\spring-boot-validation-4.1.1.jar;C:\Users\jorge\.m2\repository\org\apache\tomcat\embed\tomcat-embed-el\11.0.24\tomcat-embed-el-11.0.24.jar;C:\Users\jorge\.m2\repository\org\hibernate\validator\hibernate-validator\9.1.3.Final\hibernate-validator-9.1.3.Final.jar;C:\Users\jorge\.m2\repository\jakarta\validation\jakarta.validation-api\3.1.1\jakarta.validation-api-3.1.1.jar;C:\Users\jorge\.m2\repository\org\jboss\logging\jboss-logging\3.6.3.Final\jboss-logging-3.6.3.Final.jar;C:\Users\jorge\.m2\repository\com\fasterxml\classmate\1.7.3\classmate-1.7.3.jar;C:\Users\jorge\.m2\repository\org\springframework\boot\spring-boot-starter-json\4.1.1\spring-boot-starter-json-4.1.1.jar;C:\Users\jorge\.m2\repository\org\springframework\boot\spring-boot-jackson\4.1.1\spring-boot-jackson-4.1.1.jar;C:\Users\jorge\.m2\repository\tools\jackson\core\jackson-databind\3.1.5\jackson-databind-3.1.5.jar;C:\Users\jorge\.m2\repository\com\fasterxml\jackson\core\jackson-annotations\2.21\jackson-annotations-2.21.jar;C:\Users\jorge\.m2\repository\tools\jackson\core\jackson-core\3.1.5\jackson-core-3.1.5.jar;C:\Users\jorge\.m2\repository\org\springframework\boot\spring-boot-starter-webmvc\4.1.1\spring-boot-starter-webmvc-4.1.1.jar;C:\Users\jorge\.m2\repository\org\springframework\boot\spring-boot-starter-jackson\4.1.1\spring-boot-starter-jackson-4.1.1.jar;C:\Users\jorge\.m2\repository\org\springframework\boot\spring-boot-starter-tomcat\4.1.1\spring-boot-starter-tomcat-4.1.1.jar;C:\Users\jorge\.m2\repository\org\springframework\boot\spring-boot-starter-tomcat-runtime\4.1.1\spring-boot-starter-tomcat-runtime-4.1.1.jar;C:\Users\jorge\.m2\repository\org\apache\tomcat\embed\tomcat-embed-core\11.0.24\tomcat-embed-core-11.0.24.jar;C:\Users\jorge\.m2\repository\org\apache\tomcat\embed\tomcat-embed-websocket\11.0.24\tomcat-embed-websocket-11.0.24.jar;C:\Users\jorge\.m2\repository\org\springframework\boot\spring-boot-tomcat\4.1.1\spring-boot-tomcat-4.1.1.jar;C:\Users\jorge\.m2\repository\org\springframework\boot\spring-boot-http-converter\4.1.1\spring-boot-http-converter-4.1.1.jar;C:\Users\jorge\.m2\repository\org\springframework\boot\spring-boot-webmvc\4.1.1\spring-boot-webmvc-4.1.1.jar;C:\Users\jorge\.m2\repository\org\springframework\boot\spring-boot-servlet\4.1.1\spring-boot-servlet-4.1.1.jar;C:\Users\jorge\.m2\repository\org\springframework\spring-webmvc\7.0.9\spring-webmvc-7.0.9.jar;C:\Users\jorge\.m2\repository\org\springframework\spring-expression\7.0.9\spring-expression-7.0.9.jar;C:\Users\jorge\.m2\repository\org\flywaydb\flyway-database-postgresql\12.4.0\flyway-database-postgresql-12.4.0.jar;C:\Users\jorge\.m2\repository\org\flywaydb\flyway-core\12.4.0\flyway-core-12.4.0.jar;C:\Users\jorge\.m2\repository\org\postgresql\postgresql\42.7.13\postgresql-42.7.13.jar;C:\Users\jorge\.m2\repository\org\checkerframework\checker-qual\3.55.1\checker-qual-3.55.1.jar;C:\Users\jorge\.m2\repository\org\projectlombok\lombok\1.18.46\lombok-1.18.46.jar;C:\Users\jorge\.m2\repository\org\springframework\boot\spring-boot-starter-data-jpa-test\4.1.1\spring-boot-starter-data-jpa-test-4.1.1.jar;C:\Users\jorge\.m2\repository\org\springframework\boot\spring-boot-starter-test\4.1.1\spring-boot-starter-test-4.1.1.jar;C:\Users\jorge\.m2\repository\org\springframework\boot\spring-boot-test-autoconfigure\4.1.1\spring-boot-test-autoconfigure-4.1.1.jar;C:\Users\jorge\.m2\repository\com\jayway\jsonpath\json-path\2.10.0\json-path-2.10.0.jar;C:\Users\jorge\.m2\repository\jakarta\xml\bind\jakarta.xml.bind-api\4.0.5\jakarta.xml.bind-api-4.0.5.jar;C:\Users\jorge\.m2\repository\jakarta\activation\jakarta.activation-api\2.1.4\jakarta.activation-api-2.1.4.jar;C:\Users\jorge\.m2\repository\net\minidev\json-smart\2.6.0\json-smart-2.6.0.jar;C:\Users\jorge\.m2\repository\net\minidev\accessors-smart\2.6.0\accessors-smart-2.6.0.jar;C:\Users\jorge\.m2\repository\org\ow2\asm\asm\9.7.1\asm-9.7.1.jar;C:\Users\jorge\.m2\repository\org\assertj\assertj-core\3.27.7\assertj-core-3.27.7.jar;C:\Users\jorge\.m2\repository\net\bytebuddy\byte-buddy\1.18.11\byte-buddy-1.18.11.jar;C:\Users\jorge\.m2\repository\org\awaitility\awaitility\4.3.0\awaitility-4.3.0.jar;C:\Users\jorge\.m2\repository\org\hamcrest\hamcrest\3.0\hamcrest-3.0.jar;C:\Users\jorge\.m2\repository\org\junit\jupiter\junit-jupiter\6.0.3\junit-jupiter-6.0.3.jar;C:\Users\jorge\.m2\repository\org\junit\jupiter\junit-jupiter-api\6.0.3\junit-jupiter-api-6.0.3.jar;C:\Users\jorge\.m2\repository\org\opentest4j\opentest4j\1.3.0\opentest4j-1.3.0.jar;C:\Users\jorge\.m2\repository\org\junit\platform\junit-platform-commons\6.0.3\junit-platform-commons-6.0.3.jar;C:\Users\jorge\.m2\repository\org\apiguardian\apiguardian-api\1.1.2\apiguardian-api-1.1.2.jar;C:\Users\jorge\.m2\repository\org\junit\jupiter\junit-jupiter-params\6.0.3\junit-jupiter-params-6.0.3.jar;C:\Users\jorge\.m2\repository\org\junit\jupiter\junit-jupiter-engine\6.0.3\junit-jupiter-engine-6.0.3.jar;C:\Users\jorge\.m2\repository\org\junit\platform\junit-platform-engine\6.0.3\junit-platform-engine-6.0.3.jar;C:\Users\jorge\.m2\repository\org\mockito\mockito-core\5.23.0\mockito-core-5.23.0.jar;C:\Users\jorge\.m2\repository\net\bytebuddy\byte-buddy-agent\1.18.11\byte-buddy-agent-1.18.11.jar;C:\Users\jorge\.m2\repository\org\objenesis\objenesis\3.3\objenesis-3.3.jar;C:\Users\jorge\.m2\repository\org\mockito\mockito-junit-jupiter\5.23.0\mockito-junit-jupiter-5.23.0.jar;C:\Users\jorge\.m2\repository\org\skyscreamer\jsonassert\1.5.3\jsonassert-1.5.3.jar;C:\Users\jorge\.m2\repository\com\vaadin\external\google\android-json\0.0.20131108.vaadin1\android-json-0.0.20131108.vaadin1.jar;C:\Users\jorge\.m2\repository\org\springframework\spring-core\7.0.9\spring-core-7.0.9.jar;C:\Users\jorge\.m2\repository\commons-logging\commons-logging\1.3.6\commons-logging-1.3.6.jar;C:\Users\jorge\.m2\repository\org\jspecify\jspecify\1.0.1\jspecify-1.0.1.jar;C:\Users\jorge\.m2\repository\org\springframework\spring-test\7.0.9\spring-test-7.0.9.jar;C:\Users\jorge\.m2\repository\org\xmlunit\xmlunit-core\2.11.0\xmlunit-core-2.11.0.jar;C:\Users\jorge\.m2\repository\org\springframework\boot\spring-boot-starter-jdbc-test\4.1.1\spring-boot-starter-jdbc-test-4.1.1.jar;C:\Users\jorge\.m2\repository\org\springframework\boot\spring-boot-jdbc-test\4.1.1\spring-boot-jdbc-test-4.1.1.jar;C:\Users\jorge\.m2\repository\org\springframework\boot\spring-boot-data-jpa-test\4.1.1\spring-boot-data-jpa-test-4.1.1.jar;C:\Users\jorge\.m2\repository\org\springframework\boot\spring-boot-jpa-test\4.1.1\spring-boot-jpa-test-4.1.1.jar;C:\Users\jorge\.m2\repository\org\springframework\boot\spring-boot-starter-flyway-test\4.1.1\spring-boot-starter-flyway-test-4.1.1.jar;C:\Users\jorge\.m2\repository\org\springframework\boot\spring-boot-starter-validation-test\4.1.1\spring-boot-starter-validation-test-4.1.1.jar;C:\Users\jorge\.m2\repository\org\springframework\boot\spring-boot-starter-webmvc-test\4.1.1\spring-boot-starter-webmvc-test-4.1.1.jar;C:\Users\jorge\.m2\repository\org\springframework\boot\spring-boot-starter-jackson-test\4.1.1\spring-boot-starter-jackson-test-4.1.1.jar;C:\Users\jorge\.m2\repository\org\springframework\boot\spring-boot-webmvc-test\4.1.1\spring-boot-webmvc-test-4.1.1.jar;C:\Users\jorge\.m2\repository\org\springframework\boot\spring-boot-web-server\4.1.1\spring-boot-web-server-4.1.1.jar;C:\Users\jorge\.m2\repository\org\testcontainers\testcontainers-junit-jupiter\2.0.5\testcontainers-junit-jupiter-2.0.5.jar;C:\Users\jorge\.m2\repository\org\testcontainers\testcontainers\2.0.5\testcontainers-2.0.5.jar;C:\Users\jorge\.m2\repository\org\slf4j\slf4j-api\2.0.18\slf4j-api-2.0.18.jar;C:\Users\jorge\.m2\repository\org\apache\commons\commons-compress\1.28.0\commons-compress-1.28.0.jar;C:\Users\jorge\.m2\repository\commons-codec\commons-codec\1.21.0\commons-codec-1.21.0.jar;C:\Users\jorge\.m2\repository\commons-io\commons-io\2.20.0\commons-io-2.20.0.jar;C:\Users\jorge\.m2\repository\org\apache\commons\commons-lang3\3.20.0\commons-lang3-3.20.0.jar;C:\Users\jorge\.m2\repository\org\rnorth\duct-tape\duct-tape\1.0.8\duct-tape-1.0.8.jar;C:\Users\jorge\.m2\repository\org\jetbrains\annotations\17.0.0\annotations-17.0.0.jar;C:\Users\jorge\.m2\repository\com\github\docker-java\docker-java-api\3.7.1\docker-java-api-3.7.1.jar;C:\Users\jorge\.m2\repository\com\github\docker-java\docker-java-transport-zerodep\3.7.1\docker-java-transport-zerodep-3.7.1.jar;C:\Users\jorge\.m2\repository\com\github\docker-java\docker-java-transport\3.7.1\docker-java-transport-3.7.1.jar;C:\Users\jorge\.m2\repository\net\java\dev\jna\jna\5.18.1\jna-5.18.1.jar;C:\Users\jorge\.m2\repository\org\testcontainers\testcontainers-postgresql\2.0.5\testcontainers-postgresql-2.0.5.jar;C:\Users\jorge\.m2\repository\org\testcontainers\testcontainers-jdbc\2.0.5\testcontainers-jdbc-2.0.5.jar;C:\Users\jorge\.m2\repository\org\testcontainers\testcontainers-database-commons\2.0.5\testcontainers-database-commons-2.0.5.jar;C:\Users\jorge\.m2\repository\org\springframework\boot\spring-boot-testcontainers\4.1.1\spring-boot-testcontainers-4.1.1.jar;C:\Users\jorge\.m2\repository\org\springframework\boot\spring-boot-autoconfigure\4.1.1\spring-boot-autoconfigure-4.1.1.jar;C:\Users\jorge\.m2\repository\org\springframework\boot\spring-boot-resttestclient\4.1.1\spring-boot-resttestclient-4.1.1.jar;C:\Users\jorge\.m2\repository\org\springframework\boot\spring-boot-test\4.1.1\spring-boot-test-4.1.1.jar;C:\Users\jorge\.m2\repository\org\springframework\spring-web\7.0.9\spring-web-7.0.9.jar;C:\Users\jorge\.m2\repository\org\springframework\spring-beans\7.0.9\spring-beans-7.0.9.jar;C:\Users\jorge\.m2\repository\io\micrometer\micrometer-observation\1.17.1\micrometer-observation-1.17.1.jar;C:\Users\jorge\.m2\repository\io\micrometer\micrometer-commons\1.17.1\micrometer-commons-1.17.1.jar;C:\Users\jorge\.m2\repository\org\springframework\boot\spring-boot-restclient\4.1.1\spring-boot-restclient-4.1.1.jar;C:\Users\jorge\.m2\repository\org\springframework\boot\spring-boot\4.1.1\spring-boot-4.1.1.jar;C:\Users\jorge\.m2\repository\org\springframework\spring-context\7.0.9\spring-context-7.0.9.jar;C:\Users\jorge\.m2\repository\org\springframework\boot\spring-boot-http-client\4.1.1\spring-boot-http-client-4.1.1.jar; -sourcepath C:\Users\jorge\Escritorio\Certero_API\src\test\java; -s C:\Users\jorge\Escritorio\Certero_API\target\generated-test-sources\test-annotations -processorpath C:\Users\jorge\.m2\repository\org\projectlombok\lombok\1.18.46\lombok-1.18.46.jar; -g -parameters --release 17 -encoding UTF-8 -XDuseUnsharedTable=true
[DEBUG] incrementalBuildHelper#beforeRebuildExecution
[INFO] Compiling 9 source files with javac [debug parameters release 17] to target\test-classes
[DEBUG] incrementalBuildHelper#afterRebuildExecution
[INFO] /C:/Users/jorge/Escritorio/Certero_API/src/test/java/AbstractIntegrationTest.java: Some input files use or override a deprecated API.
[INFO] /C:/Users/jorge/Escritorio/Certero_API/src/test/java/AbstractIntegrationTest.java: Recompile with -Xlint:deprecation for details.
[DEBUG] Adding C:\Users\jorge\Escritorio\Certero_API\target\generated-test-sources\test-annotations to the project test-compile source roots but NOT the actual test-compile source roots:
  C:\Users\jorge\Escritorio\Certero_API\src\test\java
[INFO] 
[INFO] --- surefire:3.5.6:test (default-test) @ bank ---
[DEBUG] Dependency collection stats {ConflictMarker.analyzeTime=77900, ConflictMarker.markTime=24500, ConflictMarker.nodeCount=25, ConflictIdSorter.graphTime=12600, ConflictIdSorter.topsortTime=15700, ConflictIdSorter.conflictIdCount=15, ConflictIdSorter.conflictIdCycleCount=0, ConflictResolver.totalTime=161000, ConflictResolver.conflictItemCount=25, DfDependencyCollector.collectTime=39078600, DfDependencyCollector.transformTime=310000}
[DEBUG] org.apache.maven.plugins:maven-surefire-plugin:jar:3.5.6
[DEBUG]    org.apache.maven.surefire:surefire-api:jar:3.5.6:compile
[DEBUG]       org.apache.maven.surefire:surefire-logger-api:jar:3.5.6:compile
[DEBUG]       org.apache.maven.surefire:surefire-shared-utils:jar:3.5.6:compile (version managed from default)
[DEBUG]    org.apache.maven.surefire:surefire-extensions-api:jar:3.5.6:compile
[DEBUG]    org.apache.maven.surefire:maven-surefire-common:jar:3.5.6:compile
[DEBUG]       org.apache.maven.surefire:surefire-booter:jar:3.5.6:compile
[DEBUG]          org.apache.maven.surefire:surefire-extensions-spi:jar:3.5.6:compile
[DEBUG]       org.apache.maven.resolver:maven-resolver-util:jar:1.4.1:compile
[DEBUG]          org.apache.maven.resolver:maven-resolver-api:jar:1.4.1:compile
[DEBUG]       org.apache.maven.shared:maven-common-artifact-filters:jar:3.4.0:compile (version managed from default)
[DEBUG]          org.slf4j:slf4j-api:jar:1.7.36:compile (version managed from default)
[DEBUG]       org.codehaus.plexus:plexus-java:jar:1.5.2:compile (version managed from default)
[DEBUG]          org.ow2.asm:asm:jar:9.9.1:compile
[DEBUG]          com.thoughtworks.qdox:qdox:jar:2.2.0:compile
[DEBUG] Created new class realm plugin>org.apache.maven.plugins:maven-surefire-plugin:3.5.6
[DEBUG] Importing foreign packages into class realm plugin>org.apache.maven.plugins:maven-surefire-plugin:3.5.6
[DEBUG]   Imported:  < maven.api
[DEBUG] Populating class realm plugin>org.apache.maven.plugins:maven-surefire-plugin:3.5.6
[DEBUG]   Included: org.apache.maven.plugins:maven-surefire-plugin:jar:3.5.6
[DEBUG]   Included: org.apache.maven.surefire:surefire-api:jar:3.5.6
[DEBUG]   Included: org.apache.maven.surefire:surefire-logger-api:jar:3.5.6
[DEBUG]   Included: org.apache.maven.surefire:surefire-shared-utils:jar:3.5.6
[DEBUG]   Included: org.apache.maven.surefire:surefire-extensions-api:jar:3.5.6
[DEBUG]   Included: org.apache.maven.surefire:maven-surefire-common:jar:3.5.6
[DEBUG]   Included: org.apache.maven.surefire:surefire-booter:jar:3.5.6
[DEBUG]   Included: org.apache.maven.surefire:surefire-extensions-spi:jar:3.5.6
[DEBUG]   Included: org.apache.maven.shared:maven-common-artifact-filters:jar:3.4.0
[DEBUG]   Included: org.codehaus.plexus:plexus-java:jar:1.5.2
[DEBUG]   Included: org.ow2.asm:asm:jar:9.9.1
[DEBUG]   Included: com.thoughtworks.qdox:qdox:jar:2.2.0
[DEBUG] Loading mojo org.apache.maven.plugins:maven-surefire-plugin:3.5.6:test from plugin realm ClassRealm[plugin>org.apache.maven.plugins:maven-surefire-plugin:3.5.6, parent: jdk.internal.loader.ClassLoaders$AppClassLoader@73d16e93]
[DEBUG] Configuring mojo execution 'org.apache.maven.plugins:maven-surefire-plugin:3.5.6:test:default-test' with basic configurator -->
[DEBUG]   (f) additionalClasspathDependencies = []
[DEBUG]   (s) additionalClasspathElements = []
[DEBUG]   (s) basedir = C:\Users\jorge\Escritorio\Certero_API
[DEBUG]   (s) childDelegation = false
[DEBUG]   (f) classesDirectory = C:\Users\jorge\Escritorio\Certero_API\target\classes
[DEBUG]   (s) classpathDependencyExcludes = []
[DEBUG]   (s) dependenciesToScan = []
[DEBUG]   (s) enableAssertions = true
[DEBUG]   (s) enableOutErrElements = true
[DEBUG]   (s) enablePropertiesElement = true
[DEBUG]   (s) encoding = UTF-8
[DEBUG]   (s) excludeJUnit5Engines = []
[DEBUG]   (f) excludedEnvironmentVariables = []
[DEBUG]   (s) excludes = []
[DEBUG]   (s) failIfNoSpecifiedTests = true
[DEBUG]   (s) failIfNoTests = false
[DEBUG]   (s) failOnFlakeCount = 0
[DEBUG]   (f) forkCount = 1
[DEBUG]   (s) forkedProcessExitTimeoutInSeconds = 30
[DEBUG]   (s) includeJUnit5Engines = []
[DEBUG]   (s) includes = []
[DEBUG]   (s) junitArtifactName = junit:junit
[DEBUG]   (f) parallelMavenExecution = false
[DEBUG]   (s) parallelOptimized = true
[DEBUG]   (s) perCoreThreadCount = true
[DEBUG]   (s) pluginArtifactMap = {org.apache.maven.plugins:maven-surefire-plugin=org.apache.maven.plugins:maven-surefire-plugin:maven-plugin:3.5.6:, org.apache.maven.surefire:surefire-api=org.apache.maven.surefire:surefire-api:jar:3.5.6:compile, org.apache.maven.surefire:surefire-logger-api=org.apache.maven.surefire:surefire-logger-api:jar:3.5.6:compile, org.apache.maven.surefire:surefire-shared-utils=org.apache.maven.surefire:surefire-shared-utils:jar:3.5.6:compile, org.apache.maven.surefire:surefire-extensions-api=org.apache.maven.surefire:surefire-extensions-api:jar:3.5.6:compile, org.apache.maven.surefire:maven-surefire-common=org.apache.maven.surefire:maven-surefire-common:jar:3.5.6:compile, org.apache.maven.surefire:surefire-booter=org.apache.maven.surefire:surefire-booter:jar:3.5.6:compile, org.apache.maven.surefire:surefire-extensions-spi=org.apache.maven.surefire:surefire-extensions-spi:jar:3.5.6:compile, org.apache.maven.resolver:maven-resolver-util=org.apache.maven.resolver:maven-resolver-util:jar:1.4.1:compile, org.apache.maven.resolver:maven-resolver-api=org.apache.maven.resolver:maven-resolver-api:jar:1.4.1:compile, org.apache.maven.shared:maven-common-artifact-filters=org.apache.maven.shared:maven-common-artifact-filters:jar:3.4.0:compile, org.slf4j:slf4j-api=org.slf4j:slf4j-api:jar:1.7.36:compile, org.codehaus.plexus:plexus-java=org.codehaus.plexus:plexus-java:jar:1.5.2:compile, org.ow2.asm:asm=org.ow2.asm:asm:jar:9.9.1:compile, com.thoughtworks.qdox:qdox=com.thoughtworks.qdox:qdox:jar:2.2.0:compile}
[DEBUG]   (f) pluginDescriptor = Component Descriptor: role: 'org.apache.maven.plugin.Mojo', implementation: 'org.apache.maven.plugins.maven_surefire_plugin.HelpMojo', role hint: 'org.apache.maven.plugins:maven-surefire-plugin:3.5.6:help'
role: 'org.apache.maven.plugin.Mojo', implementation: 'org.apache.maven.plugin.surefire.SurefireMojo', role hint: 'org.apache.maven.plugins:maven-surefire-plugin:3.5.6:test'
---
[DEBUG]   (s) printSummary = true
[DEBUG]   (s) project = MavenProject: com.example:bank:0.0.1-SNAPSHOT @ C:\Users\jorge\Escritorio\Certero_API\pom.xml
[DEBUG]   (s) projectArtifactMap = {org.springframework.boot:spring-boot-starter-data-jpa=org.springframework.boot:spring-boot-starter-data-jpa:jar:4.1.1:compile, org.springframework.boot:spring-boot-starter=org.springframework.boot:spring-boot-starter:jar:4.1.1:compile, org.springframework.boot:spring-boot-starter-logging=org.springframework.boot:spring-boot-starter-logging:jar:4.1.1:compile, ch.qos.logback:logback-classic=ch.qos.logback:logback-classic:jar:1.5.38:compile, ch.qos.logback:logback-core=ch.qos.logback:logback-core:jar:1.5.38:compile, org.apache.logging.log4j:log4j-to-slf4j=org.apache.logging.log4j:log4j-to-slf4j:jar:2.25.5:compile, org.apache.logging.log4j:log4j-api=org.apache.logging.log4j:log4j-api:jar:2.25.5:compile, org.slf4j:jul-to-slf4j=org.slf4j:jul-to-slf4j:jar:2.0.18:compile, jakarta.annotation:jakarta.annotation-api=jakarta.annotation:jakarta.annotation-api:jar:3.0.0:compile, org.yaml:snakeyaml=org.yaml:snakeyaml:jar:2.6:compile, org.springframework.boot:spring-boot-starter-jdbc=org.springframework.boot:spring-boot-starter-jdbc:jar:4.1.1:compile, com.zaxxer:HikariCP=com.zaxxer:HikariCP:jar:7.0.2:compile, org.springframework.boot:spring-boot-data-jpa=org.springframework.boot:spring-boot-data-jpa:jar:4.1.1:compile, org.springframework.boot:spring-boot-data-commons=org.springframework.boot:spring-boot-data-commons:jar:4.1.1:compile, org.springframework.boot:spring-boot-persistence=org.springframework.boot:spring-boot-persistence:jar:4.1.1:compile, org.springframework.data:spring-data-commons=org.springframework.data:spring-data-commons:jar:4.1.1:compile, org.springframework.boot:spring-boot-hibernate=org.springframework.boot:spring-boot-hibernate:jar:4.1.1:compile, org.springframework.boot:spring-boot-jpa=org.springframework.boot:spring-boot-jpa:jar:4.1.1:compile, jakarta.persistence:jakarta.persistence-api=jakarta.persistence:jakarta.persistence-api:jar:3.2.0:compile, org.hibernate.orm:hibernate-core=org.hibernate.orm:hibernate-core:jar:7.4.5.Final:compile, jakarta.transaction:jakarta.transaction-api=jakarta.transaction:jakarta.transaction-api:jar:2.0.1:compile, org.hibernate.models:hibernate-models=org.hibernate.models:hibernate-models:jar:1.1.1:runtime, org.glassfish.jaxb:jaxb-runtime=org.glassfish.jaxb:jaxb-runtime:jar:4.0.9:runtime, org.glassfish.jaxb:jaxb-core=org.glassfish.jaxb:jaxb-core:jar:4.0.9:runtime, org.eclipse.angus:angus-activation=org.eclipse.angus:angus-activation:jar:2.0.3:runtime, org.glassfish.jaxb:txw2=org.glassfish.jaxb:txw2:jar:4.0.9:runtime, com.sun.istack:istack-commons-runtime=com.sun.istack:istack-commons-runtime:jar:4.1.2:runtime, jakarta.inject:jakarta.inject-api=jakarta.inject:jakarta.inject-api:jar:2.0.1:runtime, org.springframework:spring-orm=org.springframework:spring-orm:jar:7.0.9:compile, org.springframework.data:spring-data-jpa=org.springframework.data:spring-data-jpa:jar:4.1.1:compile, org.springframework:spring-aop=org.springframework:spring-aop:jar:7.0.9:compile, org.springframework:spring-tx=org.springframework:spring-tx:jar:7.0.9:compile, org.antlr:antlr4-runtime=org.antlr:antlr4-runtime:jar:4.13.2:compile, org.springframework:spring-aspects=org.springframework:spring-aspects:jar:7.0.9:compile, org.aspectj:aspectjweaver=org.aspectj:aspectjweaver:jar:1.9.25.1:compile, org.springframework.boot:spring-boot-jdbc=org.springframework.boot:spring-boot-jdbc:jar:4.1.1:compile, org.springframework.boot:spring-boot-sql=org.springframework.boot:spring-boot-sql:jar:4.1.1:compile, org.springframework.boot:spring-boot-transaction=org.springframework.boot:spring-boot-transaction:jar:4.1.1:compile, org.springframework:spring-jdbc=org.springframework:spring-jdbc:jar:7.0.9:compile, org.springframework.boot:spring-boot-starter-flyway=org.springframework.boot:spring-boot-starter-flyway:jar:4.1.1:compile, org.springframework.boot:spring-boot-flyway=org.springframework.boot:spring-boot-flyway:jar:4.1.1:compile, org.springframework.boot:spring-boot-starter-validation=org.springframework.boot:spring-boot-starter-validation:jar:4.1.1:compile, org.springframework.boot:spring-boot-validation=org.springframework.boot:spring-boot-validation:jar:4.1.1:compile, org.apache.tomcat.embed:tomcat-embed-el=org.apache.tomcat.embed:tomcat-embed-el:jar:11.0.24:compile, org.hibernate.validator:hibernate-validator=org.hibernate.validator:hibernate-validator:jar:9.1.3.Final:compile, jakarta.validation:jakarta.validation-api=jakarta.validation:jakarta.validation-api:jar:3.1.1:compile, org.jboss.logging:jboss-logging=org.jboss.logging:jboss-logging:jar:3.6.3.Final:compile, com.fasterxml:classmate=com.fasterxml:classmate:jar:1.7.3:compile, org.springframework.boot:spring-boot-starter-json=org.springframework.boot:spring-boot-starter-json:jar:4.1.1:compile, org.springframework.boot:spring-boot-jackson=org.springframework.boot:spring-boot-jackson:jar:4.1.1:compile, tools.jackson.core:jackson-databind=tools.jackson.core:jackson-databind:jar:3.1.5:compile, com.fasterxml.jackson.core:jackson-annotations=com.fasterxml.jackson.core:jackson-annotations:jar:2.21:compile, tools.jackson.core:jackson-core=tools.jackson.core:jackson-core:jar:3.1.5:compile, org.springframework.boot:spring-boot-starter-webmvc=org.springframework.boot:spring-boot-starter-webmvc:jar:4.1.1:compile, org.springframework.boot:spring-boot-starter-jackson=org.springframework.boot:spring-boot-starter-jackson:jar:4.1.1:compile, org.springframework.boot:spring-boot-starter-tomcat=org.springframework.boot:spring-boot-starter-tomcat:jar:4.1.1:compile, org.springframework.boot:spring-boot-starter-tomcat-runtime=org.springframework.boot:spring-boot-starter-tomcat-runtime:jar:4.1.1:compile, org.apache.tomcat.embed:tomcat-embed-core=org.apache.tomcat.embed:tomcat-embed-core:jar:11.0.24:compile, org.apache.tomcat.embed:tomcat-embed-websocket=org.apache.tomcat.embed:tomcat-embed-websocket:jar:11.0.24:compile, org.springframework.boot:spring-boot-tomcat=org.springframework.boot:spring-boot-tomcat:jar:4.1.1:compile, org.springframework.boot:spring-boot-http-converter=org.springframework.boot:spring-boot-http-converter:jar:4.1.1:compile, org.springframework.boot:spring-boot-webmvc=org.springframework.boot:spring-boot-webmvc:jar:4.1.1:compile, org.springframework.boot:spring-boot-servlet=org.springframework.boot:spring-boot-servlet:jar:4.1.1:compile, org.springframework:spring-webmvc=org.springframework:spring-webmvc:jar:7.0.9:compile, org.springframework:spring-expression=org.springframework:spring-expression:jar:7.0.9:compile, org.flywaydb:flyway-database-postgresql=org.flywaydb:flyway-database-postgresql:jar:12.4.0:compile, org.flywaydb:flyway-core=org.flywaydb:flyway-core:jar:12.4.0:compile, org.postgresql:postgresql=org.postgresql:postgresql:jar:42.7.13:runtime, org.checkerframework:checker-qual=org.checkerframework:checker-qual:jar:3.55.1:runtime, org.projectlombok:lombok=org.projectlombok:lombok:jar:1.18.46:compile, org.springframework.boot:spring-boot-starter-data-jpa-test=org.springframework.boot:spring-boot-starter-data-jpa-test:jar:4.1.1:test, org.springframework.boot:spring-boot-starter-test=org.springframework.boot:spring-boot-starter-test:jar:4.1.1:test, org.springframework.boot:spring-boot-test-autoconfigure=org.springframework.boot:spring-boot-test-autoconfigure:jar:4.1.1:test, com.jayway.jsonpath:json-path=com.jayway.jsonpath:json-path:jar:2.10.0:test, jakarta.xml.bind:jakarta.xml.bind-api=jakarta.xml.bind:jakarta.xml.bind-api:jar:4.0.5:runtime, jakarta.activation:jakarta.activation-api=jakarta.activation:jakarta.activation-api:jar:2.1.4:runtime, net.minidev:json-smart=net.minidev:json-smart:jar:2.6.0:test, net.minidev:accessors-smart=net.minidev:accessors-smart:jar:2.6.0:test, org.ow2.asm:asm=org.ow2.asm:asm:jar:9.7.1:test, org.assertj:assertj-core=org.assertj:assertj-core:jar:3.27.7:test, net.bytebuddy:byte-buddy=net.bytebuddy:byte-buddy:jar:1.18.11:runtime, org.awaitility:awaitility=org.awaitility:awaitility:jar:4.3.0:test, org.hamcrest:hamcrest=org.hamcrest:hamcrest:jar:3.0:test, org.junit.jupiter:junit-jupiter=org.junit.jupiter:junit-jupiter:jar:6.0.3:test, org.junit.jupiter:junit-jupiter-api=org.junit.jupiter:junit-jupiter-api:jar:6.0.3:test, org.opentest4j:opentest4j=org.opentest4j:opentest4j:jar:1.3.0:test, org.junit.platform:junit-platform-commons=org.junit.platform:junit-platform-commons:jar:6.0.3:test, org.apiguardian:apiguardian-api=org.apiguardian:apiguardian-api:jar:1.1.2:test, org.junit.jupiter:junit-jupiter-params=org.junit.jupiter:junit-jupiter-params:jar:6.0.3:test, org.junit.jupiter:junit-jupiter-engine=org.junit.jupiter:junit-jupiter-engine:jar:6.0.3:test, org.junit.platform:junit-platform-engine=org.junit.platform:junit-platform-engine:jar:6.0.3:test, org.mockito:mockito-core=org.mockito:mockito-core:jar:5.23.0:test, net.bytebuddy:byte-buddy-agent=net.bytebuddy:byte-buddy-agent:jar:1.18.11:test, org.objenesis:objenesis=org.objenesis:objenesis:jar:3.3:test, org.mockito:mockito-junit-jupiter=org.mockito:mockito-junit-jupiter:jar:5.23.0:test, org.skyscreamer:jsonassert=org.skyscreamer:jsonassert:jar:1.5.3:test, com.vaadin.external.google:android-json=com.vaadin.external.google:android-json:jar:0.0.20131108.vaadin1:test, org.springframework:spring-core=org.springframework:spring-core:jar:7.0.9:compile, commons-logging:commons-logging=commons-logging:commons-logging:jar:1.3.6:compile, org.jspecify:jspecify=org.jspecify:jspecify:jar:1.0.1:compile, org.springframework:spring-test=org.springframework:spring-test:jar:7.0.9:test, org.xmlunit:xmlunit-core=org.xmlunit:xmlunit-core:jar:2.11.0:test, org.springframework.boot:spring-boot-starter-jdbc-test=org.springframework.boot:spring-boot-starter-jdbc-test:jar:4.1.1:test, org.springframework.boot:spring-boot-jdbc-test=org.springframework.boot:spring-boot-jdbc-test:jar:4.1.1:test, org.springframework.boot:spring-boot-data-jpa-test=org.springframework.boot:spring-boot-data-jpa-test:jar:4.1.1:test, org.springframework.boot:spring-boot-jpa-test=org.springframework.boot:spring-boot-jpa-test:jar:4.1.1:test, org.springframework.boot:spring-boot-starter-flyway-test=org.springframework.boot:spring-boot-starter-flyway-test:jar:4.1.1:test, org.springframework.boot:spring-boot-starter-validation-test=org.springframework.boot:spring-boot-starter-validation-test:jar:4.1.1:test, org.springframework.boot:spring-boot-starter-webmvc-test=org.springframework.boot:spring-boot-starter-webmvc-test:jar:4.1.1:test, org.springframework.boot:spring-boot-starter-jackson-test=org.springframework.boot:spring-boot-starter-jackson-test:jar:4.1.1:test, org.springframework.boot:spring-boot-webmvc-test=org.springframework.boot:spring-boot-webmvc-test:jar:4.1.1:test, org.springframework.boot:spring-boot-web-server=org.springframework.boot:spring-boot-web-server:jar:4.1.1:compile, org.testcontainers:testcontainers-junit-jupiter=org.testcontainers:testcontainers-junit-jupiter:jar:2.0.5:test, org.testcontainers:testcontainers=org.testcontainers:testcontainers:jar:2.0.5:test, org.slf4j:slf4j-api=org.slf4j:slf4j-api:jar:2.0.18:compile, org.apache.commons:commons-compress=org.apache.commons:commons-compress:jar:1.28.0:test, commons-codec:commons-codec=commons-codec:commons-codec:jar:1.21.0:test, commons-io:commons-io=commons-io:commons-io:jar:2.20.0:test, org.apache.commons:commons-lang3=org.apache.commons:commons-lang3:jar:3.20.0:test, org.rnorth.duct-tape:duct-tape=org.rnorth.duct-tape:duct-tape:jar:1.0.8:test, org.jetbrains:annotations=org.jetbrains:annotations:jar:17.0.0:test, com.github.docker-java:docker-java-api=com.github.docker-java:docker-java-api:jar:3.7.1:test, com.github.docker-java:docker-java-transport-zerodep=com.github.docker-java:docker-java-transport-zerodep:jar:3.7.1:test, com.github.docker-java:docker-java-transport=com.github.docker-java:docker-java-transport:jar:3.7.1:test, net.java.dev.jna:jna=net.java.dev.jna:jna:jar:5.18.1:test, org.testcontainers:testcontainers-postgresql=org.testcontainers:testcontainers-postgresql:jar:2.0.5:test, org.testcontainers:testcontainers-jdbc=org.testcontainers:testcontainers-jdbc:jar:2.0.5:test, org.testcontainers:testcontainers-database-commons=org.testcontainers:testcontainers-database-commons:jar:2.0.5:test, org.springframework.boot:spring-boot-testcontainers=org.springframework.boot:spring-boot-testcontainers:jar:4.1.1:test, org.springframework.boot:spring-boot-autoconfigure=org.springframework.boot:spring-boot-autoconfigure:jar:4.1.1:compile, org.springframework.boot:spring-boot-resttestclient=org.springframework.boot:spring-boot-resttestclient:jar:4.1.1:test, org.springframework.boot:spring-boot-test=org.springframework.boot:spring-boot-test:jar:4.1.1:test, org.springframework:spring-web=org.springframework:spring-web:jar:7.0.9:compile, org.springframework:spring-beans=org.springframework:spring-beans:jar:7.0.9:compile, io.micrometer:micrometer-observation=io.micrometer:micrometer-observation:jar:1.17.1:compile, io.micrometer:micrometer-commons=io.micrometer:micrometer-commons:jar:1.17.1:compile, org.springframework.boot:spring-boot-restclient=org.springframework.boot:spring-boot-restclient:jar:4.1.1:test, org.springframework.boot:spring-boot=org.springframework.boot:spring-boot:jar:4.1.1:compile, org.springframework:spring-context=org.springframework:spring-context:jar:7.0.9:compile, org.springframework.boot:spring-boot-http-client=org.springframework.boot:spring-boot-http-client:jar:4.1.1:test}
[DEBUG]   (s) projectBuildDirectory = C:\Users\jorge\Escritorio\Certero_API\target
[DEBUG]   (f) promoteUserPropertiesToSystemProperties = true
[DEBUG]   (s) redirectTestOutputToFile = false
[DEBUG]   (s) reportFormat = brief
[DEBUG]   (f) reportTestTimestamp = false
[DEBUG]   (s) reportsDirectory = C:\Users\jorge\Escritorio\Certero_API\target\surefire-reports
[DEBUG]   (f) rerunFailingTestsCount = 0
[DEBUG]   (f) reuseForks = true
[DEBUG]   (s) runOrder = filesystem
[DEBUG]   (s) session = org.apache.maven.execution.MavenSession@4317850d
[DEBUG]   (f) shutdown = exit
[DEBUG]   (s) skip = false
[DEBUG]   (f) skipAfterFailureCount = 0
[DEBUG]   (s) skipTests = false
[DEBUG]   (s) suiteXmlFiles = []
[DEBUG]   (s) tempDir = surefire
[DEBUG]   (s) test = ConcurrencyIT
[DEBUG]   (s) testClassesDirectory = C:\Users\jorge\Escritorio\Certero_API\target\test-classes
[DEBUG]   (s) testFailureIgnore = false
[DEBUG]   (s) testNGArtifactName = org.testng:testng
[DEBUG]   (s) testSourceDirectory = C:\Users\jorge\Escritorio\Certero_API\src\test\java
[DEBUG]   (s) threadCountClasses = 0
[DEBUG]   (s) threadCountMethods = 0
[DEBUG]   (s) threadCountSuites = 0
[DEBUG]   (s) trimStackTrace = false
[DEBUG]   (s) useFile = true
[DEBUG]   (s) useManifestOnlyJar = true
[DEBUG]   (f) useModulePath = true
[DEBUG]   (s) useSystemClassLoader = true
[DEBUG]   (s) useUnlimitedThreads = false
[DEBUG]   (s) workingDirectory = C:\Users\jorge\Escritorio\Certero_API
[DEBUG] -- end configuration --
[DEBUG] Using JVM: C:\Program Files\Java\jdk-17\bin\java with Java version 17.0
[DEBUG] Resolved included and excluded patterns: ConcurrencyIT
[DEBUG] Surefire report directory: C:\Users\jorge\Escritorio\Certero_API\target\surefire-reports
[INFO] Using auto detected provider org.apache.maven.surefire.junitplatform.JUnitPlatformProvider
[DEBUG] Using the provider org.apache.maven.surefire.junitplatform.JUnitPlatformProvider
[DEBUG] Setting system property [basedir]=[C:\Users\jorge\Escritorio\Certero_API]
[DEBUG] Setting system property [test]=[ConcurrencyIT]
[DEBUG] Setting system property [localRepository]=[C:\Users\jorge\.m2\repository]
[DEBUG] Dependency collection stats {ConflictMarker.analyzeTime=28100, ConflictMarker.markTime=8600, ConflictMarker.nodeCount=9, ConflictIdSorter.graphTime=4800, ConflictIdSorter.topsortTime=9000, ConflictIdSorter.conflictIdCount=5, ConflictIdSorter.conflictIdCycleCount=0, ConflictResolver.totalTime=98600, ConflictResolver.conflictItemCount=8, DfDependencyCollector.collectTime=2884800, DfDependencyCollector.transformTime=163300}
[DEBUG] Found implementation of fork node factory: org.apache.maven.plugin.surefire.extensions.LegacyForkNodeFactory
[DEBUG] Using fork starter with configuration implementation org.apache.maven.plugin.surefire.booterclient.JarManifestForkConfiguration
[DEBUG] Dependency collection stats {ConflictMarker.analyzeTime=24200, ConflictMarker.markTime=11100, ConflictMarker.nodeCount=17, ConflictIdSorter.graphTime=27400, ConflictIdSorter.topsortTime=10600, ConflictIdSorter.conflictIdCount=10, ConflictIdSorter.conflictIdCycleCount=0, ConflictResolver.totalTime=107700, ConflictResolver.conflictItemCount=16, DfDependencyCollector.collectTime=10598300, DfDependencyCollector.transformTime=196400}
[DEBUG] Resolving artifact org.junit.platform:junit-platform-launcher:6.0.3
[DEBUG] Dependency collection stats {ConflictMarker.analyzeTime=14300, ConflictMarker.markTime=9300, ConflictMarker.nodeCount=11, ConflictIdSorter.graphTime=5300, ConflictIdSorter.topsortTime=9500, ConflictIdSorter.conflictIdCount=6, ConflictIdSorter.conflictIdCycleCount=0, ConflictResolver.totalTime=75100, ConflictResolver.conflictItemCount=10, DfDependencyCollector.collectTime=2833400, DfDependencyCollector.transformTime=128800}
[DEBUG] Resolved artifact org.junit.platform:junit-platform-launcher:6.0.3 to [org.junit.platform:junit-platform-launcher:jar:6.0.3, org.junit.platform:junit-platform-engine:jar:6.0.3, org.opentest4j:opentest4j:jar:1.3.0, org.junit.platform:junit-platform-commons:jar:6.0.3, org.apiguardian:apiguardian-api:jar:1.1.2, org.jspecify:jspecify:jar:1.0.0]
[DEBUG] test classpath:  C:\Users\jorge\Escritorio\Certero_API\target\test-classes  C:\Users\jorge\Escritorio\Certero_API\target\classes  C:\Users\jorge\.m2\repository\org\springframework\boot\spring-boot-starter-data-jpa\4.1.1\spring-boot-starter-data-jpa-4.1.1.jar  C:\Users\jorge\.m2\repository\org\springframework\boot\spring-boot-starter\4.1.1\spring-boot-starter-4.1.1.jar  C:\Users\jorge\.m2\repository\org\springframework\boot\spring-boot-starter-logging\4.1.1\spring-boot-starter-logging-4.1.1.jar  C:\Users\jorge\.m2\repository\ch\qos\logback\logback-classic\1.5.38\logback-classic-1.5.38.jar  C:\Users\jorge\.m2\repository\ch\qos\logback\logback-core\1.5.38\logback-core-1.5.38.jar  C:\Users\jorge\.m2\repository\org\apache\logging\log4j\log4j-to-slf4j\2.25.5\log4j-to-slf4j-2.25.5.jar  C:\Users\jorge\.m2\repository\org\apache\logging\log4j\log4j-api\2.25.5\log4j-api-2.25.5.jar  C:\Users\jorge\.m2\repository\org\slf4j\jul-to-slf4j\2.0.18\jul-to-slf4j-2.0.18.jar  C:\Users\jorge\.m2\repository\jakarta\annotation\jakarta.annotation-api\3.0.0\jakarta.annotation-api-3.0.0.jar  C:\Users\jorge\.m2\repository\org\yaml\snakeyaml\2.6\snakeyaml-2.6.jar  C:\Users\jorge\.m2\repository\org\springframework\boot\spring-boot-starter-jdbc\4.1.1\spring-boot-starter-jdbc-4.1.1.jar  C:\Users\jorge\.m2\repository\com\zaxxer\HikariCP\7.0.2\HikariCP-7.0.2.jar  C:\Users\jorge\.m2\repository\org\springframework\boot\spring-boot-data-jpa\4.1.1\spring-boot-data-jpa-4.1.1.jar  C:\Users\jorge\.m2\repository\org\springframework\boot\spring-boot-data-commons\4.1.1\spring-boot-data-commons-4.1.1.jar  C:\Users\jorge\.m2\repository\org\springframework\boot\spring-boot-persistence\4.1.1\spring-boot-persistence-4.1.1.jar  C:\Users\jorge\.m2\repository\org\springframework\data\spring-data-commons\4.1.1\spring-data-commons-4.1.1.jar  C:\Users\jorge\.m2\repository\org\springframework\boot\spring-boot-hibernate\4.1.1\spring-boot-hibernate-4.1.1.jar  C:\Users\jorge\.m2\repository\org\springframework\boot\spring-boot-jpa\4.1.1\spring-boot-jpa-4.1.1.jar  C:\Users\jorge\.m2\repository\jakarta\persistence\jakarta.persistence-api\3.2.0\jakarta.persistence-api-3.2.0.jar  C:\Users\jorge\.m2\repository\org\hibernate\orm\hibernate-core\7.4.5.Final\hibernate-core-7.4.5.Final.jar  C:\Users\jorge\.m2\repository\jakarta\transaction\jakarta.transaction-api\2.0.1\jakarta.transaction-api-2.0.1.jar  C:\Users\jorge\.m2\repository\org\hibernate\models\hibernate-models\1.1.1\hibernate-models-1.1.1.jar  C:\Users\jorge\.m2\repository\org\glassfish\jaxb\jaxb-runtime\4.0.9\jaxb-runtime-4.0.9.jar  C:\Users\jorge\.m2\repository\org\glassfish\jaxb\jaxb-core\4.0.9\jaxb-core-4.0.9.jar  C:\Users\jorge\.m2\repository\org\eclipse\angus\angus-activation\2.0.3\angus-activation-2.0.3.jar  C:\Users\jorge\.m2\repository\org\glassfish\jaxb\txw2\4.0.9\txw2-4.0.9.jar  C:\Users\jorge\.m2\repository\com\sun\istack\istack-commons-runtime\4.1.2\istack-commons-runtime-4.1.2.jar  C:\Users\jorge\.m2\repository\jakarta\inject\jakarta.inject-api\2.0.1\jakarta.inject-api-2.0.1.jar  C:\Users\jorge\.m2\repository\org\springframework\spring-orm\7.0.9\spring-orm-7.0.9.jar  C:\Users\jorge\.m2\repository\org\springframework\data\spring-data-jpa\4.1.1\spring-data-jpa-4.1.1.jar  C:\Users\jorge\.m2\repository\org\springframework\spring-aop\7.0.9\spring-aop-7.0.9.jar  C:\Users\jorge\.m2\repository\org\springframework\spring-tx\7.0.9\spring-tx-7.0.9.jar  C:\Users\jorge\.m2\repository\org\antlr\antlr4-runtime\4.13.2\antlr4-runtime-4.13.2.jar  C:\Users\jorge\.m2\repository\org\springframework\spring-aspects\7.0.9\spring-aspects-7.0.9.jar  C:\Users\jorge\.m2\repository\org\aspectj\aspectjweaver\1.9.25.1\aspectjweaver-1.9.25.1.jar  C:\Users\jorge\.m2\repository\org\springframework\boot\spring-boot-jdbc\4.1.1\spring-boot-jdbc-4.1.1.jar  C:\Users\jorge\.m2\repository\org\springframework\boot\spring-boot-sql\4.1.1\spring-boot-sql-4.1.1.jar  C:\Users\jorge\.m2\repository\org\springframework\boot\spring-boot-transaction\4.1.1\spring-boot-transaction-4.1.1.jar  C:\Users\jorge\.m2\repository\org\springframework\spring-jdbc\7.0.9\spring-jdbc-7.0.9.jar  C:\Users\jorge\.m2\repository\org\springframework\boot\spring-boot-starter-flyway\4.1.1\spring-boot-starter-flyway-4.1.1.jar  C:\Users\jorge\.m2\repository\org\springframework\boot\spring-boot-flyway\4.1.1\spring-boot-flyway-4.1.1.jar  C:\Users\jorge\.m2\repository\org\springframework\boot\spring-boot-starter-validation\4.1.1\spring-boot-starter-validation-4.1.1.jar  C:\Users\jorge\.m2\repository\org\springframework\boot\spring-boot-validation\4.1.1\spring-boot-validation-4.1.1.jar  C:\Users\jorge\.m2\repository\org\apache\tomcat\embed\tomcat-embed-el\11.0.24\tomcat-embed-el-11.0.24.jar  C:\Users\jorge\.m2\repository\org\hibernate\validator\hibernate-validator\9.1.3.Final\hibernate-validator-9.1.3.Final.jar  C:\Users\jorge\.m2\repository\jakarta\validation\jakarta.validation-api\3.1.1\jakarta.validation-api-3.1.1.jar  C:\Users\jorge\.m2\repository\org\jboss\logging\jboss-logging\3.6.3.Final\jboss-logging-3.6.3.Final.jar  C:\Users\jorge\.m2\repository\com\fasterxml\classmate\1.7.3\classmate-1.7.3.jar  C:\Users\jorge\.m2\repository\org\springframework\boot\spring-boot-starter-json\4.1.1\spring-boot-starter-json-4.1.1.jar  C:\Users\jorge\.m2\repository\org\springframework\boot\spring-boot-jackson\4.1.1\spring-boot-jackson-4.1.1.jar  C:\Users\jorge\.m2\repository\tools\jackson\core\jackson-databind\3.1.5\jackson-databind-3.1.5.jar  C:\Users\jorge\.m2\repository\com\fasterxml\jackson\core\jackson-annotations\2.21\jackson-annotations-2.21.jar  C:\Users\jorge\.m2\repository\tools\jackson\core\jackson-core\3.1.5\jackson-core-3.1.5.jar  C:\Users\jorge\.m2\repository\org\springframework\boot\spring-boot-starter-webmvc\4.1.1\spring-boot-starter-webmvc-4.1.1.jar  C:\Users\jorge\.m2\repository\org\springframework\boot\spring-boot-starter-jackson\4.1.1\spring-boot-starter-jackson-4.1.1.jar  C:\Users\jorge\.m2\repository\org\springframework\boot\spring-boot-starter-tomcat\4.1.1\spring-boot-starter-tomcat-4.1.1.jar  C:\Users\jorge\.m2\repository\org\springframework\boot\spring-boot-starter-tomcat-runtime\4.1.1\spring-boot-starter-tomcat-runtime-4.1.1.jar  C:\Users\jorge\.m2\repository\org\apache\tomcat\embed\tomcat-embed-core\11.0.24\tomcat-embed-core-11.0.24.jar  C:\Users\jorge\.m2\repository\org\apache\tomcat\embed\tomcat-embed-websocket\11.0.24\tomcat-embed-websocket-11.0.24.jar  C:\Users\jorge\.m2\repository\org\springframework\boot\spring-boot-tomcat\4.1.1\spring-boot-tomcat-4.1.1.jar  C:\Users\jorge\.m2\repository\org\springframework\boot\spring-boot-http-converter\4.1.1\spring-boot-http-converter-4.1.1.jar  C:\Users\jorge\.m2\repository\org\springframework\boot\spring-boot-webmvc\4.1.1\spring-boot-webmvc-4.1.1.jar  C:\Users\jorge\.m2\repository\org\springframework\boot\spring-boot-servlet\4.1.1\spring-boot-servlet-4.1.1.jar  C:\Users\jorge\.m2\repository\org\springframework\spring-webmvc\7.0.9\spring-webmvc-7.0.9.jar  C:\Users\jorge\.m2\repository\org\springframework\spring-expression\7.0.9\spring-expression-7.0.9.jar  C:\Users\jorge\.m2\repository\org\flywaydb\flyway-database-postgresql\12.4.0\flyway-database-postgresql-12.4.0.jar  C:\Users\jorge\.m2\repository\org\flywaydb\flyway-core\12.4.0\flyway-core-12.4.0.jar  C:\Users\jorge\.m2\repository\org\postgresql\postgresql\42.7.13\postgresql-42.7.13.jar  C:\Users\jorge\.m2\repository\org\checkerframework\checker-qual\3.55.1\checker-qual-3.55.1.jar  C:\Users\jorge\.m2\repository\org\projectlombok\lombok\1.18.46\lombok-1.18.46.jar  C:\Users\jorge\.m2\repository\org\springframework\boot\spring-boot-starter-data-jpa-test\4.1.1\spring-boot-starter-data-jpa-test-4.1.1.jar  C:\Users\jorge\.m2\repository\org\springframework\boot\spring-boot-starter-test\4.1.1\spring-boot-starter-test-4.1.1.jar  C:\Users\jorge\.m2\repository\org\springframework\boot\spring-boot-test-autoconfigure\4.1.1\spring-boot-test-autoconfigure-4.1.1.jar  C:\Users\jorge\.m2\repository\com\jayway\jsonpath\json-path\2.10.0\json-path-2.10.0.jar  C:\Users\jorge\.m2\repository\jakarta\xml\bind\jakarta.xml.bind-api\4.0.5\jakarta.xml.bind-api-4.0.5.jar  C:\Users\jorge\.m2\repository\jakarta\activation\jakarta.activation-api\2.1.4\jakarta.activation-api-2.1.4.jar  C:\Users\jorge\.m2\repository\net\minidev\json-smart\2.6.0\json-smart-2.6.0.jar  C:\Users\jorge\.m2\repository\net\minidev\accessors-smart\2.6.0\accessors-smart-2.6.0.jar  C:\Users\jorge\.m2\repository\org\ow2\asm\asm\9.7.1\asm-9.7.1.jar  C:\Users\jorge\.m2\repository\org\assertj\assertj-core\3.27.7\assertj-core-3.27.7.jar  C:\Users\jorge\.m2\repository\net\bytebuddy\byte-buddy\1.18.11\byte-buddy-1.18.11.jar  C:\Users\jorge\.m2\repository\org\awaitility\awaitility\4.3.0\awaitility-4.3.0.jar  C:\Users\jorge\.m2\repository\org\hamcrest\hamcrest\3.0\hamcrest-3.0.jar  C:\Users\jorge\.m2\repository\org\junit\jupiter\junit-jupiter\6.0.3\junit-jupiter-6.0.3.jar  C:\Users\jorge\.m2\repository\org\junit\jupiter\junit-jupiter-api\6.0.3\junit-jupiter-api-6.0.3.jar  C:\Users\jorge\.m2\repository\org\opentest4j\opentest4j\1.3.0\opentest4j-1.3.0.jar  C:\Users\jorge\.m2\repository\org\junit\platform\junit-platform-commons\6.0.3\junit-platform-commons-6.0.3.jar  C:\Users\jorge\.m2\repository\org\apiguardian\apiguardian-api\1.1.2\apiguardian-api-1.1.2.jar  C:\Users\jorge\.m2\repository\org\junit\jupiter\junit-jupiter-params\6.0.3\junit-jupiter-params-6.0.3.jar  C:\Users\jorge\.m2\repository\org\junit\jupiter\junit-jupiter-engine\6.0.3\junit-jupiter-engine-6.0.3.jar  C:\Users\jorge\.m2\repository\org\junit\platform\junit-platform-engine\6.0.3\junit-platform-engine-6.0.3.jar  C:\Users\jorge\.m2\repository\org\mockito\mockito-core\5.23.0\mockito-core-5.23.0.jar  C:\Users\jorge\.m2\repository\net\bytebuddy\byte-buddy-agent\1.18.11\byte-buddy-agent-1.18.11.jar  C:\Users\jorge\.m2\repository\org\objenesis\objenesis\3.3\objenesis-3.3.jar  C:\Users\jorge\.m2\repository\org\mockito\mockito-junit-jupiter\5.23.0\mockito-junit-jupiter-5.23.0.jar  C:\Users\jorge\.m2\repository\org\skyscreamer\jsonassert\1.5.3\jsonassert-1.5.3.jar  C:\Users\jorge\.m2\repository\com\vaadin\external\google\android-json\0.0.20131108.vaadin1\android-json-0.0.20131108.vaadin1.jar  C:\Users\jorge\.m2\repository\org\springframework\spring-core\7.0.9\spring-core-7.0.9.jar  C:\Users\jorge\.m2\repository\commons-logging\commons-logging\1.3.6\commons-logging-1.3.6.jar  C:\Users\jorge\.m2\repository\org\jspecify\jspecify\1.0.1\jspecify-1.0.1.jar  C:\Users\jorge\.m2\repository\org\springframework\spring-test\7.0.9\spring-test-7.0.9.jar  C:\Users\jorge\.m2\repository\org\xmlunit\xmlunit-core\2.11.0\xmlunit-core-2.11.0.jar  C:\Users\jorge\.m2\repository\org\springframework\boot\spring-boot-starter-jdbc-test\4.1.1\spring-boot-starter-jdbc-test-4.1.1.jar  C:\Users\jorge\.m2\repository\org\springframework\boot\spring-boot-jdbc-test\4.1.1\spring-boot-jdbc-test-4.1.1.jar  C:\Users\jorge\.m2\repository\org\springframework\boot\spring-boot-data-jpa-test\4.1.1\spring-boot-data-jpa-test-4.1.1.jar  C:\Users\jorge\.m2\repository\org\springframework\boot\spring-boot-jpa-test\4.1.1\spring-boot-jpa-test-4.1.1.jar  C:\Users\jorge\.m2\repository\org\springframework\boot\spring-boot-starter-flyway-test\4.1.1\spring-boot-starter-flyway-test-4.1.1.jar  C:\Users\jorge\.m2\repository\org\springframework\boot\spring-boot-starter-validation-test\4.1.1\spring-boot-starter-validation-test-4.1.1.jar  C:\Users\jorge\.m2\repository\org\springframework\boot\spring-boot-starter-webmvc-test\4.1.1\spring-boot-starter-webmvc-test-4.1.1.jar  C:\Users\jorge\.m2\repository\org\springframework\boot\spring-boot-starter-jackson-test\4.1.1\spring-boot-starter-jackson-test-4.1.1.jar  C:\Users\jorge\.m2\repository\org\springframework\boot\spring-boot-webmvc-test\4.1.1\spring-boot-webmvc-test-4.1.1.jar  C:\Users\jorge\.m2\repository\org\springframework\boot\spring-boot-web-server\4.1.1\spring-boot-web-server-4.1.1.jar  C:\Users\jorge\.m2\repository\org\testcontainers\testcontainers-junit-jupiter\2.0.5\testcontainers-junit-jupiter-2.0.5.jar  C:\Users\jorge\.m2\repository\org\testcontainers\testcontainers\2.0.5\testcontainers-2.0.5.jar  C:\Users\jorge\.m2\repository\org\slf4j\slf4j-api\2.0.18\slf4j-api-2.0.18.jar  C:\Users\jorge\.m2\repository\org\apache\commons\commons-compress\1.28.0\commons-compress-1.28.0.jar  C:\Users\jorge\.m2\repository\commons-codec\commons-codec\1.21.0\commons-codec-1.21.0.jar  C:\Users\jorge\.m2\repository\commons-io\commons-io\2.20.0\commons-io-2.20.0.jar  C:\Users\jorge\.m2\repository\org\apache\commons\commons-lang3\3.20.0\commons-lang3-3.20.0.jar  C:\Users\jorge\.m2\repository\org\rnorth\duct-tape\duct-tape\1.0.8\duct-tape-1.0.8.jar  C:\Users\jorge\.m2\repository\org\jetbrains\annotations\17.0.0\annotations-17.0.0.jar  C:\Users\jorge\.m2\repository\com\github\docker-java\docker-java-api\3.7.1\docker-java-api-3.7.1.jar  C:\Users\jorge\.m2\repository\com\github\docker-java\docker-java-transport-zerodep\3.7.1\docker-java-transport-zerodep-3.7.1.jar  C:\Users\jorge\.m2\repository\com\github\docker-java\docker-java-transport\3.7.1\docker-java-transport-3.7.1.jar  C:\Users\jorge\.m2\repository\net\java\dev\jna\jna\5.18.1\jna-5.18.1.jar  C:\Users\jorge\.m2\repository\org\testcontainers\testcontainers-postgresql\2.0.5\testcontainers-postgresql-2.0.5.jar  C:\Users\jorge\.m2\repository\org\testcontainers\testcontainers-jdbc\2.0.5\testcontainers-jdbc-2.0.5.jar  C:\Users\jorge\.m2\repository\org\testcontainers\testcontainers-database-commons\2.0.5\testcontainers-database-commons-2.0.5.jar  C:\Users\jorge\.m2\repository\org\springframework\boot\spring-boot-testcontainers\4.1.1\spring-boot-testcontainers-4.1.1.jar  C:\Users\jorge\.m2\repository\org\springframework\boot\spring-boot-autoconfigure\4.1.1\spring-boot-autoconfigure-4.1.1.jar  C:\Users\jorge\.m2\repository\org\springframework\boot\spring-boot-resttestclient\4.1.1\spring-boot-resttestclient-4.1.1.jar  C:\Users\jorge\.m2\repository\org\springframework\boot\spring-boot-test\4.1.1\spring-boot-test-4.1.1.jar  C:\Users\jorge\.m2\repository\org\springframework\spring-web\7.0.9\spring-web-7.0.9.jar  C:\Users\jorge\.m2\repository\org\springframework\spring-beans\7.0.9\spring-beans-7.0.9.jar  C:\Users\jorge\.m2\repository\io\micrometer\micrometer-observation\1.17.1\micrometer-observation-1.17.1.jar  C:\Users\jorge\.m2\repository\io\micrometer\micrometer-commons\1.17.1\micrometer-commons-1.17.1.jar  C:\Users\jorge\.m2\repository\org\springframework\boot\spring-boot-restclient\4.1.1\spring-boot-restclient-4.1.1.jar  C:\Users\jorge\.m2\repository\org\springframework\boot\spring-boot\4.1.1\spring-boot-4.1.1.jar  C:\Users\jorge\.m2\repository\org\springframework\spring-context\7.0.9\spring-context-7.0.9.jar  C:\Users\jorge\.m2\repository\org\springframework\boot\spring-boot-http-client\4.1.1\spring-boot-http-client-4.1.1.jar
[DEBUG] provider classpath:  C:\Users\jorge\.m2\repository\org\apache\maven\surefire\surefire-junit-platform\3.5.6\surefire-junit-platform-3.5.6.jar  C:\Users\jorge\.m2\repository\org\apache\maven\surefire\surefire-api\3.5.6\surefire-api-3.5.6.jar  C:\Users\jorge\.m2\repository\org\apache\maven\surefire\surefire-logger-api\3.5.6\surefire-logger-api-3.5.6.jar  C:\Users\jorge\.m2\repository\org\apache\maven\surefire\surefire-shared-utils\3.5.6\surefire-shared-utils-3.5.6.jar  C:\Users\jorge\.m2\repository\org\apache\maven\surefire\common-java5\3.5.6\common-java5-3.5.6.jar  C:\Users\jorge\.m2\repository\org\junit\platform\junit-platform-launcher\6.0.3\junit-platform-launcher-6.0.3.jar
[DEBUG] test(compact) classpath:  test-classes  classes  spring-boot-starter-data-jpa-4.1.1.jar  spring-boot-starter-4.1.1.jar  spring-boot-starter-logging-4.1.1.jar  logback-classic-1.5.38.jar  logback-core-1.5.38.jar  log4j-to-slf4j-2.25.5.jar  log4j-api-2.25.5.jar  jul-to-slf4j-2.0.18.jar  jakarta.annotation-api-3.0.0.jar  snakeyaml-2.6.jar  spring-boot-starter-jdbc-4.1.1.jar  HikariCP-7.0.2.jar  spring-boot-data-jpa-4.1.1.jar  spring-boot-data-commons-4.1.1.jar  spring-boot-persistence-4.1.1.jar  spring-data-commons-4.1.1.jar  spring-boot-hibernate-4.1.1.jar  spring-boot-jpa-4.1.1.jar  jakarta.persistence-api-3.2.0.jar  hibernate-core-7.4.5.Final.jar  jakarta.transaction-api-2.0.1.jar  hibernate-models-1.1.1.jar  jaxb-runtime-4.0.9.jar  jaxb-core-4.0.9.jar  angus-activation-2.0.3.jar  txw2-4.0.9.jar  istack-commons-runtime-4.1.2.jar  jakarta.inject-api-2.0.1.jar  spring-orm-7.0.9.jar  spring-data-jpa-4.1.1.jar  spring-aop-7.0.9.jar  spring-tx-7.0.9.jar  antlr4-runtime-4.13.2.jar  spring-aspects-7.0.9.jar  aspectjweaver-1.9.25.1.jar  spring-boot-jdbc-4.1.1.jar  spring-boot-sql-4.1.1.jar  spring-boot-transaction-4.1.1.jar  spring-jdbc-7.0.9.jar  spring-boot-starter-flyway-4.1.1.jar  spring-boot-flyway-4.1.1.jar  spring-boot-starter-validation-4.1.1.jar  spring-boot-validation-4.1.1.jar  tomcat-embed-el-11.0.24.jar  hibernate-validator-9.1.3.Final.jar  jakarta.validation-api-3.1.1.jar  jboss-logging-3.6.3.Final.jar  classmate-1.7.3.jar  spring-boot-starter-json-4.1.1.jar  spring-boot-jackson-4.1.1.jar  jackson-databind-3.1.5.jar  jackson-annotations-2.21.jar  jackson-core-3.1.5.jar  spring-boot-starter-webmvc-4.1.1.jar  spring-boot-starter-jackson-4.1.1.jar  spring-boot-starter-tomcat-4.1.1.jar  spring-boot-starter-tomcat-runtime-4.1.1.jar  tomcat-embed-core-11.0.24.jar  tomcat-embed-websocket-11.0.24.jar  spring-boot-tomcat-4.1.1.jar  spring-boot-http-converter-4.1.1.jar  spring-boot-webmvc-4.1.1.jar  spring-boot-servlet-4.1.1.jar  spring-webmvc-7.0.9.jar  spring-expression-7.0.9.jar  flyway-database-postgresql-12.4.0.jar  flyway-core-12.4.0.jar  postgresql-42.7.13.jar  checker-qual-3.55.1.jar  lombok-1.18.46.jar  spring-boot-starter-data-jpa-test-4.1.1.jar  spring-boot-starter-test-4.1.1.jar  spring-boot-test-autoconfigure-4.1.1.jar  json-path-2.10.0.jar  jakarta.xml.bind-api-4.0.5.jar  jakarta.activation-api-2.1.4.jar  json-smart-2.6.0.jar  accessors-smart-2.6.0.jar  asm-9.7.1.jar  assertj-core-3.27.7.jar  byte-buddy-1.18.11.jar  awaitility-4.3.0.jar  hamcrest-3.0.jar  junit-jupiter-6.0.3.jar  junit-jupiter-api-6.0.3.jar  opentest4j-1.3.0.jar  junit-platform-commons-6.0.3.jar  apiguardian-api-1.1.2.jar  junit-jupiter-params-6.0.3.jar  junit-jupiter-engine-6.0.3.jar  junit-platform-engine-6.0.3.jar  mockito-core-5.23.0.jar  byte-buddy-agent-1.18.11.jar  objenesis-3.3.jar  mockito-junit-jupiter-5.23.0.jar  jsonassert-1.5.3.jar  android-json-0.0.20131108.vaadin1.jar  spring-core-7.0.9.jar  commons-logging-1.3.6.jar  jspecify-1.0.1.jar  spring-test-7.0.9.jar  xmlunit-core-2.11.0.jar  spring-boot-starter-jdbc-test-4.1.1.jar  spring-boot-jdbc-test-4.1.1.jar  spring-boot-data-jpa-test-4.1.1.jar  spring-boot-jpa-test-4.1.1.jar  spring-boot-starter-flyway-test-4.1.1.jar  spring-boot-starter-validation-test-4.1.1.jar  spring-boot-starter-webmvc-test-4.1.1.jar  spring-boot-starter-jackson-test-4.1.1.jar  spring-boot-webmvc-test-4.1.1.jar  spring-boot-web-server-4.1.1.jar  testcontainers-junit-jupiter-2.0.5.jar  testcontainers-2.0.5.jar  slf4j-api-2.0.18.jar  commons-compress-1.28.0.jar  commons-codec-1.21.0.jar  commons-io-2.20.0.jar  commons-lang3-3.20.0.jar  duct-tape-1.0.8.jar  annotations-17.0.0.jar  docker-java-api-3.7.1.jar  docker-java-transport-zerodep-3.7.1.jar  docker-java-transport-3.7.1.jar  jna-5.18.1.jar  testcontainers-postgresql-2.0.5.jar  testcontainers-jdbc-2.0.5.jar  testcontainers-database-commons-2.0.5.jar  spring-boot-testcontainers-4.1.1.jar  spring-boot-autoconfigure-4.1.1.jar  spring-boot-resttestclient-4.1.1.jar  spring-boot-test-4.1.1.jar  spring-web-7.0.9.jar  spring-beans-7.0.9.jar  micrometer-observation-1.17.1.jar  micrometer-commons-1.17.1.jar  spring-boot-restclient-4.1.1.jar  spring-boot-4.1.1.jar  spring-context-7.0.9.jar  spring-boot-http-client-4.1.1.jar
[DEBUG] provider(compact) classpath:  surefire-junit-platform-3.5.6.jar  surefire-api-3.5.6.jar  surefire-logger-api-3.5.6.jar  surefire-shared-utils-3.5.6.jar  common-java5-3.5.6.jar  junit-platform-launcher-6.0.3.jar
[DEBUG] in-process classpath:  C:\Users\jorge\.m2\repository\org\apache\maven\surefire\surefire-junit-platform\3.5.6\surefire-junit-platform-3.5.6.jar  C:\Users\jorge\.m2\repository\org\apache\maven\surefire\surefire-api\3.5.6\surefire-api-3.5.6.jar  C:\Users\jorge\.m2\repository\org\apache\maven\surefire\surefire-logger-api\3.5.6\surefire-logger-api-3.5.6.jar  C:\Users\jorge\.m2\repository\org\apache\maven\surefire\surefire-shared-utils\3.5.6\surefire-shared-utils-3.5.6.jar  C:\Users\jorge\.m2\repository\org\apache\maven\surefire\common-java5\3.5.6\common-java5-3.5.6.jar  C:\Users\jorge\.m2\repository\org\junit\platform\junit-platform-launcher\6.0.3\junit-platform-launcher-6.0.3.jar  C:\Users\jorge\.m2\repository\org\apache\maven\surefire\maven-surefire-common\3.5.6\maven-surefire-common-3.5.6.jar  C:\Users\jorge\.m2\repository\org\apache\maven\surefire\surefire-booter\3.5.6\surefire-booter-3.5.6.jar  C:\Users\jorge\.m2\repository\org\apache\maven\surefire\surefire-extensions-api\3.5.6\surefire-extensions-api-3.5.6.jar  C:\Users\jorge\.m2\repository\org\apache\maven\surefire\surefire-extensions-spi\3.5.6\surefire-extensions-spi-3.5.6.jar
[DEBUG] in-process(compact) classpath:  surefire-junit-platform-3.5.6.jar  surefire-api-3.5.6.jar  surefire-logger-api-3.5.6.jar  surefire-shared-utils-3.5.6.jar  common-java5-3.5.6.jar  junit-platform-launcher-6.0.3.jar  maven-surefire-common-3.5.6.jar  surefire-booter-3.5.6.jar  surefire-extensions-api-3.5.6.jar  surefire-extensions-spi-3.5.6.jar
[INFO] 
[INFO] -------------------------------------------------------
[INFO]  T E S T S
[INFO] -------------------------------------------------------
[DEBUG] Determined Maven Process ID 40292
[DEBUG] Fork Channel [1] connection string 'pipe://1' for the implementation class org.apache.maven.plugin.surefire.extensions.LegacyForkChannel
[DEBUG] boot classpath:  C:\Users\jorge\.m2\repository\org\apache\maven\surefire\surefire-booter\3.5.6\surefire-booter-3.5.6.jar  C:\Users\jorge\.m2\repository\org\apache\maven\surefire\surefire-api\3.5.6\surefire-api-3.5.6.jar  C:\Users\jorge\.m2\repository\org\apache\maven\surefire\surefire-extensions-spi\3.5.6\surefire-extensions-spi-3.5.6.jar  C:\Users\jorge\.m2\repository\org\apache\maven\surefire\surefire-shared-utils\3.5.6\surefire-shared-utils-3.5.6.jar  C:\Users\jorge\.m2\repository\org\apache\maven\surefire\surefire-logger-api\3.5.6\surefire-logger-api-3.5.6.jar  C:\Users\jorge\Escritorio\Certero_API\target\test-classes  C:\Users\jorge\Escritorio\Certero_API\target\classes  C:\Users\jorge\.m2\repository\org\springframework\boot\spring-boot-starter-data-jpa\4.1.1\spring-boot-starter-data-jpa-4.1.1.jar  C:\Users\jorge\.m2\repository\org\springframework\boot\spring-boot-starter\4.1.1\spring-boot-starter-4.1.1.jar  C:\Users\jorge\.m2\repository\org\springframework\boot\spring-boot-starter-logging\4.1.1\spring-boot-starter-logging-4.1.1.jar  C:\Users\jorge\.m2\repository\ch\qos\logback\logback-classic\1.5.38\logback-classic-1.5.38.jar  C:\Users\jorge\.m2\repository\ch\qos\logback\logback-core\1.5.38\logback-core-1.5.38.jar  C:\Users\jorge\.m2\repository\org\apache\logging\log4j\log4j-to-slf4j\2.25.5\log4j-to-slf4j-2.25.5.jar  C:\Users\jorge\.m2\repository\org\apache\logging\log4j\log4j-api\2.25.5\log4j-api-2.25.5.jar  C:\Users\jorge\.m2\repository\org\slf4j\jul-to-slf4j\2.0.18\jul-to-slf4j-2.0.18.jar  C:\Users\jorge\.m2\repository\jakarta\annotation\jakarta.annotation-api\3.0.0\jakarta.annotation-api-3.0.0.jar  C:\Users\jorge\.m2\repository\org\yaml\snakeyaml\2.6\snakeyaml-2.6.jar  C:\Users\jorge\.m2\repository\org\springframework\boot\spring-boot-starter-jdbc\4.1.1\spring-boot-starter-jdbc-4.1.1.jar  C:\Users\jorge\.m2\repository\com\zaxxer\HikariCP\7.0.2\HikariCP-7.0.2.jar  C:\Users\jorge\.m2\repository\org\springframework\boot\spring-boot-data-jpa\4.1.1\spring-boot-data-jpa-4.1.1.jar  C:\Users\jorge\.m2\repository\org\springframework\boot\spring-boot-data-commons\4.1.1\spring-boot-data-commons-4.1.1.jar  C:\Users\jorge\.m2\repository\org\springframework\boot\spring-boot-persistence\4.1.1\spring-boot-persistence-4.1.1.jar  C:\Users\jorge\.m2\repository\org\springframework\data\spring-data-commons\4.1.1\spring-data-commons-4.1.1.jar  C:\Users\jorge\.m2\repository\org\springframework\boot\spring-boot-hibernate\4.1.1\spring-boot-hibernate-4.1.1.jar  C:\Users\jorge\.m2\repository\org\springframework\boot\spring-boot-jpa\4.1.1\spring-boot-jpa-4.1.1.jar  C:\Users\jorge\.m2\repository\jakarta\persistence\jakarta.persistence-api\3.2.0\jakarta.persistence-api-3.2.0.jar  C:\Users\jorge\.m2\repository\org\hibernate\orm\hibernate-core\7.4.5.Final\hibernate-core-7.4.5.Final.jar  C:\Users\jorge\.m2\repository\jakarta\transaction\jakarta.transaction-api\2.0.1\jakarta.transaction-api-2.0.1.jar  C:\Users\jorge\.m2\repository\org\hibernate\models\hibernate-models\1.1.1\hibernate-models-1.1.1.jar  C:\Users\jorge\.m2\repository\org\glassfish\jaxb\jaxb-runtime\4.0.9\jaxb-runtime-4.0.9.jar  C:\Users\jorge\.m2\repository\org\glassfish\jaxb\jaxb-core\4.0.9\jaxb-core-4.0.9.jar  C:\Users\jorge\.m2\repository\org\eclipse\angus\angus-activation\2.0.3\angus-activation-2.0.3.jar  C:\Users\jorge\.m2\repository\org\glassfish\jaxb\txw2\4.0.9\txw2-4.0.9.jar  C:\Users\jorge\.m2\repository\com\sun\istack\istack-commons-runtime\4.1.2\istack-commons-runtime-4.1.2.jar  C:\Users\jorge\.m2\repository\jakarta\inject\jakarta.inject-api\2.0.1\jakarta.inject-api-2.0.1.jar  C:\Users\jorge\.m2\repository\org\springframework\spring-orm\7.0.9\spring-orm-7.0.9.jar  C:\Users\jorge\.m2\repository\org\springframework\data\spring-data-jpa\4.1.1\spring-data-jpa-4.1.1.jar  C:\Users\jorge\.m2\repository\org\springframework\spring-aop\7.0.9\spring-aop-7.0.9.jar  C:\Users\jorge\.m2\repository\org\springframework\spring-tx\7.0.9\spring-tx-7.0.9.jar  C:\Users\jorge\.m2\repository\org\antlr\antlr4-runtime\4.13.2\antlr4-runtime-4.13.2.jar  C:\Users\jorge\.m2\repository\org\springframework\spring-aspects\7.0.9\spring-aspects-7.0.9.jar  C:\Users\jorge\.m2\repository\org\aspectj\aspectjweaver\1.9.25.1\aspectjweaver-1.9.25.1.jar  C:\Users\jorge\.m2\repository\org\springframework\boot\spring-boot-jdbc\4.1.1\spring-boot-jdbc-4.1.1.jar  C:\Users\jorge\.m2\repository\org\springframework\boot\spring-boot-sql\4.1.1\spring-boot-sql-4.1.1.jar  C:\Users\jorge\.m2\repository\org\springframework\boot\spring-boot-transaction\4.1.1\spring-boot-transaction-4.1.1.jar  C:\Users\jorge\.m2\repository\org\springframework\spring-jdbc\7.0.9\spring-jdbc-7.0.9.jar  C:\Users\jorge\.m2\repository\org\springframework\boot\spring-boot-starter-flyway\4.1.1\spring-boot-starter-flyway-4.1.1.jar  C:\Users\jorge\.m2\repository\org\springframework\boot\spring-boot-flyway\4.1.1\spring-boot-flyway-4.1.1.jar  C:\Users\jorge\.m2\repository\org\springframework\boot\spring-boot-starter-validation\4.1.1\spring-boot-starter-validation-4.1.1.jar  C:\Users\jorge\.m2\repository\org\springframework\boot\spring-boot-validation\4.1.1\spring-boot-validation-4.1.1.jar  C:\Users\jorge\.m2\repository\org\apache\tomcat\embed\tomcat-embed-el\11.0.24\tomcat-embed-el-11.0.24.jar  C:\Users\jorge\.m2\repository\org\hibernate\validator\hibernate-validator\9.1.3.Final\hibernate-validator-9.1.3.Final.jar  C:\Users\jorge\.m2\repository\jakarta\validation\jakarta.validation-api\3.1.1\jakarta.validation-api-3.1.1.jar  C:\Users\jorge\.m2\repository\org\jboss\logging\jboss-logging\3.6.3.Final\jboss-logging-3.6.3.Final.jar  C:\Users\jorge\.m2\repository\com\fasterxml\classmate\1.7.3\classmate-1.7.3.jar  C:\Users\jorge\.m2\repository\org\springframework\boot\spring-boot-starter-json\4.1.1\spring-boot-starter-json-4.1.1.jar  C:\Users\jorge\.m2\repository\org\springframework\boot\spring-boot-jackson\4.1.1\spring-boot-jackson-4.1.1.jar  C:\Users\jorge\.m2\repository\tools\jackson\core\jackson-databind\3.1.5\jackson-databind-3.1.5.jar  C:\Users\jorge\.m2\repository\com\fasterxml\jackson\core\jackson-annotations\2.21\jackson-annotations-2.21.jar  C:\Users\jorge\.m2\repository\tools\jackson\core\jackson-core\3.1.5\jackson-core-3.1.5.jar  C:\Users\jorge\.m2\repository\org\springframework\boot\spring-boot-starter-webmvc\4.1.1\spring-boot-starter-webmvc-4.1.1.jar  C:\Users\jorge\.m2\repository\org\springframework\boot\spring-boot-starter-jackson\4.1.1\spring-boot-starter-jackson-4.1.1.jar  C:\Users\jorge\.m2\repository\org\springframework\boot\spring-boot-starter-tomcat\4.1.1\spring-boot-starter-tomcat-4.1.1.jar  C:\Users\jorge\.m2\repository\org\springframework\boot\spring-boot-starter-tomcat-runtime\4.1.1\spring-boot-starter-tomcat-runtime-4.1.1.jar  C:\Users\jorge\.m2\repository\org\apache\tomcat\embed\tomcat-embed-core\11.0.24\tomcat-embed-core-11.0.24.jar  C:\Users\jorge\.m2\repository\org\apache\tomcat\embed\tomcat-embed-websocket\11.0.24\tomcat-embed-websocket-11.0.24.jar  C:\Users\jorge\.m2\repository\org\springframework\boot\spring-boot-tomcat\4.1.1\spring-boot-tomcat-4.1.1.jar  C:\Users\jorge\.m2\repository\org\springframework\boot\spring-boot-http-converter\4.1.1\spring-boot-http-converter-4.1.1.jar  C:\Users\jorge\.m2\repository\org\springframework\boot\spring-boot-webmvc\4.1.1\spring-boot-webmvc-4.1.1.jar  C:\Users\jorge\.m2\repository\org\springframework\boot\spring-boot-servlet\4.1.1\spring-boot-servlet-4.1.1.jar  C:\Users\jorge\.m2\repository\org\springframework\spring-webmvc\7.0.9\spring-webmvc-7.0.9.jar  C:\Users\jorge\.m2\repository\org\springframework\spring-expression\7.0.9\spring-expression-7.0.9.jar  C:\Users\jorge\.m2\repository\org\flywaydb\flyway-database-postgresql\12.4.0\flyway-database-postgresql-12.4.0.jar  C:\Users\jorge\.m2\repository\org\flywaydb\flyway-core\12.4.0\flyway-core-12.4.0.jar  C:\Users\jorge\.m2\repository\org\postgresql\postgresql\42.7.13\postgresql-42.7.13.jar  C:\Users\jorge\.m2\repository\org\checkerframework\checker-qual\3.55.1\checker-qual-3.55.1.jar  C:\Users\jorge\.m2\repository\org\projectlombok\lombok\1.18.46\lombok-1.18.46.jar  C:\Users\jorge\.m2\repository\org\springframework\boot\spring-boot-starter-data-jpa-test\4.1.1\spring-boot-starter-data-jpa-test-4.1.1.jar  C:\Users\jorge\.m2\repository\org\springframework\boot\spring-boot-starter-test\4.1.1\spring-boot-starter-test-4.1.1.jar  C:\Users\jorge\.m2\repository\org\springframework\boot\spring-boot-test-autoconfigure\4.1.1\spring-boot-test-autoconfigure-4.1.1.jar  C:\Users\jorge\.m2\repository\com\jayway\jsonpath\json-path\2.10.0\json-path-2.10.0.jar  C:\Users\jorge\.m2\repository\jakarta\xml\bind\jakarta.xml.bind-api\4.0.5\jakarta.xml.bind-api-4.0.5.jar  C:\Users\jorge\.m2\repository\jakarta\activation\jakarta.activation-api\2.1.4\jakarta.activation-api-2.1.4.jar  C:\Users\jorge\.m2\repository\net\minidev\json-smart\2.6.0\json-smart-2.6.0.jar  C:\Users\jorge\.m2\repository\net\minidev\accessors-smart\2.6.0\accessors-smart-2.6.0.jar  C:\Users\jorge\.m2\repository\org\ow2\asm\asm\9.7.1\asm-9.7.1.jar  C:\Users\jorge\.m2\repository\org\assertj\assertj-core\3.27.7\assertj-core-3.27.7.jar  C:\Users\jorge\.m2\repository\net\bytebuddy\byte-buddy\1.18.11\byte-buddy-1.18.11.jar  C:\Users\jorge\.m2\repository\org\awaitility\awaitility\4.3.0\awaitility-4.3.0.jar  C:\Users\jorge\.m2\repository\org\hamcrest\hamcrest\3.0\hamcrest-3.0.jar  C:\Users\jorge\.m2\repository\org\junit\jupiter\junit-jupiter\6.0.3\junit-jupiter-6.0.3.jar  C:\Users\jorge\.m2\repository\org\junit\jupiter\junit-jupiter-api\6.0.3\junit-jupiter-api-6.0.3.jar  C:\Users\jorge\.m2\repository\org\opentest4j\opentest4j\1.3.0\opentest4j-1.3.0.jar  C:\Users\jorge\.m2\repository\org\junit\platform\junit-platform-commons\6.0.3\junit-platform-commons-6.0.3.jar  C:\Users\jorge\.m2\repository\org\apiguardian\apiguardian-api\1.1.2\apiguardian-api-1.1.2.jar  C:\Users\jorge\.m2\repository\org\junit\jupiter\junit-jupiter-params\6.0.3\junit-jupiter-params-6.0.3.jar  C:\Users\jorge\.m2\repository\org\junit\jupiter\junit-jupiter-engine\6.0.3\junit-jupiter-engine-6.0.3.jar  C:\Users\jorge\.m2\repository\org\junit\platform\junit-platform-engine\6.0.3\junit-platform-engine-6.0.3.jar  C:\Users\jorge\.m2\repository\org\mockito\mockito-core\5.23.0\mockito-core-5.23.0.jar  C:\Users\jorge\.m2\repository\net\bytebuddy\byte-buddy-agent\1.18.11\byte-buddy-agent-1.18.11.jar  C:\Users\jorge\.m2\repository\org\objenesis\objenesis\3.3\objenesis-3.3.jar  C:\Users\jorge\.m2\repository\org\mockito\mockito-junit-jupiter\5.23.0\mockito-junit-jupiter-5.23.0.jar  C:\Users\jorge\.m2\repository\org\skyscreamer\jsonassert\1.5.3\jsonassert-1.5.3.jar  C:\Users\jorge\.m2\repository\com\vaadin\external\google\android-json\0.0.20131108.vaadin1\android-json-0.0.20131108.vaadin1.jar  C:\Users\jorge\.m2\repository\org\springframework\spring-core\7.0.9\spring-core-7.0.9.jar  C:\Users\jorge\.m2\repository\commons-logging\commons-logging\1.3.6\commons-logging-1.3.6.jar  C:\Users\jorge\.m2\repository\org\jspecify\jspecify\1.0.1\jspecify-1.0.1.jar  C:\Users\jorge\.m2\repository\org\springframework\spring-test\7.0.9\spring-test-7.0.9.jar  C:\Users\jorge\.m2\repository\org\xmlunit\xmlunit-core\2.11.0\xmlunit-core-2.11.0.jar  C:\Users\jorge\.m2\repository\org\springframework\boot\spring-boot-starter-jdbc-test\4.1.1\spring-boot-starter-jdbc-test-4.1.1.jar  C:\Users\jorge\.m2\repository\org\springframework\boot\spring-boot-jdbc-test\4.1.1\spring-boot-jdbc-test-4.1.1.jar  C:\Users\jorge\.m2\repository\org\springframework\boot\spring-boot-data-jpa-test\4.1.1\spring-boot-data-jpa-test-4.1.1.jar  C:\Users\jorge\.m2\repository\org\springframework\boot\spring-boot-jpa-test\4.1.1\spring-boot-jpa-test-4.1.1.jar  C:\Users\jorge\.m2\repository\org\springframework\boot\spring-boot-starter-flyway-test\4.1.1\spring-boot-starter-flyway-test-4.1.1.jar  C:\Users\jorge\.m2\repository\org\springframework\boot\spring-boot-starter-validation-test\4.1.1\spring-boot-starter-validation-test-4.1.1.jar  C:\Users\jorge\.m2\repository\org\springframework\boot\spring-boot-starter-webmvc-test\4.1.1\spring-boot-starter-webmvc-test-4.1.1.jar  C:\Users\jorge\.m2\repository\org\springframework\boot\spring-boot-starter-jackson-test\4.1.1\spring-boot-starter-jackson-test-4.1.1.jar  C:\Users\jorge\.m2\repository\org\springframework\boot\spring-boot-webmvc-test\4.1.1\spring-boot-webmvc-test-4.1.1.jar  C:\Users\jorge\.m2\repository\org\springframework\boot\spring-boot-web-server\4.1.1\spring-boot-web-server-4.1.1.jar  C:\Users\jorge\.m2\repository\org\testcontainers\testcontainers-junit-jupiter\2.0.5\testcontainers-junit-jupiter-2.0.5.jar  C:\Users\jorge\.m2\repository\org\testcontainers\testcontainers\2.0.5\testcontainers-2.0.5.jar  C:\Users\jorge\.m2\repository\org\slf4j\slf4j-api\2.0.18\slf4j-api-2.0.18.jar  C:\Users\jorge\.m2\repository\org\apache\commons\commons-compress\1.28.0\commons-compress-1.28.0.jar  C:\Users\jorge\.m2\repository\commons-codec\commons-codec\1.21.0\commons-codec-1.21.0.jar  C:\Users\jorge\.m2\repository\commons-io\commons-io\2.20.0\commons-io-2.20.0.jar  C:\Users\jorge\.m2\repository\org\apache\commons\commons-lang3\3.20.0\commons-lang3-3.20.0.jar  C:\Users\jorge\.m2\repository\org\rnorth\duct-tape\duct-tape\1.0.8\duct-tape-1.0.8.jar  C:\Users\jorge\.m2\repository\org\jetbrains\annotations\17.0.0\annotations-17.0.0.jar  C:\Users\jorge\.m2\repository\com\github\docker-java\docker-java-api\3.7.1\docker-java-api-3.7.1.jar  C:\Users\jorge\.m2\repository\com\github\docker-java\docker-java-transport-zerodep\3.7.1\docker-java-transport-zerodep-3.7.1.jar  C:\Users\jorge\.m2\repository\com\github\docker-java\docker-java-transport\3.7.1\docker-java-transport-3.7.1.jar  C:\Users\jorge\.m2\repository\net\java\dev\jna\jna\5.18.1\jna-5.18.1.jar  C:\Users\jorge\.m2\repository\org\testcontainers\testcontainers-postgresql\2.0.5\testcontainers-postgresql-2.0.5.jar  C:\Users\jorge\.m2\repository\org\testcontainers\testcontainers-jdbc\2.0.5\testcontainers-jdbc-2.0.5.jar  C:\Users\jorge\.m2\repository\org\testcontainers\testcontainers-database-commons\2.0.5\testcontainers-database-commons-2.0.5.jar  C:\Users\jorge\.m2\repository\org\springframework\boot\spring-boot-testcontainers\4.1.1\spring-boot-testcontainers-4.1.1.jar  C:\Users\jorge\.m2\repository\org\springframework\boot\spring-boot-autoconfigure\4.1.1\spring-boot-autoconfigure-4.1.1.jar  C:\Users\jorge\.m2\repository\org\springframework\boot\spring-boot-resttestclient\4.1.1\spring-boot-resttestclient-4.1.1.jar  C:\Users\jorge\.m2\repository\org\springframework\boot\spring-boot-test\4.1.1\spring-boot-test-4.1.1.jar  C:\Users\jorge\.m2\repository\org\springframework\spring-web\7.0.9\spring-web-7.0.9.jar  C:\Users\jorge\.m2\repository\org\springframework\spring-beans\7.0.9\spring-beans-7.0.9.jar  C:\Users\jorge\.m2\repository\io\micrometer\micrometer-observation\1.17.1\micrometer-observation-1.17.1.jar  C:\Users\jorge\.m2\repository\io\micrometer\micrometer-commons\1.17.1\micrometer-commons-1.17.1.jar  C:\Users\jorge\.m2\repository\org\springframework\boot\spring-boot-restclient\4.1.1\spring-boot-restclient-4.1.1.jar  C:\Users\jorge\.m2\repository\org\springframework\boot\spring-boot\4.1.1\spring-boot-4.1.1.jar  C:\Users\jorge\.m2\repository\org\springframework\spring-context\7.0.9\spring-context-7.0.9.jar  C:\Users\jorge\.m2\repository\org\springframework\boot\spring-boot-http-client\4.1.1\spring-boot-http-client-4.1.1.jar  C:\Users\jorge\.m2\repository\org\apache\maven\surefire\surefire-junit-platform\3.5.6\surefire-junit-platform-3.5.6.jar  C:\Users\jorge\.m2\repository\org\apache\maven\surefire\common-java5\3.5.6\common-java5-3.5.6.jar  C:\Users\jorge\.m2\repository\org\junit\platform\junit-platform-launcher\6.0.3\junit-platform-launcher-6.0.3.jar
[DEBUG] boot(compact) classpath:  surefire-booter-3.5.6.jar  surefire-api-3.5.6.jar  surefire-extensions-spi-3.5.6.jar  surefire-shared-utils-3.5.6.jar  surefire-logger-api-3.5.6.jar  test-classes  classes  spring-boot-starter-data-jpa-4.1.1.jar  spring-boot-starter-4.1.1.jar  spring-boot-starter-logging-4.1.1.jar  logback-classic-1.5.38.jar  logback-core-1.5.38.jar  log4j-to-slf4j-2.25.5.jar  log4j-api-2.25.5.jar  jul-to-slf4j-2.0.18.jar  jakarta.annotation-api-3.0.0.jar  snakeyaml-2.6.jar  spring-boot-starter-jdbc-4.1.1.jar  HikariCP-7.0.2.jar  spring-boot-data-jpa-4.1.1.jar  spring-boot-data-commons-4.1.1.jar  spring-boot-persistence-4.1.1.jar  spring-data-commons-4.1.1.jar  spring-boot-hibernate-4.1.1.jar  spring-boot-jpa-4.1.1.jar  jakarta.persistence-api-3.2.0.jar  hibernate-core-7.4.5.Final.jar  jakarta.transaction-api-2.0.1.jar  hibernate-models-1.1.1.jar  jaxb-runtime-4.0.9.jar  jaxb-core-4.0.9.jar  angus-activation-2.0.3.jar  txw2-4.0.9.jar  istack-commons-runtime-4.1.2.jar  jakarta.inject-api-2.0.1.jar  spring-orm-7.0.9.jar  spring-data-jpa-4.1.1.jar  spring-aop-7.0.9.jar  spring-tx-7.0.9.jar  antlr4-runtime-4.13.2.jar  spring-aspects-7.0.9.jar  aspectjweaver-1.9.25.1.jar  spring-boot-jdbc-4.1.1.jar  spring-boot-sql-4.1.1.jar  spring-boot-transaction-4.1.1.jar  spring-jdbc-7.0.9.jar  spring-boot-starter-flyway-4.1.1.jar  spring-boot-flyway-4.1.1.jar  spring-boot-starter-validation-4.1.1.jar  spring-boot-validation-4.1.1.jar  tomcat-embed-el-11.0.24.jar  hibernate-validator-9.1.3.Final.jar  jakarta.validation-api-3.1.1.jar  jboss-logging-3.6.3.Final.jar  classmate-1.7.3.jar  spring-boot-starter-json-4.1.1.jar  spring-boot-jackson-4.1.1.jar  jackson-databind-3.1.5.jar  jackson-annotations-2.21.jar  jackson-core-3.1.5.jar  spring-boot-starter-webmvc-4.1.1.jar  spring-boot-starter-jackson-4.1.1.jar  spring-boot-starter-tomcat-4.1.1.jar  spring-boot-starter-tomcat-runtime-4.1.1.jar  tomcat-embed-core-11.0.24.jar  tomcat-embed-websocket-11.0.24.jar  spring-boot-tomcat-4.1.1.jar  spring-boot-http-converter-4.1.1.jar  spring-boot-webmvc-4.1.1.jar  spring-boot-servlet-4.1.1.jar  spring-webmvc-7.0.9.jar  spring-expression-7.0.9.jar  flyway-database-postgresql-12.4.0.jar  flyway-core-12.4.0.jar  postgresql-42.7.13.jar  checker-qual-3.55.1.jar  lombok-1.18.46.jar  spring-boot-starter-data-jpa-test-4.1.1.jar  spring-boot-starter-test-4.1.1.jar  spring-boot-test-autoconfigure-4.1.1.jar  json-path-2.10.0.jar  jakarta.xml.bind-api-4.0.5.jar  jakarta.activation-api-2.1.4.jar  json-smart-2.6.0.jar  accessors-smart-2.6.0.jar  asm-9.7.1.jar  assertj-core-3.27.7.jar  byte-buddy-1.18.11.jar  awaitility-4.3.0.jar  hamcrest-3.0.jar  junit-jupiter-6.0.3.jar  junit-jupiter-api-6.0.3.jar  opentest4j-1.3.0.jar  junit-platform-commons-6.0.3.jar  apiguardian-api-1.1.2.jar  junit-jupiter-params-6.0.3.jar  junit-jupiter-engine-6.0.3.jar  junit-platform-engine-6.0.3.jar  mockito-core-5.23.0.jar  byte-buddy-agent-1.18.11.jar  objenesis-3.3.jar  mockito-junit-jupiter-5.23.0.jar  jsonassert-1.5.3.jar  android-json-0.0.20131108.vaadin1.jar  spring-core-7.0.9.jar  commons-logging-1.3.6.jar  jspecify-1.0.1.jar  spring-test-7.0.9.jar  xmlunit-core-2.11.0.jar  spring-boot-starter-jdbc-test-4.1.1.jar  spring-boot-jdbc-test-4.1.1.jar  spring-boot-data-jpa-test-4.1.1.jar  spring-boot-jpa-test-4.1.1.jar  spring-boot-starter-flyway-test-4.1.1.jar  spring-boot-starter-validation-test-4.1.1.jar  spring-boot-starter-webmvc-test-4.1.1.jar  spring-boot-starter-jackson-test-4.1.1.jar  spring-boot-webmvc-test-4.1.1.jar  spring-boot-web-server-4.1.1.jar  testcontainers-junit-jupiter-2.0.5.jar  testcontainers-2.0.5.jar  slf4j-api-2.0.18.jar  commons-compress-1.28.0.jar  commons-codec-1.21.0.jar  commons-io-2.20.0.jar  commons-lang3-3.20.0.jar  duct-tape-1.0.8.jar  annotations-17.0.0.jar  docker-java-api-3.7.1.jar  docker-java-transport-zerodep-3.7.1.jar  docker-java-transport-3.7.1.jar  jna-5.18.1.jar  testcontainers-postgresql-2.0.5.jar  testcontainers-jdbc-2.0.5.jar  testcontainers-database-commons-2.0.5.jar  spring-boot-testcontainers-4.1.1.jar  spring-boot-autoconfigure-4.1.1.jar  spring-boot-resttestclient-4.1.1.jar  spring-boot-test-4.1.1.jar  spring-web-7.0.9.jar  spring-beans-7.0.9.jar  micrometer-observation-1.17.1.jar  micrometer-commons-1.17.1.jar  spring-boot-restclient-4.1.1.jar  spring-boot-4.1.1.jar  spring-context-7.0.9.jar  spring-boot-http-client-4.1.1.jar  surefire-junit-platform-3.5.6.jar  common-java5-3.5.6.jar  junit-platform-launcher-6.0.3.jar
[DEBUG] Forking command line: cmd.exe /X /C ""C:\Program Files\Java\jdk-17\bin\java" -jar C:\Users\jorge\AppData\Local\Temp\surefire6381665301785504050\surefirebooter-20260925213048688_3.jar C:\Users\jorge\AppData\Local\Temp\surefire6381665301785504050 2026-09-25T21-30-48_532-jvmRun1 surefire-20260925213048688_1tmp surefire_0-20260925213048688_2tmp"
[DEBUG] Fork Channel [1] connected to the client.
21:30:49.487 [main] INFO org.testcontainers.DockerClientFactory -- Testcontainers version: 2.0.5
21:30:49.722 [main] INFO org.testcontainers.dockerclient.DockerClientProviderStrategy -- Loaded org.testcontainers.dockerclient.NpipeSocketClientProviderStrategy from ~/.testcontainers.properties, will try it first
21:30:50.090 [main] INFO org.testcontainers.dockerclient.DockerClientProviderStrategy -- Found Docker environment with local Npipe socket (npipe:////./pipe/docker_engine)
21:30:50.091 [main] INFO org.testcontainers.DockerClientFactory -- Docker host IP address is localhost
21:30:50.106 [main] INFO org.testcontainers.DockerClientFactory -- Connected to docker: 
  Server Version: 28.5.1
  API Version: 1.51
  Operating System: Docker Desktop
  Total Memory: 31718 MB
  Labels: 
    com.docker.desktop.address=npipe://\\.\pipe\docker_cli
21:30:50.115 [main] INFO org.testcontainers.images.PullPolicy -- Image pull policy will be performed by: DefaultPullPolicy()
21:30:50.117 [main] INFO org.testcontainers.utility.ImageNameSubstitutor -- Image name substitution will be performed by: DefaultImageNameSubstitutor (composite of 'ConfigurationFileImageNameSubstitutor' and 'PrefixingImageNameSubstitutor')
21:30:50.136 [main] INFO tc.testcontainers/ryuk:0.14.0 -- Creating container for image: testcontainers/ryuk:0.14.0
21:30:50.212 [main] INFO org.testcontainers.utility.RegistryAuthLocator -- Credential helper/store (docker-credential-desktop) does not have credentials for https://index.docker.io/v1/
21:30:50.318 [main] INFO tc.testcontainers/ryuk:0.14.0 -- Container testcontainers/ryuk:0.14.0 is starting: 289fbdded9c577ff6901a1bd72433af63bd6ebec509b22f56b8c3c09308c93d8
21:30:50.599 [main] INFO tc.testcontainers/ryuk:0.14.0 -- Container testcontainers/ryuk:0.14.0 started in PT0.4630832S
21:30:50.604 [main] INFO org.testcontainers.utility.RyukResourceReaper -- Ryuk started - will monitor and terminate Testcontainers containers on JVM exit
21:30:50.605 [main] INFO org.testcontainers.DockerClientFactory -- Checking the system...
21:30:50.605 [main] INFO org.testcontainers.DockerClientFactory -- ?? Docker server version should be at least 1.6.0
[INFO] Running com.example.bank.concurrency.ConcurrencyIT
21:30:50.709 [main] INFO org.springframework.test.context.support.AnnotationConfigContextLoaderUtils -- Could not detect default configuration classes for test class [com.example.bank.concurrency.ConcurrencyIT]: ConcurrencyIT does not declare any static, non-private, non-final, nested classes annotated with @Configuration.
21:30:50.801 [main] INFO org.springframework.boot.test.context.SpringBootTestContextBootstrapper -- Found @SpringBootConfiguration com.example.bank.BankApplication for test class com.example.bank.concurrency.ConcurrencyIT
21:30:50.878 [main] INFO org.springframework.test.context.support.AnnotationConfigContextLoaderUtils -- Could not detect default configuration classes for test class [com.example.bank.concurrency.ConcurrencyIT]: ConcurrencyIT does not declare any static, non-private, non-final, nested classes annotated with @Configuration.
21:30:50.879 [main] INFO org.springframework.test.context.support.AnnotationConfigContextLoaderUtils -- Could not detect default configuration classes for test class [com.example.bank.AbstractIntegrationTest]: AbstractIntegrationTest does not declare any static, non-private, non-final, nested classes annotated with @Configuration.
21:30:50.883 [main] INFO org.springframework.boot.test.context.SpringBootTestContextBootstrapper -- Found @SpringBootConfiguration com.example.bank.BankApplication for test class com.example.bank.concurrency.ConcurrencyIT
21:30:50.909 [main] INFO tc.postgres:16 -- Creating container for image: postgres:16
21:30:50.940 [main] INFO tc.postgres:16 -- Container postgres:16 is starting: 3f8d8c0705d6629e51ad7d498dc47f3546c681beed80f0d69fc40bf4b348ed31
21:30:52.007 [main] INFO tc.postgres:16 -- Container postgres:16 started in PT1.0982653S
21:30:52.007 [main] INFO tc.postgres:16 -- Container is started (JDBC URL: jdbc:postgresql://localhost:53145/bank_test?loggerLevel=OFF)

  .   ____          _            __ _ _
 /\\ / ___'_ __ _ _(_)_ __  __ _ \ \ \ \
( ( )\___ | '_ | '_| | '_ \/ _` | \ \ \ \
 \\/  ___)| |_)| | | | | || (_| |  ) ) ) )
  '  |____| .__|_| |_|_| |_\__, | / / / /
 =========|_|==============|___/=/_/_/_/

 :: Spring Boot ::                (v4.1.1)

2026-09-25T21:30:52.353-06:00  INFO 20264 --- [bank] [           main] c.e.bank.concurrency.ConcurrencyIT       : Starting ConcurrencyIT using Java 17.0.12 with PID 20264 (started by jorge in C:\Users\jorge\Escritorio\Certero_API)
2026-09-25T21:30:52.355-06:00  INFO 20264 --- [bank] [           main] c.e.bank.concurrency.ConcurrencyIT       : The following 1 profile is active: "test"
2026-09-25T21:30:53.010-06:00  INFO 20264 --- [bank] [           main] .s.d.r.c.RepositoryConfigurationDelegate : Bootstrapping Spring Data JPA repositories in DEFAULT mode.
2026-09-25T21:30:53.084-06:00  INFO 20264 --- [bank] [           main] .s.d.r.c.RepositoryConfigurationDelegate : Finished Spring Data repository scanning in 65 ms. Found 2 JPA repository interfaces.
2026-09-25T21:30:53.844-06:00  INFO 20264 --- [bank] [           main] o.s.boot.tomcat.TomcatWebServer          : Tomcat initialized with port 0 (http)
2026-09-25T21:30:53.860-06:00  INFO 20264 --- [bank] [           main] o.apache.catalina.core.StandardService   : Starting service [Tomcat]
2026-09-25T21:30:53.861-06:00  INFO 20264 --- [bank] [           main] o.apache.catalina.core.StandardEngine    : Starting Servlet engine: [Apache Tomcat/11.0.24]
2026-09-25T21:30:53.929-06:00  INFO 20264 --- [bank] [           main] b.w.c.s.WebApplicationContextInitializer : Root WebApplicationContext: initialization completed in 1553 ms
2026-09-25T21:30:54.433-06:00  INFO 20264 --- [bank] [           main] com.zaxxer.hikari.HikariDataSource       : HikariPool-1 - Starting...
2026-09-25T21:30:54.589-06:00  INFO 20264 --- [bank] [           main] com.zaxxer.hikari.pool.HikariPool        : HikariPool-1 - Added connection org.postgresql.jdbc.PgConnection@3ee68eb2
2026-09-25T21:30:54.591-06:00  INFO 20264 --- [bank] [           main] com.zaxxer.hikari.HikariDataSource       : HikariPool-1 - Start completed.
2026-09-25T21:30:54.610-06:00  INFO 20264 --- [bank] [           main] org.flywaydb.core.FlywayExecutor         : Database: jdbc:postgresql://localhost:53145/bank_test?loggerLevel=OFF (PostgreSQL 16.15)
2026-09-25T21:30:54.671-06:00  INFO 20264 --- [bank] [           main] o.f.c.i.s.JdbcTableSchemaHistory         : Schema history table "public"."flyway_schema_history" does not exist yet
2026-09-25T21:30:54.675-06:00  INFO 20264 --- [bank] [           main] o.f.core.internal.command.DbValidate     : Successfully validated 1 migration (execution time 00:00.017s)
2026-09-25T21:30:54.689-06:00  INFO 20264 --- [bank] [           main] o.f.c.i.s.JdbcTableSchemaHistory         : Creating Schema History table "public"."flyway_schema_history" ...
2026-09-25T21:30:54.762-06:00  INFO 20264 --- [bank] [           main] o.f.core.internal.command.DbMigrate      : Current version of schema "public": << Empty Schema >>
2026-09-25T21:30:54.778-06:00  INFO 20264 --- [bank] [           main] o.f.core.internal.command.DbMigrate      : Migrating schema "public" to version "1 - init"
2026-09-25T21:30:54.834-06:00  INFO 20264 --- [bank] [           main] o.f.core.internal.command.DbMigrate      : Successfully applied 1 migration to schema "public", now at version v1 (execution time 00:00.016s)
2026-09-25T21:30:54.983-06:00  INFO 20264 --- [bank] [           main] org.hibernate.orm.jpa                    : HHH008540: Processing PersistenceUnitInfo [name: default]
2026-09-25T21:30:55.048-06:00  INFO 20264 --- [bank] [           main] org.hibernate.orm.core                   : HHH000001: Hibernate ORM core version 7.4.5.Final
2026-09-25T21:30:55.421-06:00  INFO 20264 --- [bank] [           main] o.s.o.j.p.SpringPersistenceUnitInfo      : No LoadTimeWeaver setup: ignoring JPA class transformer
2026-09-25T21:30:55.500-06:00  INFO 20264 --- [bank] [           main] org.hibernate.orm.connections.pooling    : HHH10001005: Database info:
	Database JDBC URL [jdbc:postgresql://localhost:53145/bank_test?loggerLevel=OFF]
	Database driver: PostgreSQL JDBC Driver
	Database dialect: PostgreSQLDialect
	Database version: 16.15
	Default catalog/schema: bank_test/public
	Autocommit mode: undefined/unknown
	Isolation level: READ_COMMITTED [default READ_COMMITTED]
	JDBC fetch size: none
	Pool: DataSourceConnectionProvider
	Minimum pool size: undefined/unknown
	Maximum pool size: undefined/unknown
2026-09-25T21:30:55.518-06:00  INFO 20264 --- [bank] [           main] org.hibernate.orm.incubating             : HHH90006001: Setting 'hibernate.type.preferred_instant_jdbc_type' is still incubating (see Javadoc of corresponding member of 'org.hibernate.cfg.AvailableSettings')
2026-09-25T21:30:55.627-06:00  INFO 20264 --- [bank] [           main] org.hibernate.orm.incubating             : HHH90006001: Setting 'hibernate.type.preferred_instant_jdbc_type' is still incubating (see Javadoc of corresponding member of 'org.hibernate.cfg.AvailableSettings')
2026-09-25T21:30:55.627-06:00  INFO 20264 --- [bank] [           main] org.hibernate.orm.incubating             : HHH90006001: Setting 'hibernate.type.preferred_instant_jdbc_type' is still incubating (see Javadoc of corresponding member of 'org.hibernate.cfg.AvailableSettings')
2026-09-25T21:30:55.643-06:00  INFO 20264 --- [bank] [           main] org.hibernate.orm.incubating             : HHH90006001: Setting 'hibernate.type.preferred_instant_jdbc_type' is still incubating (see Javadoc of corresponding member of 'org.hibernate.cfg.AvailableSettings')
2026-09-25T21:30:56.189-06:00  INFO 20264 --- [bank] [           main] org.hibernate.orm.core                   : HHH000489: No JTA platform available (set 'hibernate.transaction.jta.platform' to enable JTA platform integration)
2026-09-25T21:30:56.227-06:00  INFO 20264 --- [bank] [           main] j.LocalContainerEntityManagerFactoryBean : Initialized JPA EntityManagerFactory for persistence unit 'default'
2026-09-25T21:30:56.296-06:00  INFO 20264 --- [bank] [           main] o.s.d.j.r.query.QueryEnhancerFactories   : Hibernate is in classpath; If applicable, HQL parser will be used.
2026-09-25T21:30:57.644-06:00  INFO 20264 --- [bank] [           main] o.s.boot.tomcat.TomcatWebServer          : Tomcat started on port 53158 (http) with context path '/'
2026-09-25T21:30:57.654-06:00  INFO 20264 --- [bank] [           main] c.e.bank.concurrency.ConcurrencyIT       : Started ConcurrencyIT in 5.61 seconds (process running for 8.85)
2026-09-25T21:30:57.662-06:00  WARN 20264 --- [bank] [           main] o.s.test.context.TestContextManager      : Caught exception while allowing TestExecutionListener [org.springframework.test.context.support.DependencyInjectionTestExecutionListener] to prepare test instance [com.example.bank.concurrency.ConcurrencyIT@7dfe23c2]

org.springframework.beans.factory.UnsatisfiedDependencyException: Error creating bean with name 'com.example.bank.concurrency.ConcurrencyIT': Unsatisfied dependency expressed through field 'rest': No qualifying bean of type 'org.springframework.boot.resttestclient.TestRestTemplate' available: expected at least 1 bean which qualifies as autowire candidate. Dependency annotations: {@org.springframework.beans.factory.annotation.Autowired(required=true)}
	at org.springframework.beans.factory.annotation.AutowiredAnnotationBeanPostProcessor$AutowiredFieldElement.resolveFieldValue(AutowiredAnnotationBeanPostProcessor.java:767) ~[spring-beans-7.0.9.jar:7.0.9]
	at org.springframework.beans.factory.annotation.AutowiredAnnotationBeanPostProcessor$AutowiredFieldElement.inject(AutowiredAnnotationBeanPostProcessor.java:748) ~[spring-beans-7.0.9.jar:7.0.9]
	at org.springframework.beans.factory.annotation.InjectionMetadata.inject(InjectionMetadata.java:146) ~[spring-beans-7.0.9.jar:7.0.9]
	at org.springframework.beans.factory.annotation.AutowiredAnnotationBeanPostProcessor.postProcessProperties(AutowiredAnnotationBeanPostProcessor.java:493) ~[spring-beans-7.0.9.jar:7.0.9]
	at org.springframework.beans.factory.support.AbstractAutowireCapableBeanFactory.populateBean(AbstractAutowireCapableBeanFactory.java:1444) ~[spring-beans-7.0.9.jar:7.0.9]
	at org.springframework.beans.factory.support.AbstractAutowireCapableBeanFactory.autowireBeanProperties(AbstractAutowireCapableBeanFactory.java:402) ~[spring-beans-7.0.9.jar:7.0.9]
	at org.springframework.test.context.support.DependencyInjectionTestExecutionListener.injectDependencies(DependencyInjectionTestExecutionListener.java:157) ~[spring-test-7.0.9.jar:7.0.9]
	at org.springframework.test.context.support.DependencyInjectionTestExecutionListener.prepareTestInstance(DependencyInjectionTestExecutionListener.java:111) ~[spring-test-7.0.9.jar:7.0.9]
	at org.springframework.test.context.TestContextManager.prepareTestInstance(TestContextManager.java:260) ~[spring-test-7.0.9.jar:7.0.9]
	at org.springframework.test.context.junit.jupiter.SpringExtension.postProcessTestInstance(SpringExtension.java:242) ~[spring-test-7.0.9.jar:7.0.9]
	at org.junit.jupiter.engine.descriptor.ClassBasedTestDescriptor.lambda$invokeTestInstancePostProcessors$1(ClassBasedTestDescriptor.java:423) ~[junit-jupiter-engine-6.0.3.jar:6.0.3]
	at org.junit.jupiter.engine.descriptor.ClassBasedTestDescriptor.executeAndMaskThrowable(ClassBasedTestDescriptor.java:428) ~[junit-jupiter-engine-6.0.3.jar:6.0.3]
	at org.junit.jupiter.engine.descriptor.ClassBasedTestDescriptor.lambda$invokeTestInstancePostProcessors$0(ClassBasedTestDescriptor.java:422) ~[junit-jupiter-engine-6.0.3.jar:6.0.3]
	at java.base/java.util.stream.ForEachOps$ForEachOp$OfRef.accept(ForEachOps.java:183) ~[na:na]
	at java.base/java.util.stream.ReferencePipeline$3$1.accept(ReferencePipeline.java:197) ~[na:na]
	at java.base/java.util.stream.ReferencePipeline$2$1.accept(ReferencePipeline.java:179) ~[na:na]
	at java.base/java.util.stream.ReferencePipeline$3$1.accept(ReferencePipeline.java:197) ~[na:na]
	at java.base/java.util.ArrayList$ArrayListSpliterator.forEachRemaining(ArrayList.java:1625) ~[na:na]
	at java.base/java.util.stream.AbstractPipeline.copyInto(AbstractPipeline.java:509) ~[na:na]
	at java.base/java.util.stream.AbstractPipeline.wrapAndCopyInto(AbstractPipeline.java:499) ~[na:na]
	at java.base/java.util.stream.ForEachOps$ForEachOp.evaluateSequential(ForEachOps.java:150) ~[na:na]
	at java.base/java.util.stream.ForEachOps$ForEachOp$OfRef.evaluateSequential(ForEachOps.java:173) ~[na:na]
	at java.base/java.util.stream.AbstractPipeline.evaluate(AbstractPipeline.java:234) ~[na:na]
	at java.base/java.util.stream.ReferencePipeline.forEach(ReferencePipeline.java:596) ~[na:na]
	at org.junit.jupiter.engine.descriptor.ClassBasedTestDescriptor.invokeTestInstancePostProcessors(ClassBasedTestDescriptor.java:422) ~[junit-jupiter-engine-6.0.3.jar:6.0.3]
	at org.junit.jupiter.engine.descriptor.ClassBasedTestDescriptor.lambda$instantiateAndPostProcessTestInstance$0(ClassBasedTestDescriptor.java:334) ~[junit-jupiter-engine-6.0.3.jar:6.0.3]
	at org.junit.platform.engine.support.hierarchical.ThrowableCollector.execute(ThrowableCollector.java:74) ~[junit-platform-engine-6.0.3.jar:6.0.3]
	at org.junit.jupiter.engine.descriptor.ClassBasedTestDescriptor.instantiateAndPostProcessTestInstance(ClassBasedTestDescriptor.java:333) ~[junit-jupiter-engine-6.0.3.jar:6.0.3]
	at org.junit.jupiter.engine.descriptor.ClassBasedTestDescriptor.lambda$testInstancesProvider$1(ClassBasedTestDescriptor.java:322) ~[junit-jupiter-engine-6.0.3.jar:6.0.3]
	at java.base/java.util.Optional.orElseGet(Optional.java:364) ~[na:na]
	at org.junit.jupiter.engine.descriptor.ClassBasedTestDescriptor.lambda$testInstancesProvider$0(ClassBasedTestDescriptor.java:321) ~[junit-jupiter-engine-6.0.3.jar:6.0.3]
	at org.junit.jupiter.engine.execution.TestInstancesProvider.getTestInstances(TestInstancesProvider.java:27) ~[junit-jupiter-engine-6.0.3.jar:6.0.3]
	at org.junit.jupiter.engine.descriptor.TestMethodTestDescriptor.lambda$prepare$0(TestMethodTestDescriptor.java:127) ~[junit-jupiter-engine-6.0.3.jar:6.0.3]
	at org.junit.platform.engine.support.hierarchical.ThrowableCollector.execute(ThrowableCollector.java:74) ~[junit-platform-engine-6.0.3.jar:6.0.3]
	at org.junit.jupiter.engine.descriptor.TestMethodTestDescriptor.prepare(TestMethodTestDescriptor.java:126) ~[junit-jupiter-engine-6.0.3.jar:6.0.3]
	at org.junit.jupiter.engine.descriptor.TestMethodTestDescriptor.prepare(TestMethodTestDescriptor.java:70) ~[junit-jupiter-engine-6.0.3.jar:6.0.3]
	at org.junit.platform.engine.support.hierarchical.NodeTestTask.lambda$prepare$0(NodeTestTask.java:144) ~[junit-platform-engine-6.0.3.jar:6.0.3]
	at org.junit.platform.engine.support.hierarchical.ThrowableCollector.execute(ThrowableCollector.java:74) ~[junit-platform-engine-6.0.3.jar:6.0.3]
	at org.junit.platform.engine.support.hierarchical.NodeTestTask.prepare(NodeTestTask.java:144) ~[junit-platform-engine-6.0.3.jar:6.0.3]
	at org.junit.platform.engine.support.hierarchical.NodeTestTask.execute(NodeTestTask.java:110) ~[junit-platform-engine-6.0.3.jar:6.0.3]
	at java.base/java.util.ArrayList.forEach(ArrayList.java:1511) ~[na:na]
	at org.junit.platform.engine.support.hierarchical.SameThreadHierarchicalTestExecutorService.invokeAll(SameThreadHierarchicalTestExecutorService.java:42) ~[junit-platform-engine-6.0.3.jar:6.0.3]
	at org.junit.platform.engine.support.hierarchical.NodeTestTask.lambda$executeRecursively$2(NodeTestTask.java:180) ~[junit-platform-engine-6.0.3.jar:6.0.3]
	at org.junit.platform.engine.support.hierarchical.ThrowableCollector.execute(ThrowableCollector.java:74) ~[junit-platform-engine-6.0.3.jar:6.0.3]
	at org.junit.platform.engine.support.hierarchical.NodeTestTask.lambda$executeRecursively$1(NodeTestTask.java:166) ~[junit-platform-engine-6.0.3.jar:6.0.3]
	at org.junit.platform.engine.support.hierarchical.Node.around(Node.java:138) ~[junit-platform-engine-6.0.3.jar:6.0.3]
	at org.junit.platform.engine.support.hierarchical.NodeTestTask.lambda$executeRecursively$0(NodeTestTask.java:164) ~[junit-platform-engine-6.0.3.jar:6.0.3]
	at org.junit.platform.engine.support.hierarchical.ThrowableCollector.execute(ThrowableCollector.java:74) ~[junit-platform-engine-6.0.3.jar:6.0.3]
	at org.junit.platform.engine.support.hierarchical.NodeTestTask.executeRecursively(NodeTestTask.java:163) ~[junit-platform-engine-6.0.3.jar:6.0.3]
	at org.junit.platform.engine.support.hierarchical.NodeTestTask.execute(NodeTestTask.java:116) ~[junit-platform-engine-6.0.3.jar:6.0.3]
	at java.base/java.util.ArrayList.forEach(ArrayList.java:1511) ~[na:na]
	at org.junit.platform.engine.support.hierarchical.SameThreadHierarchicalTestExecutorService.invokeAll(SameThreadHierarchicalTestExecutorService.java:42) ~[junit-platform-engine-6.0.3.jar:6.0.3]
	at org.junit.platform.engine.support.hierarchical.NodeTestTask.lambda$executeRecursively$2(NodeTestTask.java:180) ~[junit-platform-engine-6.0.3.jar:6.0.3]
	at org.junit.platform.engine.support.hierarchical.ThrowableCollector.execute(ThrowableCollector.java:74) ~[junit-platform-engine-6.0.3.jar:6.0.3]
	at org.junit.platform.engine.support.hierarchical.NodeTestTask.lambda$executeRecursively$1(NodeTestTask.java:166) ~[junit-platform-engine-6.0.3.jar:6.0.3]
	at org.junit.platform.engine.support.hierarchical.Node.around(Node.java:138) ~[junit-platform-engine-6.0.3.jar:6.0.3]
	at org.junit.platform.engine.support.hierarchical.NodeTestTask.lambda$executeRecursively$0(NodeTestTask.java:164) ~[junit-platform-engine-6.0.3.jar:6.0.3]
	at org.junit.platform.engine.support.hierarchical.ThrowableCollector.execute(ThrowableCollector.java:74) ~[junit-platform-engine-6.0.3.jar:6.0.3]
	at org.junit.platform.engine.support.hierarchical.NodeTestTask.executeRecursively(NodeTestTask.java:163) ~[junit-platform-engine-6.0.3.jar:6.0.3]
	at org.junit.platform.engine.support.hierarchical.NodeTestTask.execute(NodeTestTask.java:116) ~[junit-platform-engine-6.0.3.jar:6.0.3]
	at org.junit.platform.engine.support.hierarchical.SameThreadHierarchicalTestExecutorService.submit(SameThreadHierarchicalTestExecutorService.java:36) ~[junit-platform-engine-6.0.3.jar:6.0.3]
	at org.junit.platform.engine.support.hierarchical.HierarchicalTestExecutor.execute(HierarchicalTestExecutor.java:52) ~[junit-platform-engine-6.0.3.jar:6.0.3]
	at org.junit.platform.engine.support.hierarchical.HierarchicalTestEngine.execute(HierarchicalTestEngine.java:58) ~[junit-platform-engine-6.0.3.jar:6.0.3]
	at org.junit.platform.launcher.core.EngineExecutionOrchestrator.executeEngine(EngineExecutionOrchestrator.java:246) ~[junit-platform-launcher-6.0.3.jar:6.0.3]
	at org.junit.platform.launcher.core.EngineExecutionOrchestrator.failOrExecuteEngine(EngineExecutionOrchestrator.java:218) ~[junit-platform-launcher-6.0.3.jar:6.0.3]
	at org.junit.platform.launcher.core.EngineExecutionOrchestrator.execute(EngineExecutionOrchestrator.java:179) ~[junit-platform-launcher-6.0.3.jar:6.0.3]
	at org.junit.platform.launcher.core.EngineExecutionOrchestrator.execute(EngineExecutionOrchestrator.java:108) ~[junit-platform-launcher-6.0.3.jar:6.0.3]
	at org.junit.platform.launcher.core.EngineExecutionOrchestrator.lambda$execute$0(EngineExecutionOrchestrator.java:66) ~[junit-platform-launcher-6.0.3.jar:6.0.3]
	at org.junit.platform.launcher.core.EngineExecutionOrchestrator.withInterceptedStreams(EngineExecutionOrchestrator.java:157) ~[junit-platform-launcher-6.0.3.jar:6.0.3]
	at org.junit.platform.launcher.core.EngineExecutionOrchestrator.execute(EngineExecutionOrchestrator.java:65) ~[junit-platform-launcher-6.0.3.jar:6.0.3]
	at org.junit.platform.launcher.core.DefaultLauncher.execute(DefaultLauncher.java:125) ~[junit-platform-launcher-6.0.3.jar:6.0.3]
	at org.junit.platform.launcher.core.DefaultLauncher.execute(DefaultLauncher.java:114) ~[junit-platform-launcher-6.0.3.jar:6.0.3]
	at org.junit.platform.launcher.core.DelegatingLauncher.execute(DelegatingLauncher.java:58) ~[junit-platform-launcher-6.0.3.jar:6.0.3]
	at org.junit.platform.launcher.core.InterceptingLauncher.lambda$execute$2(InterceptingLauncher.java:57) ~[junit-platform-launcher-6.0.3.jar:6.0.3]
	at org.junit.platform.launcher.core.ClasspathAlignmentCheckingLauncherInterceptor.intercept(ClasspathAlignmentCheckingLauncherInterceptor.java:25) ~[junit-platform-launcher-6.0.3.jar:6.0.3]
	at org.junit.platform.launcher.core.InterceptingLauncher.execute(InterceptingLauncher.java:56) ~[junit-platform-launcher-6.0.3.jar:6.0.3]
	at org.junit.platform.launcher.core.DelegatingLauncher.execute(DelegatingLauncher.java:58) ~[junit-platform-launcher-6.0.3.jar:6.0.3]
	at java.base/jdk.internal.reflect.NativeMethodAccessorImpl.invoke0(Native Method) ~[na:na]
	at java.base/jdk.internal.reflect.NativeMethodAccessorImpl.invoke(NativeMethodAccessorImpl.java:77) ~[na:na]
	at java.base/jdk.internal.reflect.DelegatingMethodAccessorImpl.invoke(DelegatingMethodAccessorImpl.java:43) ~[na:na]
	at java.base/java.lang.reflect.Method.invoke(Method.java:568) ~[na:na]
	at org.apache.maven.surefire.api.util.ReflectionUtils.invokeMethodWithArray(ReflectionUtils.java:125) ~[surefire-api-3.5.6.jar:3.5.6]
	at org.apache.maven.surefire.junitplatform.LauncherAdapter.executeWithCancellationToken(LauncherAdapter.java:68) ~[surefire-junit-platform-3.5.6.jar:3.5.6]
	at org.apache.maven.surefire.junitplatform.LauncherAdapter.execute(LauncherAdapter.java:54) ~[surefire-junit-platform-3.5.6.jar:3.5.6]
	at org.apache.maven.surefire.junitplatform.JUnitPlatformProvider.execute(JUnitPlatformProvider.java:203) ~[surefire-junit-platform-3.5.6.jar:3.5.6]
	at org.apache.maven.surefire.junitplatform.JUnitPlatformProvider.invokeAllTests(JUnitPlatformProvider.java:168) ~[surefire-junit-platform-3.5.6.jar:3.5.6]
	at org.apache.maven.surefire.junitplatform.JUnitPlatformProvider.invoke(JUnitPlatformProvider.java:136) ~[surefire-junit-platform-3.5.6.jar:3.5.6]
	at org.apache.maven.surefire.booter.ForkedBooter.runSuitesInProcess(ForkedBooter.java:385) ~[surefire-booter-3.5.6.jar:3.5.6]
	at org.apache.maven.surefire.booter.ForkedBooter.execute(ForkedBooter.java:162) ~[surefire-booter-3.5.6.jar:3.5.6]
	at org.apache.maven.surefire.booter.ForkedBooter.run(ForkedBooter.java:507) ~[surefire-booter-3.5.6.jar:3.5.6]
	at org.apache.maven.surefire.booter.ForkedBooter.main(ForkedBooter.java:495) ~[surefire-booter-3.5.6.jar:3.5.6]
Caused by: org.springframework.beans.factory.NoSuchBeanDefinitionException: No qualifying bean of type 'org.springframework.boot.resttestclient.TestRestTemplate' available: expected at least 1 bean which qualifies as autowire candidate. Dependency annotations: {@org.springframework.beans.factory.annotation.Autowired(required=true)}
	at org.springframework.beans.factory.support.DefaultListableBeanFactory.raiseNoMatchingBeanFound(DefaultListableBeanFactory.java:2304) ~[spring-beans-7.0.9.jar:7.0.9]
	at org.springframework.beans.factory.support.DefaultListableBeanFactory.doResolveDependency(DefaultListableBeanFactory.java:1732) ~[spring-beans-7.0.9.jar:7.0.9]
	at org.springframework.beans.factory.support.DefaultListableBeanFactory.resolveDependency(DefaultListableBeanFactory.java:1658) ~[spring-beans-7.0.9.jar:7.0.9]
	at org.springframework.beans.factory.annotation.AutowiredAnnotationBeanPostProcessor$AutowiredFieldElement.resolveFieldValue(AutowiredAnnotationBeanPostProcessor.java:764) ~[spring-beans-7.0.9.jar:7.0.9]
	... 90 common frames omitted

[ERROR] Tests run: 1, Failures: 0, Errors: 1, Skipped: 0, Time elapsed: 7.585 s <<< FAILURE! -- in com.example.bank.concurrency.ConcurrencyIT
[ERROR] com.example.bank.concurrency.ConcurrencyIT.concurrentBidirectionalTransfers_preserveMoneyAndNeverGoNegative -- Time elapsed: 0.016 s <<< ERROR!
org.springframework.beans.factory.UnsatisfiedDependencyException: Error creating bean with name 'com.example.bank.concurrency.ConcurrencyIT': Unsatisfied dependency expressed through field 'rest': No qualifying bean of type 'org.springframework.boot.resttestclient.TestRestTemplate' available: expected at least 1 bean which qualifies as autowire candidate. Dependency annotations: {@org.springframework.beans.factory.annotation.Autowired(required=true)}
	at org.springframework.beans.factory.annotation.AutowiredAnnotationBeanPostProcessor$AutowiredFieldElement.resolveFieldValue(AutowiredAnnotationBeanPostProcessor.java:767)
	at org.springframework.beans.factory.annotation.AutowiredAnnotationBeanPostProcessor$AutowiredFieldElement.inject(AutowiredAnnotationBeanPostProcessor.java:748)
	at org.springframework.beans.factory.annotation.InjectionMetadata.inject(InjectionMetadata.java:146)
	at org.springframework.beans.factory.annotation.AutowiredAnnotationBeanPostProcessor.postProcessProperties(AutowiredAnnotationBeanPostProcessor.java:493)
	at org.springframework.beans.factory.support.AbstractAutowireCapableBeanFactory.populateBean(AbstractAutowireCapableBeanFactory.java:1444)
	at org.springframework.beans.factory.support.AbstractAutowireCapableBeanFactory.autowireBeanProperties(AbstractAutowireCapableBeanFactory.java:402)
	at org.springframework.test.context.support.DependencyInjectionTestExecutionListener.injectDependencies(DependencyInjectionTestExecutionListener.java:157)
	at org.springframework.test.context.support.DependencyInjectionTestExecutionListener.prepareTestInstance(DependencyInjectionTestExecutionListener.java:111)
	at org.springframework.test.context.TestContextManager.prepareTestInstance(TestContextManager.java:260)
	at org.springframework.test.context.junit.jupiter.SpringExtension.postProcessTestInstance(SpringExtension.java:242)
	at java.base/java.util.stream.ForEachOps$ForEachOp$OfRef.accept(ForEachOps.java:183)
	at java.base/java.util.stream.ReferencePipeline$3$1.accept(ReferencePipeline.java:197)
	at java.base/java.util.stream.ReferencePipeline$2$1.accept(ReferencePipeline.java:179)
	at java.base/java.util.stream.ReferencePipeline$3$1.accept(ReferencePipeline.java:197)
	at java.base/java.util.ArrayList$ArrayListSpliterator.forEachRemaining(ArrayList.java:1625)
	at java.base/java.util.stream.AbstractPipeline.copyInto(AbstractPipeline.java:509)
	at java.base/java.util.stream.AbstractPipeline.wrapAndCopyInto(AbstractPipeline.java:499)
	at java.base/java.util.stream.ForEachOps$ForEachOp.evaluateSequential(ForEachOps.java:150)
	at java.base/java.util.stream.ForEachOps$ForEachOp$OfRef.evaluateSequential(ForEachOps.java:173)
	at java.base/java.util.stream.AbstractPipeline.evaluate(AbstractPipeline.java:234)
	at java.base/java.util.stream.ReferencePipeline.forEach(ReferencePipeline.java:596)
	at java.base/java.util.Optional.orElseGet(Optional.java:364)
	at java.base/java.util.ArrayList.forEach(ArrayList.java:1511)
	at java.base/java.util.ArrayList.forEach(ArrayList.java:1511)
Caused by: org.springframework.beans.factory.NoSuchBeanDefinitionException: No qualifying bean of type 'org.springframework.boot.resttestclient.TestRestTemplate' available: expected at least 1 bean which qualifies as autowire candidate. Dependency annotations: {@org.springframework.beans.factory.annotation.Autowired(required=true)}
	at org.springframework.beans.factory.support.DefaultListableBeanFactory.raiseNoMatchingBeanFound(DefaultListableBeanFactory.java:2304)
	at org.springframework.beans.factory.support.DefaultListableBeanFactory.doResolveDependency(DefaultListableBeanFactory.java:1732)
	at org.springframework.beans.factory.support.DefaultListableBeanFactory.resolveDependency(DefaultListableBeanFactory.java:1658)
	at org.springframework.beans.factory.annotation.AutowiredAnnotationBeanPostProcessor$AutowiredFieldElement.resolveFieldValue(AutowiredAnnotationBeanPostProcessor.java:764)
	... 23 more

[DEBUG] Closing the fork 1 after saying GoodBye.
[INFO] 
[INFO] Results:
[INFO] 
[ERROR] Errors: 
[ERROR]   ConcurrencyIT.concurrentBidirectionalTransfers_preserveMoneyAndNeverGoNegative ╗ UnsatisfiedDependency Error creating bean with name 'com.example.bank.concurrency.ConcurrencyIT': Unsatisfied dependency expressed through field 'rest': No qualifying bean of type 'org.springframework.boot.resttestclient.TestRestTemplate' available: expected at least 1 bean which qualifies as autowire candidate. Dependency annotations: {@org.springframework.beans.factory.annotation.Autowired(required=true)}
[INFO] 
[ERROR] Tests run: 1, Failures: 0, Errors: 1, Skipped: 0
[INFO] 
[INFO] ------------------------------------------------------------------------
[INFO] BUILD FAILURE
[INFO] ------------------------------------------------------------------------
[INFO] Total time:  15.081 s
[INFO] Finished at: 2026-09-25T21:30:58-06:00
[INFO] ------------------------------------------------------------------------
[ERROR] Failed to execute goal org.apache.maven.plugins:maven-surefire-plugin:3.5.6:test (default-test) on project bank: 
[ERROR] 
[ERROR] See C:\Users\jorge\Escritorio\Certero_API\target\surefire-reports for the individual test results.
[ERROR] See dump files (if any exist) [date].dump, [date]-jvmRun[N].dump and [date].dumpstream.
[ERROR] -> [Help 1]
org.apache.maven.lifecycle.LifecycleExecutionException: Failed to execute goal org.apache.maven.plugins:maven-surefire-plugin:3.5.6:test (default-test) on project bank: 

See C:\Users\jorge\Escritorio\Certero_API\target\surefire-reports for the individual test results.
See dump files (if any exist) [date].dump, [date]-jvmRun[N].dump and [date].dumpstream.
    at org.apache.maven.lifecycle.internal.MojoExecutor.doExecute2 (MojoExecutor.java:333)
    at org.apache.maven.lifecycle.internal.MojoExecutor.doExecute (MojoExecutor.java:316)
    at org.apache.maven.lifecycle.internal.MojoExecutor.execute (MojoExecutor.java:212)
    at org.apache.maven.lifecycle.internal.MojoExecutor.execute (MojoExecutor.java:174)
    at org.apache.maven.lifecycle.internal.MojoExecutor.access$000 (MojoExecutor.java:75)
    at org.apache.maven.lifecycle.internal.MojoExecutor$1.run (MojoExecutor.java:162)
    at org.apache.maven.plugin.DefaultMojosExecutionStrategy.execute (DefaultMojosExecutionStrategy.java:39)
    at org.apache.maven.lifecycle.internal.MojoExecutor.execute (MojoExecutor.java:159)
    at org.apache.maven.lifecycle.internal.LifecycleModuleBuilder.buildProject (LifecycleModuleBuilder.java:105)
    at org.apache.maven.lifecycle.internal.LifecycleModuleBuilder.buildProject (LifecycleModuleBuilder.java:73)
    at org.apache.maven.lifecycle.internal.builder.singlethreaded.SingleThreadedBuilder.build (SingleThreadedBuilder.java:53)
    at org.apache.maven.lifecycle.internal.LifecycleStarter.execute (LifecycleStarter.java:118)
    at org.apache.maven.DefaultMaven.doExecute (DefaultMaven.java:261)
    at org.apache.maven.DefaultMaven.doExecute (DefaultMaven.java:173)
    at org.apache.maven.DefaultMaven.execute (DefaultMaven.java:101)
    at org.apache.maven.cli.MavenCli.execute (MavenCli.java:919)
    at org.apache.maven.cli.MavenCli.doMain (MavenCli.java:285)
    at org.apache.maven.cli.MavenCli.main (MavenCli.java:207)
    at jdk.internal.reflect.NativeMethodAccessorImpl.invoke0 (Native Method)
    at jdk.internal.reflect.NativeMethodAccessorImpl.invoke (NativeMethodAccessorImpl.java:77)
    at jdk.internal.reflect.DelegatingMethodAccessorImpl.invoke (DelegatingMethodAccessorImpl.java:43)
    at java.lang.reflect.Method.invoke (Method.java:568)
    at org.codehaus.plexus.classworlds.launcher.Launcher.launchEnhanced (Launcher.java:255)
    at org.codehaus.plexus.classworlds.launcher.Launcher.launch (Launcher.java:201)
    at org.codehaus.plexus.classworlds.launcher.Launcher.mainWithExitCode (Launcher.java:362)
    at org.codehaus.plexus.classworlds.launcher.Launcher.main (Launcher.java:314)
Caused by: org.apache.maven.plugin.MojoFailureException: 

See C:\Users\jorge\Escritorio\Certero_API\target\surefire-reports for the individual test results.
See dump files (if any exist) [date].dump, [date]-jvmRun[N].dump and [date].dumpstream.
    at org.apache.maven.plugin.surefire.SurefireHelper.throwException (SurefireHelper.java:247)
    at org.apache.maven.plugin.surefire.SurefireHelper.reportExecution (SurefireHelper.java:159)
    at org.apache.maven.plugin.surefire.SurefireMojo.handleSummary (SurefireMojo.java:556)
    at org.apache.maven.plugin.surefire.AbstractSurefireMojo.executeAfterPreconditionsChecked (AbstractSurefireMojo.java:1166)
    at org.apache.maven.plugin.surefire.AbstractSurefireMojo.execute (AbstractSurefireMojo.java:988)
    at org.apache.maven.plugin.DefaultBuildPluginManager.executeMojo (DefaultBuildPluginManager.java:126)
    at org.apache.maven.lifecycle.internal.MojoExecutor.doExecute2 (MojoExecutor.java:328)
    at org.apache.maven.lifecycle.internal.MojoExecutor.doExecute (MojoExecutor.java:316)
    at org.apache.maven.lifecycle.internal.MojoExecutor.execute (MojoExecutor.java:212)
    at org.apache.maven.lifecycle.internal.MojoExecutor.execute (MojoExecutor.java:174)
    at org.apache.maven.lifecycle.internal.MojoExecutor.access$000 (MojoExecutor.java:75)
    at org.apache.maven.lifecycle.internal.MojoExecutor$1.run (MojoExecutor.java:162)
    at org.apache.maven.plugin.DefaultMojosExecutionStrategy.execute (DefaultMojosExecutionStrategy.java:39)
    at org.apache.maven.lifecycle.internal.MojoExecutor.execute (MojoExecutor.java:159)
    at org.apache.maven.lifecycle.internal.LifecycleModuleBuilder.buildProject (LifecycleModuleBuilder.java:105)
    at org.apache.maven.lifecycle.internal.LifecycleModuleBuilder.buildProject (LifecycleModuleBuilder.java:73)
    at org.apache.maven.lifecycle.internal.builder.singlethreaded.SingleThreadedBuilder.build (SingleThreadedBuilder.java:53)
    at org.apache.maven.lifecycle.internal.LifecycleStarter.execute (LifecycleStarter.java:118)
    at org.apache.maven.DefaultMaven.doExecute (DefaultMaven.java:261)
    at org.apache.maven.DefaultMaven.doExecute (DefaultMaven.java:173)
    at org.apache.maven.DefaultMaven.execute (DefaultMaven.java:101)
    at org.apache.maven.cli.MavenCli.execute (MavenCli.java:919)
    at org.apache.maven.cli.MavenCli.doMain (MavenCli.java:285)
    at org.apache.maven.cli.MavenCli.main (MavenCli.java:207)
    at jdk.internal.reflect.NativeMethodAccessorImpl.invoke0 (Native Method)
    at jdk.internal.reflect.NativeMethodAccessorImpl.invoke (NativeMethodAccessorImpl.java:77)
    at jdk.internal.reflect.DelegatingMethodAccessorImpl.invoke (DelegatingMethodAccessorImpl.java:43)
    at java.lang.reflect.Method.invoke (Method.java:568)
    at org.codehaus.plexus.classworlds.launcher.Launcher.launchEnhanced (Launcher.java:255)
    at org.codehaus.plexus.classworlds.launcher.Launcher.launch (Launcher.java:201)
    at org.codehaus.plexus.classworlds.launcher.Launcher.mainWithExitCode (Launcher.java:362)
    at org.codehaus.plexus.classworlds.launcher.Launcher.main (Launcher.java:314)
[ERROR] 
[ERROR] 
[ERROR] For more information about the errors and possible solutions, please read the following articles:
[ERROR] [Help 1] http://cwiki.apache.org/confluence/display/MAVEN/MojoFailureException
[DEBUG] Shutting down adapter factory; available factories [file-lock, rwlock-local, semaphore-local, noop]; available name mappers [discriminating, file-gaecv, file-gav, file-hgaecv, file-hgav, file-static, gaecv, gav, static]
[DEBUG] Shutting down 'file-lock' factory
[DEBUG] Shutting down 'rwlock-local' factory
[DEBUG] Shutting down 'semaphore-local' factory
[DEBUG] Shutting down 'noop' factory
